Profile folder: /home/faye/.goodsync
Loaded 3 jobs from /home/faye/.goodsync/jobs-groups-options.tix.
163134 Parsed Command Line: [[
Global Opt: /list-changes=yes
Global Opt: /ll=2
Command: analyze
Cmd Arg: work_all
]]

=== Job === work_all: 'file:///home/faye/work' <-> 'file:///mnt/DTSE9/work'
163134 -- Analysis Started by Unknown
164404 Analyze has finished with Errors. Click Errors button to see all error items
164404 === Change List Start ===
164404 ?? ERROR: /busybox/rfs-qt/opt/Qtopia/pics/keyboard/End.png
164404 ?? ERROR: /busybox/rfs-qt/opt/Qtopia/pics/keyboard/Home.png
164404 ?? ERROR: /busybox/rfs-qt/opt/Qtopia/pics/mindbreaker/Mindbreaker.png
164404 ?? ERROR: /ct-ng/ct-build/arm-faye-linux-gnueabi/build/build-libc-final/argp/stamp.oS
164404 ?? ERROR: /ct-ng/ct-build/arm-faye-linux-gnueabi/build/build-libc-final/assert/stamp.oS
164404 ?? ERROR: /ct-ng/ct-build/arm-faye-linux-gnueabi/build/build-libc-final/catgets/stamp.oS
164404 ?? ERROR: /ct-ng/ct-build/arm-faye-linux-gnueabi/build/build-libc-final/conform/stamp.oS
164404 ?? ERROR: /ct-ng/ct-build/arm-faye-linux-gnueabi/build/build-libc-final/crypt/stamp.oS
164404 ?? ERROR: /ct-ng/ct-build/arm-faye-linux-gnueabi/build/build-libc-final/csu/stamp.oS
164404 ?? ERROR: /ct-ng/ct-build/arm-faye-linux-gnueabi/build/build-libc-final/ctype/stamp.oS
164404 ?? ERROR: /ct-ng/ct-build/arm-faye-linux-gnueabi/build/build-libc-final/debug/stamp.oS
164404 ?? ERROR: /ct-ng/ct-build/arm-faye-linux-gnueabi/build/build-libc-final/dirent/stamp.oS
164404 ?? ERROR: /ct-ng/ct-build/arm-faye-linux-gnueabi/build/build-libc-final/dlfcn/stamp.oS
164404 ?? ERROR: /ct-ng/ct-build/arm-faye-linux-gnueabi/build/build-libc-final/elf/stamp.oS
164404 ?? ERROR: /ct-ng/ct-build/arm-faye-linux-gnueabi/build/build-libc-final/gmon/stamp.oS
164404 ?? ERROR: /ct-ng/ct-build/arm-faye-linux-gnueabi/build/build-libc-final/gnulib/stamp.oS
164404 ?? ERROR: /ct-ng/ct-build/arm-faye-linux-gnueabi/build/build-libc-final/grp/stamp.oS
164404 ?? ERROR: /ct-ng/ct-build/arm-faye-linux-gnueabi/build/build-libc-final/hesiod/stamp.oS
164404 ?? ERROR: /ct-ng/ct-build/arm-faye-linux-gnueabi/build/build-libc-final/iconv/stamp.oS
164404 ?? ERROR: /ct-ng/ct-build/arm-faye-linux-gnueabi/build/build-libc-final/iconvdata/stamp.oS
164404 ?? ERROR: /ct-ng/ct-build/arm-faye-linux-gnueabi/build/build-libc-final/inet/stamp.oS
164404 ?? ERROR: /ct-ng/ct-build/arm-faye-linux-gnueabi/build/build-libc-final/intl/stamp.oS
164404 ?? ERROR: /ct-ng/ct-build/arm-faye-linux-gnueabi/build/build-libc-final/io/stamp.oS
164404 ?? ERROR: /ct-ng/ct-build/arm-faye-linux-gnueabi/build/build-libc-final/libio/stamp.oS
164404 ?? ERROR: /ct-ng/ct-build/arm-faye-linux-gnueabi/build/build-libc-final/locale/stamp.oS
164404 ?? ERROR: /ct-ng/ct-build/arm-faye-linux-gnueabi/build/build-libc-final/localedata/stamp.oS
164404 ?? ERROR: /ct-ng/ct-build/arm-faye-linux-gnueabi/build/build-libc-final/login/stamp.oS
164404 ?? ERROR: /ct-ng/ct-build/arm-faye-linux-gnueabi/build/build-libc-final/malloc/stamp.oS
164404 ?? ERROR: /ct-ng/ct-build/arm-faye-linux-gnueabi/build/build-libc-final/manual/stamp.oS
164404 ?? ERROR: /ct-ng/ct-build/arm-faye-linux-gnueabi/build/build-libc-final/math/stamp.oS
164404 ?? ERROR: /ct-ng/ct-build/arm-faye-linux-gnueabi/build/build-libc-final/misc/stamp.oS
164404 ?? ERROR: /ct-ng/ct-build/arm-faye-linux-gnueabi/build/build-libc-final/nis/stamp.oS
164404 ?? ERROR: /ct-ng/ct-build/arm-faye-linux-gnueabi/build/build-libc-final/nptl/pthread_atfork.oS
164404 ?? ERROR: /ct-ng/ct-build/arm-faye-linux-gnueabi/build/build-libc-final/nptl/pthread_atfork.oS.d
164404 ?? ERROR: /ct-ng/ct-build/arm-faye-linux-gnueabi/build/build-libc-final/nptl/stamp.oS
164404 ?? ERROR: /ct-ng/ct-build/arm-faye-linux-gnueabi/build/build-libc-final/nptl_db/stamp.oS
164404 ?? ERROR: /ct-ng/ct-build/arm-faye-linux-gnueabi/build/build-libc-final/nscd/stamp.oS
164404 ?? ERROR: /ct-ng/ct-build/arm-faye-linux-gnueabi/build/build-libc-final/nss/stamp.oS
164404 ?? ERROR: /ct-ng/ct-build/arm-faye-linux-gnueabi/build/build-libc-final/po/stamp.oS
164404 ?? ERROR: /ct-ng/ct-build/arm-faye-linux-gnueabi/build/build-libc-final/posix/stamp.oS
164404 ?? ERROR: /ct-ng/ct-build/arm-faye-linux-gnueabi/build/build-libc-final/pwd/stamp.oS
164404 ?? ERROR: /ct-ng/ct-build/arm-faye-linux-gnueabi/build/build-libc-final/resolv/stamp.oS
164404 ?? ERROR: /ct-ng/ct-build/arm-faye-linux-gnueabi/build/build-libc-final/resource/stamp.oS
164404 ?? ERROR: /ct-ng/ct-build/arm-faye-linux-gnueabi/build/build-libc-final/rt/stamp.oS
164404 ?? ERROR: /ct-ng/ct-build/arm-faye-linux-gnueabi/build/build-libc-final/setjmp/stamp.oS
164404 ?? ERROR: /ct-ng/ct-build/arm-faye-linux-gnueabi/build/build-libc-final/shadow/stamp.oS
164404 ?? ERROR: /ct-ng/ct-build/arm-faye-linux-gnueabi/build/build-libc-final/signal/stamp.oS
164404 ?? ERROR: /ct-ng/ct-build/arm-faye-linux-gnueabi/build/build-libc-final/socket/stamp.oS
164404 ?? ERROR: /ct-ng/ct-build/arm-faye-linux-gnueabi/build/build-libc-final/stamp.oS
164404 ?? ERROR: /ct-ng/ct-build/arm-faye-linux-gnueabi/build/build-libc-final/stdio-common/stamp.oS
164404 ?? ERROR: /ct-ng/ct-build/arm-faye-linux-gnueabi/build/build-libc-final/stdlib/stamp.oS
164404 ?? ERROR: /ct-ng/ct-build/arm-faye-linux-gnueabi/build/build-libc-final/streams/stamp.oS
164404 ?? ERROR: /ct-ng/ct-build/arm-faye-linux-gnueabi/build/build-libc-final/string/stamp.oS
164404 ?? ERROR: /ct-ng/ct-build/arm-faye-linux-gnueabi/build/build-libc-final/sunrpc/stamp.oS
164404 ?? ERROR: /ct-ng/ct-build/arm-faye-linux-gnueabi/build/build-libc-final/sysvipc/stamp.oS
164404 ?? ERROR: /ct-ng/ct-build/arm-faye-linux-gnueabi/build/build-libc-final/termios/stamp.oS
164404 ?? ERROR: /ct-ng/ct-build/arm-faye-linux-gnueabi/build/build-libc-final/time/stamp.oS
164404 ?? ERROR: /ct-ng/ct-build/arm-faye-linux-gnueabi/build/build-libc-final/wcsmbs/stamp.oS
164404 ?? ERROR: /ct-ng/ct-build/arm-faye-linux-gnueabi/build/build-libc-final/wctype/stamp.oS
164404 ?? ERROR: /ct-ng/ct-build/arm-faye-linux-gnueabi/build/build-libc-startfiles/csu/stamp.oS
164404 ?? ERROR: /ct-ng/ct-build/arm-faye-linux-gnueabi/build/static-target/share/terminfo/2/2621A
164404 ?? ERROR: /ct-ng/ct-build/arm-faye-linux-gnueabi/build/static-target/share/terminfo/A
164404 ?? ERROR: /ct-ng/ct-build/arm-faye-linux-gnueabi/build/static-target/share/terminfo/E
164404 ?? ERROR: /ct-ng/ct-build/arm-faye-linux-gnueabi/build/static-target/share/terminfo/h/hp2621A
164404 ?? ERROR: /ct-ng/ct-build/arm-faye-linux-gnueabi/build/static-target/share/terminfo/h/hp70092A
164404 ?? ERROR: /ct-ng/ct-build/arm-faye-linux-gnueabi/build/static-target/share/terminfo/L
164404 ?? ERROR: /ct-ng/ct-build/arm-faye-linux-gnueabi/build/static-target/share/terminfo/M
164404 ?? ERROR: /ct-ng/ct-build/arm-faye-linux-gnueabi/build/static-target/share/terminfo/N
164404 ?? ERROR: /ct-ng/ct-build/arm-faye-linux-gnueabi/build/static-target/share/terminfo/P
164404 ?? ERROR: /ct-ng/ct-build/arm-faye-linux-gnueabi/build/static-target/share/terminfo/Q
164405 ?? ERROR: /ct-ng/ct-build/arm-faye-linux-gnueabi/build/static-target/share/terminfo/X
164405 ?? ERROR: /ct-ng/ct-build/arm-faye-linux-gnueabi/buildtools/arm-faye-linux-gnueabi/include/include/linux/netfilter/xt_CONNMARK.h
164405 ?? ERROR: /ct-ng/ct-build/arm-faye-linux-gnueabi/buildtools/arm-faye-linux-gnueabi/include/include/linux/netfilter/xt_DSCP.h
164405 ?? ERROR: /ct-ng/ct-build/arm-faye-linux-gnueabi/buildtools/arm-faye-linux-gnueabi/include/include/linux/netfilter/xt_MARK.h
164405 ?? ERROR: /ct-ng/ct-build/arm-faye-linux-gnueabi/buildtools/arm-faye-linux-gnueabi/include/include/linux/netfilter/xt_RATEEST.h
164405 ?? ERROR: /ct-ng/ct-build/arm-faye-linux-gnueabi/buildtools/arm-faye-linux-gnueabi/include/include/linux/netfilter/xt_TCPMSS.h
164405 ?? ERROR: /ct-ng/ct-build/arm-faye-linux-gnueabi/buildtools/arm-faye-linux-gnueabi/include/include/linux/netfilter_ipv4/ipt_ECN.h
164405 ?? ERROR: /ct-ng/ct-build/arm-faye-linux-gnueabi/buildtools/arm-faye-linux-gnueabi/include/include/linux/netfilter_ipv4/ipt_TTL.h
164405 ?? ERROR: /ct-ng/ct-build/arm-faye-linux-gnueabi/buildtools/arm-faye-linux-gnueabi/include/include/linux/netfilter_ipv6/ip6t_HL.h
164405 ?? ERROR: /ct-ng/ct-build/src/glibc-2.9/ports/sysdeps/m88k/m88100/add_n.S
164405 ?? ERROR: /ct-ng/ct-build/src/glibc-2.9/ports/sysdeps/m88k/m88100/mul_1.S
164405 ?? ERROR: /ct-ng/ct-build/src/glibc-2.9/ports/sysdeps/m88k/m88100/sub_n.S
164405 ?? ERROR: /ct-ng/ct-build/src/glibc-2.9/ports/sysdeps/m88k/m88110/mul_1.S
164406 ?? ERROR: /ct-ng/ct-build/src/linux-3.10.2/include/uapi/linux/netfilter/xt_CONNMARK.h
164406 ?? ERROR: /ct-ng/ct-build/src/linux-3.10.2/include/uapi/linux/netfilter/xt_DSCP.h
164406 ?? ERROR: /ct-ng/ct-build/src/linux-3.10.2/include/uapi/linux/netfilter/xt_MARK.h
164406 ?? ERROR: /ct-ng/ct-build/src/linux-3.10.2/include/uapi/linux/netfilter/xt_RATEEST.h
164406 ?? ERROR: /ct-ng/ct-build/src/linux-3.10.2/include/uapi/linux/netfilter/xt_TCPMSS.h
164406 ?? ERROR: /ct-ng/ct-build/src/linux-3.10.2/include/uapi/linux/netfilter_ipv4/ipt_ECN.h
164406 ?? ERROR: /ct-ng/ct-build/src/linux-3.10.2/include/uapi/linux/netfilter_ipv4/ipt_TTL.h
164406 ?? ERROR: /ct-ng/ct-build/src/linux-3.10.2/include/uapi/linux/netfilter_ipv6/ip6t_HL.h
164406 ?? ERROR: /ct-ng/ct-build/src/linux-3.10.2/net/netfilter/xt_DSCP.c
164406 ?? ERROR: /ct-ng/ct-build/src/linux-3.10.2/net/netfilter/xt_HL.c
164406 ?? ERROR: /ct-ng/ct-build/src/linux-3.10.2/net/netfilter/xt_RATEEST.c
164406 ?? ERROR: /ct-ng/ct-build/src/linux-3.10.2/net/netfilter/xt_TCPMSS.c
164406 ?? ERROR: /ct-ng/ct-toolchain/arm-faye-linux-gnueabi/sysroot/usr/include/linux/netfilter/xt_CONNMARK.h
164406 ?? ERROR: /ct-ng/ct-toolchain/arm-faye-linux-gnueabi/sysroot/usr/include/linux/netfilter/xt_DSCP.h
164406 ?? ERROR: /ct-ng/ct-toolchain/arm-faye-linux-gnueabi/sysroot/usr/include/linux/netfilter/xt_MARK.h
164406 ?? ERROR: /ct-ng/ct-toolchain/arm-faye-linux-gnueabi/sysroot/usr/include/linux/netfilter/xt_RATEEST.h
164406 ?? ERROR: /ct-ng/ct-toolchain/arm-faye-linux-gnueabi/sysroot/usr/include/linux/netfilter/xt_TCPMSS.h
164406 ?? ERROR: /ct-ng/ct-toolchain/arm-faye-linux-gnueabi/sysroot/usr/include/linux/netfilter_ipv4/ipt_ECN.h
164406 ?? ERROR: /ct-ng/ct-toolchain/arm-faye-linux-gnueabi/sysroot/usr/include/linux/netfilter_ipv4/ipt_TTL.h
164406 ?? ERROR: /ct-ng/ct-toolchain/arm-faye-linux-gnueabi/sysroot/usr/include/linux/netfilter_ipv6/ip6t_HL.h
164406 ?? ERROR: /gcc/gcc.4.4.3/arm-none-linux-gnueabi/sys-root/usr/include/linux/netfilter/xt_CONNMARK.h
164406 ?? ERROR: /gcc/gcc.4.4.3/arm-none-linux-gnueabi/sys-root/usr/include/linux/netfilter/xt_DSCP.h
164406 ?? ERROR: /gcc/gcc.4.4.3/arm-none-linux-gnueabi/sys-root/usr/include/linux/netfilter/xt_MARK.h
164406 ?? ERROR: /gcc/gcc.4.4.3/arm-none-linux-gnueabi/sys-root/usr/include/linux/netfilter/xt_RATEEST.h
164406 ?? ERROR: /gcc/gcc.4.4.3/arm-none-linux-gnueabi/sys-root/usr/include/linux/netfilter/xt_TCPMSS.h
164406 ?? ERROR: /gcc/gcc.4.4.3/arm-none-linux-gnueabi/sys-root/usr/include/linux/netfilter_ipv4/ipt_ECN.h
164406 ?? ERROR: /gcc/gcc.4.4.3/arm-none-linux-gnueabi/sys-root/usr/include/linux/netfilter_ipv4/ipt_TTL.h
164406 ?? ERROR: /gcc/gcc.4.4.3/arm-none-linux-gnueabi/sys-root/usr/include/linux/netfilter_ipv6/ip6t_HL.h
164406 <> SyncState: /gcc_test.d/.git
164406 <> SyncState: /gcc_test.d/.git/branches
164406 <> SyncState: /gcc_test.d/.git/COMMIT_EDITMSG
164406 <> SyncState: /gcc_test.d/.git/config
164406 <> SyncState: /gcc_test.d/.git/description
164406 <> SyncState: /gcc_test.d/.git/HEAD
164406 <> SyncState: /gcc_test.d/.git/hooks
164406 <> SyncState: /gcc_test.d/.git/hooks/applypatch-msg.sample
164406 <> SyncState: /gcc_test.d/.git/hooks/commit-msg.sample
164406 <> SyncState: /gcc_test.d/.git/hooks/post-update.sample
164406 <> SyncState: /gcc_test.d/.git/hooks/pre-applypatch.sample
164406 <> SyncState: /gcc_test.d/.git/hooks/pre-commit.sample
164406 <> SyncState: /gcc_test.d/.git/hooks/pre-push.sample
164406 <> SyncState: /gcc_test.d/.git/hooks/pre-rebase.sample
164406 <> SyncState: /gcc_test.d/.git/hooks/prepare-commit-msg.sample
164406 <> SyncState: /gcc_test.d/.git/hooks/update.sample
164406 <> SyncState: /gcc_test.d/.git/index
164406 <> SyncState: /gcc_test.d/.git/info
164406 <> SyncState: /gcc_test.d/.git/info/exclude
164406 <> SyncState: /gcc_test.d/.git/logs
164406 <> SyncState: /gcc_test.d/.git/logs/HEAD
164406 <> SyncState: /gcc_test.d/.git/logs/refs
164406 <> SyncState: /gcc_test.d/.git/logs/refs/heads
164406 <> SyncState: /gcc_test.d/.git/logs/refs/heads/master
164406 <> SyncState: /gcc_test.d/.git/logs/refs/remotes
164406 <> SyncState: /gcc_test.d/.git/logs/refs/remotes/udisk
164406 <> SyncState: /gcc_test.d/.git/logs/refs/remotes/udisk/master
164406 <> SyncState: /gcc_test.d/.git/objects
164406 <> SyncState: /gcc_test.d/.git/objects/00
164406 <> SyncState: /gcc_test.d/.git/objects/00/2bd652848b5f518e30adec6a7ef4108541567b
164406 <> SyncState: /gcc_test.d/.git/objects/00/5ee9e9ffe6caba8843d4dafdf3ab301fa1d80f
164406 <> SyncState: /gcc_test.d/.git/objects/00/7bcc27b9047ba4c1a6cb082c0ec05fe6b406b4
164406 <> SyncState: /gcc_test.d/.git/objects/00/7c415a0c0424b3740b93d274dd21f1feb5ed4d
164406 <> SyncState: /gcc_test.d/.git/objects/00/98d60f8e717396ae64b4922439231d7f5b1891
164406 <> SyncState: /gcc_test.d/.git/objects/01
164406 <> SyncState: /gcc_test.d/.git/objects/01/b5f0bd945e51007da99f45b34dcb1bb62c4c55
164406 <> SyncState: /gcc_test.d/.git/objects/03
164406 <> SyncState: /gcc_test.d/.git/objects/03/4e8a674d011d5ed93cfb6006a119a2cff5e1e0
164406 <> SyncState: /gcc_test.d/.git/objects/05
164406 <> SyncState: /gcc_test.d/.git/objects/05/341b66f0a1f3ad58d1e5d27b8f58478d9130c6
164406 <> SyncState: /gcc_test.d/.git/objects/05/5b6f8e084fab91fbc8177b30f05b4cdd526887
164406 <> SyncState: /gcc_test.d/.git/objects/06
164406 <> SyncState: /gcc_test.d/.git/objects/06/5b7d47b7ced1c76c8eb979bcd52d3ad1bb9463
164406 <> SyncState: /gcc_test.d/.git/objects/06/60e21251144d424400e45df0d34722b5863e79
164406 <> SyncState: /gcc_test.d/.git/objects/07
164406 <> SyncState: /gcc_test.d/.git/objects/07/e96dddd720bd2b09908cc3bebac1c8c89ef525
164406 <> SyncState: /gcc_test.d/.git/objects/08
164406 <> SyncState: /gcc_test.d/.git/objects/08/d2d4e1458bcee3eaff98a0648884dd62b777d1
164406 <> SyncState: /gcc_test.d/.git/objects/0a
164406 <> SyncState: /gcc_test.d/.git/objects/0a/cc36d15ee0d9b3283fa8e9211d18fd034918e0
164406 <> SyncState: /gcc_test.d/.git/objects/0c
164406 <> SyncState: /gcc_test.d/.git/objects/0c/d908bf46b1126ce2b9e03c4a17d52eb5da39ad
164406 <> SyncState: /gcc_test.d/.git/objects/0e
164406 <> SyncState: /gcc_test.d/.git/objects/0e/547f2a8d6987ec7e66a661fbee0a3da95214df
164406 <> SyncState: /gcc_test.d/.git/objects/0e/f6901108177095642053162ab64c6d9543a994
164406 <> SyncState: /gcc_test.d/.git/objects/10
164406 <> SyncState: /gcc_test.d/.git/objects/10/89e5772b6260cfa5a43d7814b0829a6a7e4a71
164406 <> SyncState: /gcc_test.d/.git/objects/11
164406 <> SyncState: /gcc_test.d/.git/objects/11/993bd6502a40705fc3b585b9ad4a6a695b0646
164406 <> SyncState: /gcc_test.d/.git/objects/12
164406 <> SyncState: /gcc_test.d/.git/objects/12/beeb99e486f4ba3513757b007a74b980408d18
164406 <> SyncState: /gcc_test.d/.git/objects/13
164406 <> SyncState: /gcc_test.d/.git/objects/13/77554ebea6f98a2c748183bc5a96852af12ac2
164406 <> SyncState: /gcc_test.d/.git/objects/15
164406 <> SyncState: /gcc_test.d/.git/objects/15/2a0976e9374e469b5824cbd24c7177ad1a708e
164406 <> SyncState: /gcc_test.d/.git/objects/15/4c5f5c42fbc521986500ae5a23d3ba95351e05
164406 <> SyncState: /gcc_test.d/.git/objects/15/d6b863d11bf7440a6f8dd9004bfbfcd5c361f0
164406 <> SyncState: /gcc_test.d/.git/objects/17
164406 <> SyncState: /gcc_test.d/.git/objects/17/bb5006192db5ea14c04090a7b0e0575f6be281
164406 <> SyncState: /gcc_test.d/.git/objects/19
164406 <> SyncState: /gcc_test.d/.git/objects/19/1eee4c91855084dff52d4b8c03434a498ee389
164406 <> SyncState: /gcc_test.d/.git/objects/19/944a8e209510c7178d27ad14066f874415815b
164406 <> SyncState: /gcc_test.d/.git/objects/1a
164406 <> SyncState: /gcc_test.d/.git/objects/1a/c6db845e85b737c18fa4cf76dade4b21f42c04
164406 <> SyncState: /gcc_test.d/.git/objects/1d
164406 <> SyncState: /gcc_test.d/.git/objects/1d/bd1c61f83a5f02b63f3d8cbf7261e3a691b200
164406 <> SyncState: /gcc_test.d/.git/objects/1e
164406 <> SyncState: /gcc_test.d/.git/objects/1e/25e5550c8f3a7b71c3ad2931362cc24065fb59
164406 <> SyncState: /gcc_test.d/.git/objects/22
164406 <> SyncState: /gcc_test.d/.git/objects/22/b4485253782f8a5d5cf9de66ccd5a8c565fddb
164406 <> SyncState: /gcc_test.d/.git/objects/22/c5e632b34c1c72012697695338fd2360139a00
164406 <> SyncState: /gcc_test.d/.git/objects/23
164406 <> SyncState: /gcc_test.d/.git/objects/23/9e9b99908a9ae10d97bcf5288562c4d5c62387
164406 <> SyncState: /gcc_test.d/.git/objects/23/fa5702a2a84fa32f037cfd3bf323fc415009bb
164406 <> SyncState: /gcc_test.d/.git/objects/24
164406 <> SyncState: /gcc_test.d/.git/objects/24/3194d8eea82aea5d0f3e827686c4f7e174145a
164406 <> SyncState: /gcc_test.d/.git/objects/25
164406 <> SyncState: /gcc_test.d/.git/objects/25/097f034c1d56d114a1224e4bce0f87e907d3f1
164406 <> SyncState: /gcc_test.d/.git/objects/28
164406 <> SyncState: /gcc_test.d/.git/objects/28/64b05b830a851e2022911100a83f66be366ae0
164406 <> SyncState: /gcc_test.d/.git/objects/28/b17306f94f65f14bc870aa41261463b74ef35d
164406 <> SyncState: /gcc_test.d/.git/objects/29
164406 <> SyncState: /gcc_test.d/.git/objects/29/520ceaee3fd73404b48ef9a18ce401661fb43a
164406 <> SyncState: /gcc_test.d/.git/objects/2b
164406 <> SyncState: /gcc_test.d/.git/objects/2b/da6de2be886e7390f562729807d4f1935817ec
164406 <> SyncState: /gcc_test.d/.git/objects/2d
164406 <> SyncState: /gcc_test.d/.git/objects/2d/61171ca9079bb4e76cc776074b8f91cf1aaed6
164406 <> SyncState: /gcc_test.d/.git/objects/2e
164406 <> SyncState: /gcc_test.d/.git/objects/2e/57e7e7ff9173461b0509d46c0ec3b93773ca4c
164406 <> SyncState: /gcc_test.d/.git/objects/2f
164406 <> SyncState: /gcc_test.d/.git/objects/2f/3e68a86d41514b55a6626fbda7a5bd339d371f
164406 <> SyncState: /gcc_test.d/.git/objects/2f/607037b0babe5ec76ece11267f2aa2eecf3867
164406 <> SyncState: /gcc_test.d/.git/objects/30
164406 <> SyncState: /gcc_test.d/.git/objects/30/0d79e709b8f1f09f8d88899df7fbb5b5012324
164406 <> SyncState: /gcc_test.d/.git/objects/31
164406 <> SyncState: /gcc_test.d/.git/objects/31/4688af0cee4c5b68e0d79a6cdbd99a171f00b3
164406 <> SyncState: /gcc_test.d/.git/objects/32
164406 <> SyncState: /gcc_test.d/.git/objects/32/8a9d36d0262ea56d063a85aea8a2d5af0ae51d
164406 <> SyncState: /gcc_test.d/.git/objects/33
164406 <> SyncState: /gcc_test.d/.git/objects/33/6086f7d928bb2caacafdf26b26ae6fb93aea34
164406 <> SyncState: /gcc_test.d/.git/objects/34
164406 <> SyncState: /gcc_test.d/.git/objects/34/85a610e27abe85ed0cee9059e27d9b578372c4
164406 <> SyncState: /gcc_test.d/.git/objects/34/a474a87e63c92348437081308e507a3393a0f4
164406 <> SyncState: /gcc_test.d/.git/objects/39
164406 <> SyncState: /gcc_test.d/.git/objects/39/f1518565e8161bc07c315afc03b792100bcabd
164406 <> SyncState: /gcc_test.d/.git/objects/3a
164406 <> SyncState: /gcc_test.d/.git/objects/3a/745741ad5bb4d670065a1c98a2f51e3d1f6843
164406 <> SyncState: /gcc_test.d/.git/objects/3b
164406 <> SyncState: /gcc_test.d/.git/objects/3b/18e512dba79e4c8300dd08aeb37f8e728b8dad
164406 <> SyncState: /gcc_test.d/.git/objects/3c
164406 <> SyncState: /gcc_test.d/.git/objects/3c/266b934f1f50f410eb938c50b4cf846c0348a9
164406 <> SyncState: /gcc_test.d/.git/objects/3c/f79a6a3e1995901fd61a1b2d2ff326e1705a90
164406 <> SyncState: /gcc_test.d/.git/objects/40
164406 <> SyncState: /gcc_test.d/.git/objects/40/1bc584f064180e09f6c5cde5024420759e1f83
164406 <> SyncState: /gcc_test.d/.git/objects/41
164406 <> SyncState: /gcc_test.d/.git/objects/41/10cca33d1cd74cdc5b9c24a5e6cfd0e617514d
164406 <> SyncState: /gcc_test.d/.git/objects/41/f987e5bcfbb1562b0fb53d87a92598812e378f
164406 <> SyncState: /gcc_test.d/.git/objects/43
164406 <> SyncState: /gcc_test.d/.git/objects/43/5e69e275fb7d14ced27022eecc048e86b4123e
164406 <> SyncState: /gcc_test.d/.git/objects/43/9290b388fddb83fa433b442210b7eda0ce6b01
164406 <> SyncState: /gcc_test.d/.git/objects/44
164406 <> SyncState: /gcc_test.d/.git/objects/44/30b982d04498dc70e37dc6e089576615499536
164406 <> SyncState: /gcc_test.d/.git/objects/45
164406 <> SyncState: /gcc_test.d/.git/objects/45/386f1baf7904db4a9ffa28c4dea88d4b0b40b0
164406 <> SyncState: /gcc_test.d/.git/objects/45/eee4dea511261219d8a35bdcb9161f1980dd7f
164406 <> SyncState: /gcc_test.d/.git/objects/4a
164406 <> SyncState: /gcc_test.d/.git/objects/4a/670fb09d3d7c2b90804bb10d154e9615f8114a
164406 <> SyncState: /gcc_test.d/.git/objects/4c
164406 <> SyncState: /gcc_test.d/.git/objects/4c/39e9bea7f9e15dd9d23a98c07e31ff4e4e39b7
164406 <> SyncState: /gcc_test.d/.git/objects/4c/eae9367ebf799d185a1de747394d1be9d39ac9
164406 <> SyncState: /gcc_test.d/.git/objects/50
164406 <> SyncState: /gcc_test.d/.git/objects/50/ec2f2721562ea917ab5320318f3decd9afa5ce
164406 <> SyncState: /gcc_test.d/.git/objects/51
164406 <> SyncState: /gcc_test.d/.git/objects/51/dda0b5cd0189771016f65568ad8effe3140b66
164406 <> SyncState: /gcc_test.d/.git/objects/52
164406 <> SyncState: /gcc_test.d/.git/objects/52/3714db6d49d04cb78f005425e334da28b63d78
164406 <> SyncState: /gcc_test.d/.git/objects/54
164406 <> SyncState: /gcc_test.d/.git/objects/54/51e6fcee2f2b05a0df974bcc8492efa049fc3f
164406 <> SyncState: /gcc_test.d/.git/objects/55
164406 <> SyncState: /gcc_test.d/.git/objects/55/1107db56833256f233370197efa5bde3cc030e
164406 <> SyncState: /gcc_test.d/.git/objects/55/74b57e8da2169bf4a1c1b504e4f7e75e4f75fc
164406 <> SyncState: /gcc_test.d/.git/objects/58
164406 <> SyncState: /gcc_test.d/.git/objects/58/362835a1909e8067687fce0ff88b2590d017ce
164406 <> SyncState: /gcc_test.d/.git/objects/5a
164406 <> SyncState: /gcc_test.d/.git/objects/5a/ed1b342a1355faadbb813953758bd4e7c41b0a
164406 <> SyncState: /gcc_test.d/.git/objects/5b
164406 <> SyncState: /gcc_test.d/.git/objects/5b/61709e64e04275b2eee3aaf439ebcc9609df55
164406 <> SyncState: /gcc_test.d/.git/objects/5b/65f7b6a270e011bdbba46884b0d00a392e8e9f
164406 <> SyncState: /gcc_test.d/.git/objects/5c
164406 <> SyncState: /gcc_test.d/.git/objects/5c/1553112140c2888cdbbb25b30302010b79380e
164406 <> SyncState: /gcc_test.d/.git/objects/5e
164406 <> SyncState: /gcc_test.d/.git/objects/5e/8627b6a84ce226f5d23b8946d23a18afa24efd
164406 <> SyncState: /gcc_test.d/.git/objects/60
164406 <> SyncState: /gcc_test.d/.git/objects/60/0895b45eacbde40134e15efd9283fec5bda6a8
164406 <> SyncState: /gcc_test.d/.git/objects/60/49edac4471f6c76789c1bcbf536280f4b8f3ed
164406 <> SyncState: /gcc_test.d/.git/objects/60/c2e741c8b525ed3e44c2f8a84742cbfeb07b2d
164406 <> SyncState: /gcc_test.d/.git/objects/61
164406 <> SyncState: /gcc_test.d/.git/objects/61/b87252beb85e6ce15ac193389d8289bf60a20f
164406 <> SyncState: /gcc_test.d/.git/objects/62
164406 <> SyncState: /gcc_test.d/.git/objects/62/5efc985ee1ebee9aa0c43f0b8490dd9dd0e9ee
164406 <> SyncState: /gcc_test.d/.git/objects/63
164406 <> SyncState: /gcc_test.d/.git/objects/63/1ae9e10fc3f5b0b736cd79c4fe8b5a734a228d
164406 <> SyncState: /gcc_test.d/.git/objects/63/6a7f94bdd56c4d7d49aa9e1061a2a7c6804d40
164406 <> SyncState: /gcc_test.d/.git/objects/63/ad94221d16eed9ec712693f291f47da2a33b39
164406 <> SyncState: /gcc_test.d/.git/objects/64
164406 <> SyncState: /gcc_test.d/.git/objects/64/711c037ae72d2828ccf37024c0c3999a622390
164406 <> SyncState: /gcc_test.d/.git/objects/65
164406 <> SyncState: /gcc_test.d/.git/objects/65/8cb1c3fcdb4043cd672143d67881ae20cd60eb
164406 <> SyncState: /gcc_test.d/.git/objects/67
164406 <> SyncState: /gcc_test.d/.git/objects/67/389d86c1e7b32911be11e23219481226abaf5a
164406 <> SyncState: /gcc_test.d/.git/objects/69
164406 <> SyncState: /gcc_test.d/.git/objects/69/a860514443f13afe1494a30e561ed38c7fa13f
164406 <> SyncState: /gcc_test.d/.git/objects/6a
164406 <> SyncState: /gcc_test.d/.git/objects/6a/1d39519d5e1ef6727535a7fdca0acc99797cb7
164406 <> SyncState: /gcc_test.d/.git/objects/6a/874770b9ddc1e59760cfc7ffe17a924ee87a42
164406 <> SyncState: /gcc_test.d/.git/objects/6a/f0a09c3784831a368d82934bae5d819990f951
164406 <> SyncState: /gcc_test.d/.git/objects/6b
164406 <> SyncState: /gcc_test.d/.git/objects/6b/82219f83c7fface6a7af4b81b1fa6ea0695b3f
164406 <> SyncState: /gcc_test.d/.git/objects/6c
164406 <> SyncState: /gcc_test.d/.git/objects/6c/0262a1468b9ed4991e29735ab413ab2e4f68a5
164406 <> SyncState: /gcc_test.d/.git/objects/6c/7b924e713ac98584e91a09c54542b56fc1385a
164406 <> SyncState: /gcc_test.d/.git/objects/6c/c366ff2a668568ce11fa99bd749713f37112fd
164406 <> SyncState: /gcc_test.d/.git/objects/6d
164406 <> SyncState: /gcc_test.d/.git/objects/6d/48a1a94eb29cb38f665279d9be01d63a159874
164406 <> SyncState: /gcc_test.d/.git/objects/6d/9533bb073253e967e76ab6ca01be2c1f71a771
164406 <> SyncState: /gcc_test.d/.git/objects/6d/9e7a27432ca22b9af167bbf9e5041efb01fc51
164406 <> SyncState: /gcc_test.d/.git/objects/6d/ec5cdcf41784d9907d82b91e5da063614a5cb9
164406 <> SyncState: /gcc_test.d/.git/objects/6d/f0c3aa3fb78d73f9d34e5c3b6bc01fab47df3d
164406 <> SyncState: /gcc_test.d/.git/objects/70
164406 <> SyncState: /gcc_test.d/.git/objects/70/d317c39663a0f14be5f00a9bed71527d0116ff
164406 <> SyncState: /gcc_test.d/.git/objects/72
164406 <> SyncState: /gcc_test.d/.git/objects/72/9b43c36e7e518c0ec20044147501aaa4fb3eba
164406 <> SyncState: /gcc_test.d/.git/objects/72/a604198f2a8443448cc2c9be7b064d9fb801d4
164406 <> SyncState: /gcc_test.d/.git/objects/73
164406 <> SyncState: /gcc_test.d/.git/objects/73/019387cbba10b1a0312d9adafc10e59bce15f9
164406 <> SyncState: /gcc_test.d/.git/objects/73/6c1ed3fe42cc9081416c83aee71cbd0b54ebd1
164406 <> SyncState: /gcc_test.d/.git/objects/73/7f597e2db29a37b2023ce193c925ae20fb76a5
164406 <> SyncState: /gcc_test.d/.git/objects/73/a72b7ebf3f4b61a896a627cbafc85d9147099f
164406 <> SyncState: /gcc_test.d/.git/objects/76
164406 <> SyncState: /gcc_test.d/.git/objects/76/2fd5db00e938500158dad0502ec6942c4fb753
164406 <> SyncState: /gcc_test.d/.git/objects/76/fa64e89c9fcb5d9e154505f31733e971b0dfaf
164406 <> SyncState: /gcc_test.d/.git/objects/78
164406 <> SyncState: /gcc_test.d/.git/objects/78/ef5fdcd12730833c5b1267f7817570d3cec65f
164406 <> SyncState: /gcc_test.d/.git/objects/79
164406 <> SyncState: /gcc_test.d/.git/objects/79/2ce0cde2af39d88b524fa74dc059c6a735bb82
164406 <> SyncState: /gcc_test.d/.git/objects/7b
164406 <> SyncState: /gcc_test.d/.git/objects/7b/ecabe65e466eb158ba533a2cb2bccd992c3e87
164406 <> SyncState: /gcc_test.d/.git/objects/7d
164406 <> SyncState: /gcc_test.d/.git/objects/7d/8c0b99485b81a2144cf29496b5f6a590c1f082
164406 <> SyncState: /gcc_test.d/.git/objects/7d/a934d789055a06ab739f75703fb7433c7bba9e
164406 <> SyncState: /gcc_test.d/.git/objects/7e
164406 <> SyncState: /gcc_test.d/.git/objects/7e/0950813dbb21d889f1226fd3bec97c9e54f514
164406 <> SyncState: /gcc_test.d/.git/objects/7e/0b3fa2f00efe75ded15d87166a1e460b829ef6
164406 <> SyncState: /gcc_test.d/.git/objects/7f
164406 <> SyncState: /gcc_test.d/.git/objects/7f/df048339ac3607d294b750784be6f7ba5ccafa
164406 <> SyncState: /gcc_test.d/.git/objects/80
164406 <> SyncState: /gcc_test.d/.git/objects/80/ad591bcc9482c4e67a7c21dcc823783534e90b
164406 <> SyncState: /gcc_test.d/.git/objects/81
164406 <> SyncState: /gcc_test.d/.git/objects/81/fce729e25b7f15fc7835ddb07e0cfb6afc3010
164406 <> SyncState: /gcc_test.d/.git/objects/82
164406 <> SyncState: /gcc_test.d/.git/objects/82/053a26a16db3d9333202813f1af7024c375e30
164406 <> SyncState: /gcc_test.d/.git/objects/82/d887e4afc051ca03405d821af8a19dea8c36d1
164406 <> SyncState: /gcc_test.d/.git/objects/83
164406 <> SyncState: /gcc_test.d/.git/objects/83/01e11c971302ad4138fd9cb0fcccca2bb06e2c
164406 <> SyncState: /gcc_test.d/.git/objects/84
164406 <> SyncState: /gcc_test.d/.git/objects/84/babc912e68332dfa531b36b12f9d1bce893937
164406 <> SyncState: /gcc_test.d/.git/objects/85
164406 <> SyncState: /gcc_test.d/.git/objects/85/75670cefdef31b2588e5dbd6ed273a06b6886e
164406 <> SyncState: /gcc_test.d/.git/objects/87
164406 <> SyncState: /gcc_test.d/.git/objects/87/4749c8e815826a75373ee583a3b65ef00fc400
164406 <> SyncState: /gcc_test.d/.git/objects/89
164406 <> SyncState: /gcc_test.d/.git/objects/89/900dde840ec3c3489b30cae9048f9f8689dedb
164406 <> SyncState: /gcc_test.d/.git/objects/8a
164406 <> SyncState: /gcc_test.d/.git/objects/8a/0275fb6e7f5002a3bbc83fa1acbe251a3df379
164406 <> SyncState: /gcc_test.d/.git/objects/8b
164406 <> SyncState: /gcc_test.d/.git/objects/8b/137891791fe96927ad78e64b0aad7bded08bdc
164406 <> SyncState: /gcc_test.d/.git/objects/8b/8c8e91c223e039db0801166e170833e742f36e
164406 <> SyncState: /gcc_test.d/.git/objects/8b/c4ae7d6e5f90ec21258b148cc0d2898c708e6c
164406 <> SyncState: /gcc_test.d/.git/objects/8c
164406 <> SyncState: /gcc_test.d/.git/objects/8c/e96c1ab926f7ad286a2715db3fe98123a09605
164406 <> SyncState: /gcc_test.d/.git/objects/91
164406 <> SyncState: /gcc_test.d/.git/objects/91/d6d92a47ffa5e09462c0215171eda347c91efc
164406 <> SyncState: /gcc_test.d/.git/objects/93
164406 <> SyncState: /gcc_test.d/.git/objects/93/b9141cfcd2370d4ef8e204024de033190d2cd4
164406 <> SyncState: /gcc_test.d/.git/objects/95
164406 <> SyncState: /gcc_test.d/.git/objects/95/91bb93e3a74d262ca2748bc46a9d4c703c284f
164406 <> SyncState: /gcc_test.d/.git/objects/96
164406 <> SyncState: /gcc_test.d/.git/objects/96/f04a8fd523e7abf44cee5dce6be69dfe2985d8
164406 <> SyncState: /gcc_test.d/.git/objects/98
164406 <> SyncState: /gcc_test.d/.git/objects/98/22edbb3db5819e4831f42cd418f0bcf341893e
164406 <> SyncState: /gcc_test.d/.git/objects/99
164406 <> SyncState: /gcc_test.d/.git/objects/99/33256b10581b73a350c424e020367cf04953fd
164406 <> SyncState: /gcc_test.d/.git/objects/99/9346ffc479e33a89bb16f855e864d3488c50db
164406 <> SyncState: /gcc_test.d/.git/objects/99/d81b9abee17f1cac8b0eebcb371d1e946229c6
164406 <> SyncState: /gcc_test.d/.git/objects/99/ffe03d4e17c2e64149b150c871733f223fa509
164406 <> SyncState: /gcc_test.d/.git/objects/9a
164406 <> SyncState: /gcc_test.d/.git/objects/9a/f6b95dec37191c24862f599c4368fcb74bd00c
164406 <> SyncState: /gcc_test.d/.git/objects/9c
164406 <> SyncState: /gcc_test.d/.git/objects/9c/78c128bfcafbe9acd2aa58a0604a4a5b2f9b95
164406 <> SyncState: /gcc_test.d/.git/objects/9d
164406 <> SyncState: /gcc_test.d/.git/objects/9d/c3b2df32535e82f38343df02334d84e361247f
164406 <> SyncState: /gcc_test.d/.git/objects/9d/f1417a7e0b8f05d73ee3cda5c89f6a93596fa9
164406 <> SyncState: /gcc_test.d/.git/objects/9f
164406 <> SyncState: /gcc_test.d/.git/objects/9f/25baf7160e6cee3d6f849c81b660ece202c6ca
164406 <> SyncState: /gcc_test.d/.git/objects/a0
164406 <> SyncState: /gcc_test.d/.git/objects/a0/423896973644771497bdc03eb99d5281615b51
164406 <> SyncState: /gcc_test.d/.git/objects/a0/5bfe2585180fa7604aacb4fc3c73332a229248
164406 <> SyncState: /gcc_test.d/.git/objects/a0/d4c1eab3ee2e15f159c5a2430ec8dd06127967
164406 <> SyncState: /gcc_test.d/.git/objects/a1
164406 <> SyncState: /gcc_test.d/.git/objects/a1/603be93004a1ae8891224ca9e348276ddb2384
164406 <> SyncState: /gcc_test.d/.git/objects/a1/8a984f0c915d08604b3a0f150bc5fa5729ff81
164406 <> SyncState: /gcc_test.d/.git/objects/a2
164406 <> SyncState: /gcc_test.d/.git/objects/a2/2a71208196d44531b0147be10709cd1c4a496f
164406 <> SyncState: /gcc_test.d/.git/objects/a2/a2d256b7684e00ca2df09a427f1c7e2b381c1c
164406 <> SyncState: /gcc_test.d/.git/objects/a3
164406 <> SyncState: /gcc_test.d/.git/objects/a3/3213faf57e45b5522ddec6dab96a3fdaa34878
164406 <> SyncState: /gcc_test.d/.git/objects/a4
164406 <> SyncState: /gcc_test.d/.git/objects/a4/271b8c16f98b4edd1ffd52c85740624aa13c6d
164406 <> SyncState: /gcc_test.d/.git/objects/a4/c1ddbfff81c762b0fe936ab84d659e7fabf0fa
164406 <> SyncState: /gcc_test.d/.git/objects/a7
164406 <> SyncState: /gcc_test.d/.git/objects/a7/49bc7b1391b17304bdfcb87caeb597e9a40b15
164406 <> SyncState: /gcc_test.d/.git/objects/a7/4d84e7b78f11bb963e99ad7f6b6c331f870ed4
164406 <> SyncState: /gcc_test.d/.git/objects/a7/e147970627ce6a0179d6e239e269fbb23b6cf6
164406 <> SyncState: /gcc_test.d/.git/objects/a8
164406 <> SyncState: /gcc_test.d/.git/objects/a8/ed5bd77b9f0fa931e63451b9327ce306f4f98b
164406 <> SyncState: /gcc_test.d/.git/objects/a9
164406 <> SyncState: /gcc_test.d/.git/objects/a9/6902d87e7d0ae7ca06766889e0ec17dedf404b
164406 <> SyncState: /gcc_test.d/.git/objects/aa
164406 <> SyncState: /gcc_test.d/.git/objects/aa/17b59976e65501a3467554c37d964a81ee926b
164406 <> SyncState: /gcc_test.d/.git/objects/aa/39f3884e2195d1fbbdab566cbaa89bb544f7c6
164406 <> SyncState: /gcc_test.d/.git/objects/aa/ebd333f3f8069146aba9e16b12bcb2697803ae
164406 <> SyncState: /gcc_test.d/.git/objects/ac
164406 <> SyncState: /gcc_test.d/.git/objects/ac/ca77bcc366069d8c4485caf794bdf62c874bf6
164406 <> SyncState: /gcc_test.d/.git/objects/ad
164406 <> SyncState: /gcc_test.d/.git/objects/ad/98c6724080b113b6dba23078ba1faeb44d4524
164406 <> SyncState: /gcc_test.d/.git/objects/b3
164406 <> SyncState: /gcc_test.d/.git/objects/b3/93690d2effaf7c191253a9a77d43ed8d9636a7
164406 <> SyncState: /gcc_test.d/.git/objects/b3/d763204ee865b527f1726da01e216226f7b856
164406 <> SyncState: /gcc_test.d/.git/objects/b4
164406 <> SyncState: /gcc_test.d/.git/objects/b4/392ec5effa58d8e5e8839900425fb291c76bc8
164406 <> SyncState: /gcc_test.d/.git/objects/b4/fea72ac345a092d3c27bce72ddd643443bff98
164406 <> SyncState: /gcc_test.d/.git/objects/b5
164406 <> SyncState: /gcc_test.d/.git/objects/b5/7cb59b41cbde22f718942acd4a640059a1056a
164406 <> SyncState: /gcc_test.d/.git/objects/b5/869bdbab0e21f148ca133febfb9643b1e52052
164406 <> SyncState: /gcc_test.d/.git/objects/b8
164406 <> SyncState: /gcc_test.d/.git/objects/b8/d380299272c2539f0b342687c0fa7d998b598f
164406 <> SyncState: /gcc_test.d/.git/objects/b9
164406 <> SyncState: /gcc_test.d/.git/objects/b9/1b621d1e62524df0d6ef8ed210f46f728d4d02
164406 <> SyncState: /gcc_test.d/.git/objects/b9/9a84b24f2100a715ac21919076cc08720ac84d
164406 <> SyncState: /gcc_test.d/.git/objects/b9/ccdf9bcacf8e835ee50cf9005050df5380d67e
164406 <> SyncState: /gcc_test.d/.git/objects/ba
164406 <> SyncState: /gcc_test.d/.git/objects/ba/776d092f95cc7234e775221c0137db17755cb8
164406 <> SyncState: /gcc_test.d/.git/objects/bc
164406 <> SyncState: /gcc_test.d/.git/objects/bc/eca2dec3c1fa26c8e3ff7c2893bb2cccdf00ed
164406 <> SyncState: /gcc_test.d/.git/objects/bd
164406 <> SyncState: /gcc_test.d/.git/objects/bd/87ca1fa5715779fe30561696f4059a0d54890c
164406 <> SyncState: /gcc_test.d/.git/objects/bd/f6ac5aa42f39ee5ae597c541fb5217587ea104
164406 <> SyncState: /gcc_test.d/.git/objects/be
164406 <> SyncState: /gcc_test.d/.git/objects/be/8ee0bc9ce2f3dbee34b5289f068299677e4f63
164406 <> SyncState: /gcc_test.d/.git/objects/be/a6ae2314cbb22c386ab7f47f657a9903d1ec0d
164406 <> SyncState: /gcc_test.d/.git/objects/be/d7fa0408398ea670b243ef3e70fece1d628a61
164406 <> SyncState: /gcc_test.d/.git/objects/bf
164406 <> SyncState: /gcc_test.d/.git/objects/bf/a9b853578d235bb348139c21804c718c4f31d3
164406 <> SyncState: /gcc_test.d/.git/objects/c1
164406 <> SyncState: /gcc_test.d/.git/objects/c1/c634a9a530a9346be8a3a3a83da1380f077d55
164406 <> SyncState: /gcc_test.d/.git/objects/c6
164406 <> SyncState: /gcc_test.d/.git/objects/c6/73ac61f0d01bf888c3414e4a4cdc80c40e3ddb
164406 <> SyncState: /gcc_test.d/.git/objects/c6/99caedabbed9a5a2924e4a33dc77697bf92421
164406 <> SyncState: /gcc_test.d/.git/objects/c6/a016e8e48784797f8579778440c49540f80443
164406 <> SyncState: /gcc_test.d/.git/objects/c7
164406 <> SyncState: /gcc_test.d/.git/objects/c7/0f642dfcb78eb368b9f83db1a4a1db9ea4a72c
164406 <> SyncState: /gcc_test.d/.git/objects/c7/17be0d49a19b6c7972d7e94e5b0277685af4e1
164406 <> SyncState: /gcc_test.d/.git/objects/c7/97714458c75c0d2434f635466c186ca0649dde
164406 <> SyncState: /gcc_test.d/.git/objects/c7/e6f338a1b37f2d82600f6ac92bd1a51b30a1c3
164406 <> SyncState: /gcc_test.d/.git/objects/c8
164406 <> SyncState: /gcc_test.d/.git/objects/c8/a8846d327e11b8579928d31d78b5bb1553b385
164406 <> SyncState: /gcc_test.d/.git/objects/cb
164406 <> SyncState: /gcc_test.d/.git/objects/cb/c05da4d32ab24b5cdffc0702d8e920afed09f1
164406 <> SyncState: /gcc_test.d/.git/objects/cb/e88d946fd9ebe8d64a08f8aefc5e6139eca5ac
164406 <> SyncState: /gcc_test.d/.git/objects/cc
164406 <> SyncState: /gcc_test.d/.git/objects/cc/00b6b0a81166fc8fd78f1e85bde4aa27b44923
164406 <> SyncState: /gcc_test.d/.git/objects/cd
164406 <> SyncState: /gcc_test.d/.git/objects/cd/dee9c0646104af8793743e3adce3486202d869
164406 <> SyncState: /gcc_test.d/.git/objects/d0
164406 <> SyncState: /gcc_test.d/.git/objects/d0/bc8c39f677de75cccd9716ceaf09b72cee3a2b
164406 <> SyncState: /gcc_test.d/.git/objects/d1
164406 <> SyncState: /gcc_test.d/.git/objects/d1/9ef4931c534790bba56d781d69516e7acb4460
164406 <> SyncState: /gcc_test.d/.git/objects/d1/df796ee32d42eec6eac212827db552a0fb2545
164406 <> SyncState: /gcc_test.d/.git/objects/d3
164406 <> SyncState: /gcc_test.d/.git/objects/d3/39a43448536853116ecab333e877694c76cd77
164406 <> SyncState: /gcc_test.d/.git/objects/d4
164406 <> SyncState: /gcc_test.d/.git/objects/d4/ebfecaff793d1d1b0797e09c470ac84862db8f
164406 <> SyncState: /gcc_test.d/.git/objects/d5
164406 <> SyncState: /gcc_test.d/.git/objects/d5/3f7159a69ee6ac713d1f281ac1e1457de1c3eb
164406 <> SyncState: /gcc_test.d/.git/objects/d5/5ad0a983af5564bd7381d54eb4a212899fe10d
164406 <> SyncState: /gcc_test.d/.git/objects/d5/da7cec559781367ba1fae5d30b63f04d779344
164406 <> SyncState: /gcc_test.d/.git/objects/d6
164406 <> SyncState: /gcc_test.d/.git/objects/d6/8035f9b4153694b705655c3a5281e606608b92
164406 <> SyncState: /gcc_test.d/.git/objects/d8
164406 <> SyncState: /gcc_test.d/.git/objects/d8/2e926fc55ab340eb620e34294a1ff82456a2aa
164406 <> SyncState: /gcc_test.d/.git/objects/d8/ea00bf266b51090b4032dbcf0e99be397b6359
164406 <> SyncState: /gcc_test.d/.git/objects/d9
164406 <> SyncState: /gcc_test.d/.git/objects/d9/0b0b0d0db9b84f83e0eaa6ce370b9df5fa06f1
164406 <> SyncState: /gcc_test.d/.git/objects/da
164406 <> SyncState: /gcc_test.d/.git/objects/da/248bae96f38615745d80afa81e03af49e47b66
164406 <> SyncState: /gcc_test.d/.git/objects/da/9c84b711ffd36f6af414243b4b734ade3f2ffb
164406 <> SyncState: /gcc_test.d/.git/objects/db
164406 <> SyncState: /gcc_test.d/.git/objects/db/428161929b6f43d288d9d072d55cd3014780ae
164406 <> SyncState: /gcc_test.d/.git/objects/db/da3d29e6e2ef6a7bc87e3afc3cfe3db59b3a66
164406 <> SyncState: /gcc_test.d/.git/objects/dd
164406 <> SyncState: /gcc_test.d/.git/objects/dd/c35bb1c49485c00339e90245cf0bd30e6657ce
164406 <> SyncState: /gcc_test.d/.git/objects/de
164406 <> SyncState: /gcc_test.d/.git/objects/de/cc37cdc2b7c7f7227eef3aa1ee5b6fed9110b7
164406 <> SyncState: /gcc_test.d/.git/objects/e0
164406 <> SyncState: /gcc_test.d/.git/objects/e0/183f414b3b27c2e656ce631c568084538e1a5e
164406 <> SyncState: /gcc_test.d/.git/objects/e0/39f3983aede598b827c8c4eab287099008881d
164406 <> SyncState: /gcc_test.d/.git/objects/e1
164406 <> SyncState: /gcc_test.d/.git/objects/e1/5fd389bc5e7c8649f15ebcf8140983a5ab69f6
164406 <> SyncState: /gcc_test.d/.git/objects/e2
164406 <> SyncState: /gcc_test.d/.git/objects/e2/4a21bac7655d50fb913a7e6145eeef73f81343
164406 <> SyncState: /gcc_test.d/.git/objects/e2/9ffd0e8778854df80c0e7907b31e49e3ca7b3e
164406 <> SyncState: /gcc_test.d/.git/objects/e3
164406 <> SyncState: /gcc_test.d/.git/objects/e3/00663d1c209563b30c94578128582226febcaa
164406 <> SyncState: /gcc_test.d/.git/objects/e3/e0ac735752725f3fe01dfe9c15fb13b56ddd6a
164406 <> SyncState: /gcc_test.d/.git/objects/e4
164406 <> SyncState: /gcc_test.d/.git/objects/e4/e428873c2a8ef85cb31583aa8f361610cde78f
164406 <> SyncState: /gcc_test.d/.git/objects/e6
164406 <> SyncState: /gcc_test.d/.git/objects/e6/9de29bb2d1d6434b8b29ae775ad8c2e48c5391
164406 <> SyncState: /gcc_test.d/.git/objects/e8
164406 <> SyncState: /gcc_test.d/.git/objects/e8/6f43303317afd86b6cb442769089f2437f6207
164406 <> SyncState: /gcc_test.d/.git/objects/e8/c1f2dd7d57ffa41e5794aee585260b0d062221
164406 <> SyncState: /gcc_test.d/.git/objects/e8/f3d67d929945f9bddcd7ffb684167e764f0f25
164406 <> SyncState: /gcc_test.d/.git/objects/e9
164406 <> SyncState: /gcc_test.d/.git/objects/e9/a98211e1bc11993b354b504898fffaa3674778
164406 <> SyncState: /gcc_test.d/.git/objects/eb
164406 <> SyncState: /gcc_test.d/.git/objects/eb/4952c8dfc4045b8af187b4b607cb9d41b21a0f
164406 <> SyncState: /gcc_test.d/.git/objects/ec
164406 <> SyncState: /gcc_test.d/.git/objects/ec/1dfbb6e56698bfb074a4cc6c14938e6d0d8b48
164406 <> SyncState: /gcc_test.d/.git/objects/ed
164406 <> SyncState: /gcc_test.d/.git/objects/ed/54878e16964cee8335f80594b814cedccd02b5
164406 <> SyncState: /gcc_test.d/.git/objects/ed/60d9e81267f65f84ccbe5db954bf156f3ad517
164406 <> SyncState: /gcc_test.d/.git/objects/ee
164406 <> SyncState: /gcc_test.d/.git/objects/ee/122f901c563f25c38c5b0504755c4b4771e1b8
164406 <> SyncState: /gcc_test.d/.git/objects/ee/1654a093c2d71977936951002dcb3a7ab60854
164406 <> SyncState: /gcc_test.d/.git/objects/ee/813757883a2a68b8398b6b668188989cc770cb
164406 <> SyncState: /gcc_test.d/.git/objects/f0
164406 <> SyncState: /gcc_test.d/.git/objects/f0/8684d046ca703d98134bb8f9482661f3c930db
164406 <> SyncState: /gcc_test.d/.git/objects/f0/d0b716c69d716fa4d291ee6348093e39d30507
164406 <> SyncState: /gcc_test.d/.git/objects/f1
164406 <> SyncState: /gcc_test.d/.git/objects/f1/e7079967e96093ad48e179389821972d1844f8
164406 <> SyncState: /gcc_test.d/.git/objects/f2
164406 <> SyncState: /gcc_test.d/.git/objects/f2/606c6852ee7b24a74fc775db5c64a716258049
164406 <> SyncState: /gcc_test.d/.git/objects/f2/822e314b3cdaa76a066d5e4d821c295546e13e
164406 <> SyncState: /gcc_test.d/.git/objects/f4
164406 <> SyncState: /gcc_test.d/.git/objects/f4/c7f3131903939824399e3847f2eee83888dacf
164406 <> SyncState: /gcc_test.d/.git/objects/f5
164406 <> SyncState: /gcc_test.d/.git/objects/f5/81d3d5561818f3fd26db6c57179eba2d61de7e
164406 <> SyncState: /gcc_test.d/.git/objects/f5/c389b25cd07bb49d4ad86bfa0c7f12034bc799
164406 <> SyncState: /gcc_test.d/.git/objects/f7
164406 <> SyncState: /gcc_test.d/.git/objects/f7/0b8844179b6d67fa1cd6c2b1da73d9ab7d46c8
164406 <> SyncState: /gcc_test.d/.git/objects/f7/6324080899c21b4496bcce19fb256a268d0ecd
164406 <> SyncState: /gcc_test.d/.git/objects/fa
164406 <> SyncState: /gcc_test.d/.git/objects/fa/056eb85880bc18317253cd735d93a8eb252502
164406 <> SyncState: /gcc_test.d/.git/objects/fa/653461c0e5e0f9e620947bf17696ee8f58a391
164406 <> SyncState: /gcc_test.d/.git/objects/fd
164406 <> SyncState: /gcc_test.d/.git/objects/fd/1567f7476741f248570073a456f89bea46766a
164406 <> SyncState: /gcc_test.d/.git/objects/fe
164406 <> SyncState: /gcc_test.d/.git/objects/fe/5ebf1d6a7bb86c676159c3eb8eac41ad0e22d1
164406 <> SyncState: /gcc_test.d/.git/objects/fe/f9ddad4e35331e2f4f9bc7148241332baa39b0
164406 <> SyncState: /gcc_test.d/.git/objects/ff
164406 <> SyncState: /gcc_test.d/.git/objects/ff/74088acfef51175b4c52202912cd1a506ed587
164406 <> SyncState: /gcc_test.d/.git/objects/info
164406 <> SyncState: /gcc_test.d/.git/objects/pack
164406 <> SyncState: /gcc_test.d/.git/refs
164406 <> SyncState: /gcc_test.d/.git/refs/heads
164406 <> SyncState: /gcc_test.d/.git/refs/heads/master
164406 <> SyncState: /gcc_test.d/.git/refs/remotes
164406 <> SyncState: /gcc_test.d/.git/refs/remotes/udisk
164406 <> SyncState: /gcc_test.d/.git/refs/remotes/udisk/master
164406 <> SyncState: /gcc_test.d/.git/refs/tags
164406 <> SyncState: /gcc_test.d/.gitignore
164406 <> SyncState: /gcc_test.d/arm
164406 <> SyncState: /gcc_test.d/arm/makefile
164406 <> SyncState: /gcc_test.d/arm/test.c
164406 <> SyncState: /gcc_test.d/arm/test.out
164406 <> SyncState: /gcc_test.d/arm/test_x86
164406 <> SyncState: /gcc_test.d/cbp
164406 <> SyncState: /gcc_test.d/cbp/bc
164406 <> SyncState: /gcc_test.d/cbp/dupTest
164406 <> SyncState: /gcc_test.d/cbp/dupTest/ftest
164406 <> SyncState: /gcc_test.d/cbp/dupTest/main.c
164406 <> SyncState: /gcc_test.d/cbp/dupTest/main.o
164406 <> SyncState: /gcc_test.d/cbp/dupTest/makefile
164406 <> SyncState: /gcc_test.d/cbp/dupTest/test
164406 <> SyncState: /gcc_test.d/cbp/dupTest/test.hex
164406 <> SyncState: /gcc_test.d/cbp/environTest
164406 <> SyncState: /gcc_test.d/cbp/environTest/main.c
164406 <> SyncState: /gcc_test.d/cbp/environTest/main.o
164406 <> SyncState: /gcc_test.d/cbp/environTest/makefile
164406 <> SyncState: /gcc_test.d/cbp/environTest/test
164406 <> SyncState: /gcc_test.d/cbp/environTest/test.hex
164406 <> SyncState: /gcc_test.d/cbp/environTest/tmap.map
164406 <> SyncState: /gcc_test.d/cbp/flush
164406 <> SyncState: /gcc_test.d/cbp/flush/main.c
164406 <> SyncState: /gcc_test.d/cbp/flush/main.o
164406 <> SyncState: /gcc_test.d/cbp/flush/makefile
164406 <> SyncState: /gcc_test.d/cbp/flush/test
164406 <> SyncState: /gcc_test.d/cbp/flush/test.sh
164406 <> SyncState: /gcc_test.d/cbp/ftest
164406 <> SyncState: /gcc_test.d/cbp/ftest/ftest
164406 <> SyncState: /gcc_test.d/cbp/ftest/main.c
164406 <> SyncState: /gcc_test.d/cbp/ftest/main.o
164406 <> SyncState: /gcc_test.d/cbp/ftest/makefile
164406 <> SyncState: /gcc_test.d/cbp/ftest/test
164406 <> SyncState: /gcc_test.d/cbp/ftest/test.hex
164406 <> SyncState: /gcc_test.d/cbp/getcTest_normal
164406 <> SyncState: /gcc_test.d/cbp/getcTest_normal/ftest
164406 <> SyncState: /gcc_test.d/cbp/getcTest_normal/ftest_hlink
164406 <> SyncState: /gcc_test.d/cbp/getcTest_normal/ftest_slink
164406 <> SyncState: /gcc_test.d/cbp/getcTest_normal/main.c
164406 <> SyncState: /gcc_test.d/cbp/getcTest_normal/main.o
164406 <> SyncState: /gcc_test.d/cbp/getcTest_normal/makefile
164406 <> SyncState: /gcc_test.d/cbp/getcTest_normal/test
164406 <> SyncState: /gcc_test.d/cbp/getcTest_normal/test.hex
164406 <> SyncState: /gcc_test.d/cbp/getcTest_terminal
164406 <> SyncState: /gcc_test.d/cbp/getcTest_terminal/ftest
164406 <> SyncState: /gcc_test.d/cbp/getcTest_terminal/main.c
164406 <> SyncState: /gcc_test.d/cbp/getcTest_terminal/main.o
164406 <> SyncState: /gcc_test.d/cbp/getcTest_terminal/makefile
164406 <> SyncState: /gcc_test.d/cbp/getcTest_terminal/test
164406 <> SyncState: /gcc_test.d/cbp/getcTest_terminal/test.hex
164406 <> SyncState: /gcc_test.d/cbp/makefile
164406 <> SyncState: /gcc_test.d/cbp/mallocTest
164406 <> SyncState: /gcc_test.d/cbp/mallocTest/main.cpp
164406 <> SyncState: /gcc_test.d/cbp/mallocTest/main.o
164406 <> SyncState: /gcc_test.d/cbp/mallocTest/makefile
164406 <> SyncState: /gcc_test.d/cbp/mallocTest/mtrace_output
164406 <> SyncState: /gcc_test.d/cbp/mallocTest/t1.sh
164406 <> SyncState: /gcc_test.d/cbp/mallocTest/test
164406 <> SyncState: /gcc_test.d/cbp/mallocTest/test.hex
164406 <> SyncState: /gcc_test.d/cbp/mallocTest/tmap.map
164406 <> SyncState: /gcc_test.d/cbp/memLeakTest
164406 <> SyncState: /gcc_test.d/cbp/memLeakTest/main.c
164406 <> SyncState: /gcc_test.d/cbp/memLeakTest/main.o
164406 <> SyncState: /gcc_test.d/cbp/memLeakTest/makefile
164406 <> SyncState: /gcc_test.d/cbp/memLeakTest/test
164406 <> SyncState: /gcc_test.d/cbp/memLeakTest/test.hex
164406 <> SyncState: /gcc_test.d/cbp/memLeakTest/tmap.map
164406 <> SyncState: /gcc_test.d/cbp/memLeakTest/tree.c
164406 <> SyncState: /gcc_test.d/cbp/memLeakTest/tree.h
164406 <> SyncState: /gcc_test.d/cbp/memLeakTest/tree.o
164406 <> SyncState: /gcc_test.d/cbp/minimal_test
164406 <> SyncState: /gcc_test.d/cbp/minimal_test/_makefile
164406 <> SyncState: /gcc_test.d/cbp/minimal_test/gdbInit.gdb
164406 <> SyncState: /gcc_test.d/cbp/minimal_test/Makefile
164406 <> SyncState: /gcc_test.d/cbp/minimal_test/minimal_test.bin
164406 <> SyncState: /gcc_test.d/cbp/minimal_test/minimal_test.cbp
164406 <> SyncState: /gcc_test.d/cbp/minimal_test/minimal_test.debug
164406 <> SyncState: /gcc_test.d/cbp/minimal_test/minimal_test.dis
164406 <> SyncState: /gcc_test.d/cbp/minimal_test/minimal_test.hex
164406 <> SyncState: /gcc_test.d/cbp/minimal_test/minimal_test.layout
164406 <> SyncState: /gcc_test.d/cbp/minimal_test/minimal_test.lds
164406 <> SyncState: /gcc_test.d/cbp/minimal_test/minimal_test.map
164406 <> SyncState: /gcc_test.d/cbp/minimal_test/minimal_test.objdump
164406 <> SyncState: /gcc_test.d/cbp/minimal_test/minimal_test.out
164406 <> SyncState: /gcc_test.d/cbp/minimal_test/start.o
164406 <> SyncState: /gcc_test.d/cbp/minimal_test/start.S
164406 <> SyncState: /gcc_test.d/cbp/minimal_test/test_func.o
164406 <> SyncState: /gcc_test.d/cbp/minimal_test/test_func.S
164406 <> SyncState: /gcc_test.d/cbp/module_test
164406 <> SyncState: /gcc_test.d/cbp/module_test/.main.o.cmd
164406 <> SyncState: /gcc_test.d/cbp/module_test/.testModule.ko.cmd
164406 <> SyncState: /gcc_test.d/cbp/module_test/.testModule.mod.o.cmd
164406 <> SyncState: /gcc_test.d/cbp/module_test/.testModule.o.cmd
164406 <> SyncState: /gcc_test.d/cbp/module_test/.tmp_versions
164406 <> SyncState: /gcc_test.d/cbp/module_test/.tmp_versions/testModule.mod
164406 <> SyncState: /gcc_test.d/cbp/module_test/global
164406 <> SyncState: /gcc_test.d/cbp/module_test/main.c
164406 <> SyncState: /gcc_test.d/cbp/module_test/main.o
164406 <> SyncState: /gcc_test.d/cbp/module_test/Makefile
164406 <> SyncState: /gcc_test.d/cbp/module_test/makelog
164406 <> SyncState: /gcc_test.d/cbp/module_test/Module.symvers
164406 <> SyncState: /gcc_test.d/cbp/module_test/modules.order
164406 <> SyncState: /gcc_test.d/cbp/module_test/testModule.ko
164406 <> SyncState: /gcc_test.d/cbp/module_test/testModule.mod.c
164406 <> SyncState: /gcc_test.d/cbp/module_test/testModule.mod.o
164406 <> SyncState: /gcc_test.d/cbp/module_test/testModule.o
164406 <> SyncState: /gcc_test.d/cbp/module_test/tFile
164406 <> SyncState: /gcc_test.d/cbp/module_test/tFile123
164406 <> SyncState: /gcc_test.d/cbp/pipeTest
164406 <> SyncState: /gcc_test.d/cbp/pipeTest/main.c
164406 <> SyncState: /gcc_test.d/cbp/pipeTest/main.o
164406 <> SyncState: /gcc_test.d/cbp/pipeTest/makefile
164406 <> SyncState: /gcc_test.d/cbp/pipeTest/test
164406 <> SyncState: /gcc_test.d/cbp/pipeTest/test.hex
164406 <> SyncState: /gcc_test.d/cbp/pipeTest1
164406 <> SyncState: /gcc_test.d/cbp/pipeTest1/main.c
164406 <> SyncState: /gcc_test.d/cbp/pipeTest1/main.o
164406 <> SyncState: /gcc_test.d/cbp/pipeTest1/makefile
164406 <> SyncState: /gcc_test.d/cbp/pipeTest1/test
164406 <> SyncState: /gcc_test.d/cbp/pipeTest1/test.hex
164406 <> SyncState: /gcc_test.d/cbp/pipeTest1/tmap.map
164406 <> SyncState: /gcc_test.d/cbp/pipeTest2
164406 <> SyncState: /gcc_test.d/cbp/pipeTest2/main.c
164406 <> SyncState: /gcc_test.d/cbp/pipeTest2/main.o
164406 <> SyncState: /gcc_test.d/cbp/pipeTest2/makefile
164406 <> SyncState: /gcc_test.d/cbp/pipeTest2/test
164406 <> SyncState: /gcc_test.d/cbp/pipeTest2/test.hex
164406 <> SyncState: /gcc_test.d/cbp/pipeTest2/tmap.map
164406 <> SyncState: /gcc_test.d/cbp/putcTest
164406 <> SyncState: /gcc_test.d/cbp/putcTest/ftest
164406 <> SyncState: /gcc_test.d/cbp/putcTest/main.c
164406 <> SyncState: /gcc_test.d/cbp/putcTest/main.o
164406 <> SyncState: /gcc_test.d/cbp/putcTest/makefile
164406 <> SyncState: /gcc_test.d/cbp/putcTest/subFunc
164406 <> SyncState: /gcc_test.d/cbp/putcTest/subFunc/makefile
164406 <> SyncState: /gcc_test.d/cbp/putcTest/subFunc/subFunc.c
164406 <> SyncState: /gcc_test.d/cbp/putcTest/subFunc/subFunc.h
164406 <> SyncState: /gcc_test.d/cbp/putcTest/subFunc/subFunc.o
164406 <> SyncState: /gcc_test.d/cbp/putcTest/t1.sh
164406 <> SyncState: /gcc_test.d/cbp/putcTest/t2.sh
164406 <> SyncState: /gcc_test.d/cbp/putcTest/temp.txt
164406 <> SyncState: /gcc_test.d/cbp/putcTest/test.c
164406 <> SyncState: /gcc_test.d/cbp/putcTest/test.h
164406 <> SyncState: /gcc_test.d/cbp/putcTest/test.o
164406 <> SyncState: /gcc_test.d/cbp/putcTest/test.sh
164406 <> SyncState: /gcc_test.d/cbp/res
164406 <> SyncState: /gcc_test.d/cbp/test
164406 <> SyncState: /gcc_test.d/cbp/test/bin
164406 <> SyncState: /gcc_test.d/cbp/test/bin/Debug
164406 <> SyncState: /gcc_test.d/cbp/test/bin/Debug/test
164406 <> SyncState: /gcc_test.d/cbp/test/gdbInit.gdb
164406 <> SyncState: /gcc_test.d/cbp/test/lowlevel_init.o
164406 <> SyncState: /gcc_test.d/cbp/test/lowlevel_init.S
164406 <> SyncState: /gcc_test.d/cbp/test/main.cpp
164406 <> SyncState: /gcc_test.d/cbp/test/makefile
164406 <> SyncState: /gcc_test.d/cbp/test/mini2440.bin
164406 <> SyncState: /gcc_test.d/cbp/test/mini2440.debug
164406 <> SyncState: /gcc_test.d/cbp/test/mini2440.dis
164406 <> SyncState: /gcc_test.d/cbp/test/mini2440.hex
164406 <> SyncState: /gcc_test.d/cbp/test/mini2440.map
164406 <> SyncState: /gcc_test.d/cbp/test/mini2440.objdump
164406 <> SyncState: /gcc_test.d/cbp/test/mini2440.out
164406 <> SyncState: /gcc_test.d/cbp/test/mini2440_raw_debug.lds
164406 <> SyncState: /gcc_test.d/cbp/test/obj
164406 <> SyncState: /gcc_test.d/cbp/test/obj/Debug
164406 <> SyncState: /gcc_test.d/cbp/test/obj/Debug/main.o
164406 <> SyncState: /gcc_test.d/cbp/test/start.o
164406 <> SyncState: /gcc_test.d/cbp/test/start.S
164406 <> SyncState: /gcc_test.d/cbp/test/start_c.c
164406 <> SyncState: /gcc_test.d/cbp/test/start_c.o
164406 <> SyncState: /gcc_test.d/cbp/test/sysinit.gdb
164406 <> SyncState: /gcc_test.d/cbp/test/test.cbp
164406 <> SyncState: /gcc_test.d/cbp/test/test.depend
164406 <> SyncState: /gcc_test.d/cbp/test/test.layout
164406 <> SyncState: /gcc_test.d/cbp/test_i686
164406 <> SyncState: /gcc_test.d/cbp/test_i686/1
164406 <> SyncState: /gcc_test.d/cbp/test_i686/file
164406 <> SyncState: /gcc_test.d/cbp/test_i686/main.c
164406 <> SyncState: /gcc_test.d/cbp/test_i686/main.cpp
164406 <> SyncState: /gcc_test.d/cbp/test_i686/main.o
164406 <> SyncState: /gcc_test.d/cbp/test_i686/makefile
164406 <> SyncState: /gcc_test.d/cbp/test_i686/t1.sh
164406 <> SyncState: /gcc_test.d/cbp/test_i686/t2.sh
164406 <> SyncState: /gcc_test.d/cbp/test_i686/test
164406 <> SyncState: /gcc_test.d/cbp/test_i686/test.hex
164406 <> SyncState: /gcc_test.d/cbp/test_i686/test.sh
164406 <> SyncState: /gcc_test.d/cbp/test_i686/test_i686.cbp
164406 <> SyncState: /gcc_test.d/cbp/test_i686/test_i686.layout
164406 <> SyncState: /gcc_test.d/cbp/zombie
164406 <> SyncState: /gcc_test.d/cbp/zombie/clone
164406 <> SyncState: /gcc_test.d/cbp/zombie/fork
164406 <> SyncState: /gcc_test.d/cbp/zombie/main.c
164406 <> SyncState: /gcc_test.d/cbp/zombie/main.o
164406 <> SyncState: /gcc_test.d/cbp/zombie/makefile
164406 <> SyncState: /gcc_test.d/cbp/zombie/test
164406 <> SyncState: /gcc_test.d/cbp/zombie/test.hex
164406 <> SyncState: /gcc_test.d/cbp/zombie/test.sh
164406 <> SyncState: /gcc_test.d/cbp/zombie/zombie.cbp
164406 <> SyncState: /gcc_test.d/cbp/zombie/zombie.layout
164406 <> SyncState: /gcc_test.d/ddfin
164406 <> SyncState: /gcc_test.d/gitTmp
164406 <> SyncState: /gcc_test.d/gitTmp/.git
164406 <> SyncState: /gcc_test.d/gitTmp/.git/branches
164406 <> SyncState: /gcc_test.d/gitTmp/.git/COMMIT_EDITMSG
164406 <> SyncState: /gcc_test.d/gitTmp/.git/config
164406 <> SyncState: /gcc_test.d/gitTmp/.git/description
164406 <> SyncState: /gcc_test.d/gitTmp/.git/FETCH_HEAD
164406 <> SyncState: /gcc_test.d/gitTmp/.git/HEAD
164406 <> SyncState: /gcc_test.d/gitTmp/.git/hooks
164406 <> SyncState: /gcc_test.d/gitTmp/.git/hooks/applypatch-msg.sample
164406 <> SyncState: /gcc_test.d/gitTmp/.git/hooks/commit-msg.sample
164406 <> SyncState: /gcc_test.d/gitTmp/.git/hooks/post-update.sample
164406 <> SyncState: /gcc_test.d/gitTmp/.git/hooks/pre-applypatch.sample
164406 <> SyncState: /gcc_test.d/gitTmp/.git/hooks/pre-commit.sample
164406 <> SyncState: /gcc_test.d/gitTmp/.git/hooks/pre-push.sample
164406 <> SyncState: /gcc_test.d/gitTmp/.git/hooks/pre-rebase.sample
164406 <> SyncState: /gcc_test.d/gitTmp/.git/hooks/prepare-commit-msg.sample
164406 <> SyncState: /gcc_test.d/gitTmp/.git/hooks/update.sample
164406 <> SyncState: /gcc_test.d/gitTmp/.git/index
164406 <> SyncState: /gcc_test.d/gitTmp/.git/info
164406 <> SyncState: /gcc_test.d/gitTmp/.git/info/exclude
164406 <> SyncState: /gcc_test.d/gitTmp/.git/logs
164406 <> SyncState: /gcc_test.d/gitTmp/.git/logs/HEAD
164406 <> SyncState: /gcc_test.d/gitTmp/.git/logs/refs
164406 <> SyncState: /gcc_test.d/gitTmp/.git/logs/refs/heads
164406 <> SyncState: /gcc_test.d/gitTmp/.git/logs/refs/heads/aaa
164406 <> SyncState: /gcc_test.d/gitTmp/.git/logs/refs/heads/fmaster
164406 <> SyncState: /gcc_test.d/gitTmp/.git/logs/refs/heads/kknd
164406 <> SyncState: /gcc_test.d/gitTmp/.git/logs/refs/heads/master
164406 <> SyncState: /gcc_test.d/gitTmp/.git/logs/refs/heads/origin
164406 <> SyncState: /gcc_test.d/gitTmp/.git/logs/refs/heads/test
164406 <> SyncState: /gcc_test.d/gitTmp/.git/logs/refs/heads/tmp
164406 <> SyncState: /gcc_test.d/gitTmp/.git/logs/refs/remotes
164406 <> SyncState: /gcc_test.d/gitTmp/.git/logs/refs/remotes/origin
164406 <> SyncState: /gcc_test.d/gitTmp/.git/logs/refs/remotes/origin/HEAD
164406 <> SyncState: /gcc_test.d/gitTmp/.git/logs/refs/remotes/origin/master
164406 <> SyncState: /gcc_test.d/gitTmp/.git/logs/refs/remotes/udisk
164406 <> SyncState: /gcc_test.d/gitTmp/.git/logs/refs/remotes/udisk/test
164406 <> SyncState: /gcc_test.d/gitTmp/.git/objects
164406 <> SyncState: /gcc_test.d/gitTmp/.git/objects/02
164406 <> SyncState: /gcc_test.d/gitTmp/.git/objects/02/325ff371738df8d11dd4096e1256a85a17c62c
164406 <> SyncState: /gcc_test.d/gitTmp/.git/objects/04
164406 <> SyncState: /gcc_test.d/gitTmp/.git/objects/04/1aaa10a6146520395dd063020f3c4db6194ea9
164406 <> SyncState: /gcc_test.d/gitTmp/.git/objects/08
164406 <> SyncState: /gcc_test.d/gitTmp/.git/objects/08/0065686364e45625c8f6ec5a860453937b44ea
164406 <> SyncState: /gcc_test.d/gitTmp/.git/objects/0d
164406 <> SyncState: /gcc_test.d/gitTmp/.git/objects/0d/78f56cae071306e7a4a01fd696048443f5ce30
164406 <> SyncState: /gcc_test.d/gitTmp/.git/objects/0f
164406 <> SyncState: /gcc_test.d/gitTmp/.git/objects/0f/70735166ecac280297360d32c69ead8a462de9
164406 <> SyncState: /gcc_test.d/gitTmp/.git/objects/0f/e0bc69538e3d24b2326f6fdb44705d24e32d5b
164406 <> SyncState: /gcc_test.d/gitTmp/.git/objects/11
164406 <> SyncState: /gcc_test.d/gitTmp/.git/objects/11/43438e279a5f88f1a8dfd02d39e21dad09788f
164406 <> SyncState: /gcc_test.d/gitTmp/.git/objects/11/9ab1fe1734c3db0a20a4fef49c3b1fd35c9a6a
164406 <> SyncState: /gcc_test.d/gitTmp/.git/objects/12
164406 <> SyncState: /gcc_test.d/gitTmp/.git/objects/12/c8bca1b86eec0df372cdb9f31a46fc2c7911ed
164406 <> SyncState: /gcc_test.d/gitTmp/.git/objects/1a
164406 <> SyncState: /gcc_test.d/gitTmp/.git/objects/1a/125819d378ee67bc6b2b9dfec6940775ee4ae9
164406 <> SyncState: /gcc_test.d/gitTmp/.git/objects/1c
164406 <> SyncState: /gcc_test.d/gitTmp/.git/objects/1c/9cc10acfea1178504a48139141522922d16a65
164406 <> SyncState: /gcc_test.d/gitTmp/.git/objects/21
164406 <> SyncState: /gcc_test.d/gitTmp/.git/objects/21/166c6acf0131aa37b0e682be435e5ad6d24d4b
164406 <> SyncState: /gcc_test.d/gitTmp/.git/objects/2a
164406 <> SyncState: /gcc_test.d/gitTmp/.git/objects/2a/26646674898f7948e621a1ea09ad1f413ef214
164406 <> SyncState: /gcc_test.d/gitTmp/.git/objects/2a/558c9093b70330f417fdccb294c94fb9ad653d
164406 <> SyncState: /gcc_test.d/gitTmp/.git/objects/2b
164406 <> SyncState: /gcc_test.d/gitTmp/.git/objects/2b/229c66f28dcfdadb71d0de102244728f2c031c
164406 <> SyncState: /gcc_test.d/gitTmp/.git/objects/2b/f3cd2b5927252082b1ec26c94a1174f82fb12e
164406 <> SyncState: /gcc_test.d/gitTmp/.git/objects/2c
164406 <> SyncState: /gcc_test.d/gitTmp/.git/objects/2c/0aeac35f401d9ac3143efd4b3df3dcce677b83
164406 <> SyncState: /gcc_test.d/gitTmp/.git/objects/2c/38535740c482355ae4c7e9a258403221b28123
164406 <> SyncState: /gcc_test.d/gitTmp/.git/objects/2f
164406 <> SyncState: /gcc_test.d/gitTmp/.git/objects/2f/0732c426ac2b44f9ada327ca4d2dae6437477f
164406 <> SyncState: /gcc_test.d/gitTmp/.git/objects/2f/15d21d52d74c6003504c7a68c6630dc85b96f6
164406 <> SyncState: /gcc_test.d/gitTmp/.git/objects/30
164406 <> SyncState: /gcc_test.d/gitTmp/.git/objects/30/2fee2887ab48686074ffb9362c1042d8e0853f
164406 <> SyncState: /gcc_test.d/gitTmp/.git/objects/32
164406 <> SyncState: /gcc_test.d/gitTmp/.git/objects/32/b8ca29bd40e57f0bbbe0693713cc2aae8dfb03
164406 <> SyncState: /gcc_test.d/gitTmp/.git/objects/32/e2008d294126e3ee935e619aca9eb9dea6c1c1
164406 <> SyncState: /gcc_test.d/gitTmp/.git/objects/33
164406 <> SyncState: /gcc_test.d/gitTmp/.git/objects/33/c7d4d610258e06376981db575d8582207a0da1
164406 <> SyncState: /gcc_test.d/gitTmp/.git/objects/39
164406 <> SyncState: /gcc_test.d/gitTmp/.git/objects/39/4d53c16ae3f1a18936f887a32568e4440405b0
164406 <> SyncState: /gcc_test.d/gitTmp/.git/objects/48
164406 <> SyncState: /gcc_test.d/gitTmp/.git/objects/48/335ddd883419160da5b386ea4021133535f3f2
164406 <> SyncState: /gcc_test.d/gitTmp/.git/objects/48/c7d8ee6866c58e8342459df35309a4116f3692
164406 <> SyncState: /gcc_test.d/gitTmp/.git/objects/48/f7fcd23b397d26ba6517fad7895004866d4a0d
164406 <> SyncState: /gcc_test.d/gitTmp/.git/objects/4c
164406 <> SyncState: /gcc_test.d/gitTmp/.git/objects/4c/d52114f4033bc48ae04ad384028e13c487bb69
164406 <> SyncState: /gcc_test.d/gitTmp/.git/objects/4d
164406 <> SyncState: /gcc_test.d/gitTmp/.git/objects/4d/73d5da7085e26a3938629cd4f89bde131d4052
164406 <> SyncState: /gcc_test.d/gitTmp/.git/objects/4e
164406 <> SyncState: /gcc_test.d/gitTmp/.git/objects/4e/d0c2b50425ae795bc9b560af66b2e9b84cb6cd
164406 <> SyncState: /gcc_test.d/gitTmp/.git/objects/4e/f29875854286b8a162bc35d2b8003267057a04
164406 <> SyncState: /gcc_test.d/gitTmp/.git/objects/51
164406 <> SyncState: /gcc_test.d/gitTmp/.git/objects/51/3dfed0da5d16a9ff1e37b189129b112a297945
164406 <> SyncState: /gcc_test.d/gitTmp/.git/objects/54
164406 <> SyncState: /gcc_test.d/gitTmp/.git/objects/54/0f66a388cafabcb3e2df3bd7b5b4c665cd3b33
164406 <> SyncState: /gcc_test.d/gitTmp/.git/objects/54/f1a4f1c436084862be361cfc81ba54ce90522d
164406 <> SyncState: /gcc_test.d/gitTmp/.git/objects/59
164406 <> SyncState: /gcc_test.d/gitTmp/.git/objects/59/13109a7c2549ec4ebbc19f10ba4cbe959a2661
164406 <> SyncState: /gcc_test.d/gitTmp/.git/objects/5e
164406 <> SyncState: /gcc_test.d/gitTmp/.git/objects/5e/3ee52699934e3f357ac98c2584a02d9eb5f687
164406 <> SyncState: /gcc_test.d/gitTmp/.git/objects/5f
164406 <> SyncState: /gcc_test.d/gitTmp/.git/objects/5f/45cb0f73d21cbd858110739b2680e14958f865
164406 <> SyncState: /gcc_test.d/gitTmp/.git/objects/6f
164406 <> SyncState: /gcc_test.d/gitTmp/.git/objects/6f/f5f4a84ea6881e76755e4c168a1dd1fc016cd0
164406 <> SyncState: /gcc_test.d/gitTmp/.git/objects/74
164406 <> SyncState: /gcc_test.d/gitTmp/.git/objects/74/1eccfdff41a5a52d058268fd81119dd0cbe2a2
164406 <> SyncState: /gcc_test.d/gitTmp/.git/objects/74/3003fcc68bd21e1fec34e3c284755662453e7b
164406 <> SyncState: /gcc_test.d/gitTmp/.git/objects/7a
164406 <> SyncState: /gcc_test.d/gitTmp/.git/objects/7a/279e2ff5d27ba421cfba0ce5228d5ac43405a5
164406 <> SyncState: /gcc_test.d/gitTmp/.git/objects/7e
164406 <> SyncState: /gcc_test.d/gitTmp/.git/objects/7e/2cc9198b3c544212369eb3de94d27835d24464
164406 <> SyncState: /gcc_test.d/gitTmp/.git/objects/7e/d912ec2e30b05bebd85e41c0eb4ca5f3b762dc
164406 <> SyncState: /gcc_test.d/gitTmp/.git/objects/80
164406 <> SyncState: /gcc_test.d/gitTmp/.git/objects/80/0b6eb162d841a79d33fe84b1add0f3b82ee161
164406 <> SyncState: /gcc_test.d/gitTmp/.git/objects/82
164406 <> SyncState: /gcc_test.d/gitTmp/.git/objects/82/1cbb71fc3db848324286e0d8cdb5c8c47765b2
164406 <> SyncState: /gcc_test.d/gitTmp/.git/objects/86
164406 <> SyncState: /gcc_test.d/gitTmp/.git/objects/86/2c7be1770418087c4d1db67b610b675edd5a6a
164406 <> SyncState: /gcc_test.d/gitTmp/.git/objects/86/ecf0d60fecd4aca4aa7b83e5883fff19f498c6
164406 <> SyncState: /gcc_test.d/gitTmp/.git/objects/8b
164406 <> SyncState: /gcc_test.d/gitTmp/.git/objects/8b/80c9c9cc304bf3a9c9396f1dd7bd9ae7ea6edc
164406 <> SyncState: /gcc_test.d/gitTmp/.git/objects/8f
164406 <> SyncState: /gcc_test.d/gitTmp/.git/objects/8f/1c49f8b114c1f69fb085df91e12408a2578dfa
164406 <> SyncState: /gcc_test.d/gitTmp/.git/objects/91
164406 <> SyncState: /gcc_test.d/gitTmp/.git/objects/91/ef5a31c70b817fb5ee0f4cb0ae98d21f433210
164406 <> SyncState: /gcc_test.d/gitTmp/.git/objects/92
164406 <> SyncState: /gcc_test.d/gitTmp/.git/objects/92/4d33b1d35661783be9f75b48247ae2e402a7a0
164406 <> SyncState: /gcc_test.d/gitTmp/.git/objects/94
164406 <> SyncState: /gcc_test.d/gitTmp/.git/objects/94/455719345ca4a50fabe837c37c311467d04547
164406 <> SyncState: /gcc_test.d/gitTmp/.git/objects/9d
164406 <> SyncState: /gcc_test.d/gitTmp/.git/objects/9d/ffe700ab3695df070f316a5d73e5ca19624017
164406 <> SyncState: /gcc_test.d/gitTmp/.git/objects/9e
164406 <> SyncState: /gcc_test.d/gitTmp/.git/objects/9e/97662958420c2bdd4e11d5bc7af660733f8ed0
164406 <> SyncState: /gcc_test.d/gitTmp/.git/objects/a3
164406 <> SyncState: /gcc_test.d/gitTmp/.git/objects/a3/d9142a0ae19a5f25f05b87a34818b0d2c28c3b
164406 <> SyncState: /gcc_test.d/gitTmp/.git/objects/a5
164406 <> SyncState: /gcc_test.d/gitTmp/.git/objects/a5/54e3574903a1b24e28c23e05394a42995af4df
164406 <> SyncState: /gcc_test.d/gitTmp/.git/objects/a8
164406 <> SyncState: /gcc_test.d/gitTmp/.git/objects/a8/d4e3b1af8cea51a9edfca7e300ab38307cb833
164406 <> SyncState: /gcc_test.d/gitTmp/.git/objects/ab
164406 <> SyncState: /gcc_test.d/gitTmp/.git/objects/ab/6ce577c538bbcea187c607fcc5228d05688e18
164406 <> SyncState: /gcc_test.d/gitTmp/.git/objects/ac
164406 <> SyncState: /gcc_test.d/gitTmp/.git/objects/ac/bbbb9c92cb2f6c23a377b45e401ba0f0eb094c
164406 <> SyncState: /gcc_test.d/gitTmp/.git/objects/b1
164406 <> SyncState: /gcc_test.d/gitTmp/.git/objects/b1/5382292c330d3b0d0b459f557f99d97c74da0e
164406 <> SyncState: /gcc_test.d/gitTmp/.git/objects/bb
164406 <> SyncState: /gcc_test.d/gitTmp/.git/objects/bb/1883b369f724c07eb603d4d4a0291e8f0e3561
164406 <> SyncState: /gcc_test.d/gitTmp/.git/objects/bb/c395b6384c7792bcd7ca2fe648caad87bdf323
164406 <> SyncState: /gcc_test.d/gitTmp/.git/objects/bc
164406 <> SyncState: /gcc_test.d/gitTmp/.git/objects/bc/2a63b7b297dd2ecd3ed030fe53abee72e0aa69
164406 <> SyncState: /gcc_test.d/gitTmp/.git/objects/bc/9f5113508c565512f78d37c261b18adc611a4c
164406 <> SyncState: /gcc_test.d/gitTmp/.git/objects/bd
164406 <> SyncState: /gcc_test.d/gitTmp/.git/objects/bd/9c70a838e562ab15a38197b673bfa7012cbb26
164406 <> SyncState: /gcc_test.d/gitTmp/.git/objects/c0
164406 <> SyncState: /gcc_test.d/gitTmp/.git/objects/c0/4dcd1e29ca8864058b3292fb05d0c8a2edc6d6
164406 <> SyncState: /gcc_test.d/gitTmp/.git/objects/c5
164406 <> SyncState: /gcc_test.d/gitTmp/.git/objects/c5/f9734a3a51e81f2bdc601e50f669a4c3aab0f3
164406 <> SyncState: /gcc_test.d/gitTmp/.git/objects/c7
164406 <> SyncState: /gcc_test.d/gitTmp/.git/objects/c7/9583b07f8a2ff4c5df7a31113f5876b98032e1
164406 <> SyncState: /gcc_test.d/gitTmp/.git/objects/c7/bef562cdc491e29935a14d450731bebd18d5f2
164406 <> SyncState: /gcc_test.d/gitTmp/.git/objects/cb
164406 <> SyncState: /gcc_test.d/gitTmp/.git/objects/cb/440abc3628829fadb7d4d0d708378e2fe8b08e
164406 <> SyncState: /gcc_test.d/gitTmp/.git/objects/d4
164406 <> SyncState: /gcc_test.d/gitTmp/.git/objects/d4/911591126310ebc4052cc1e3f92e070431cdde
164406 <> SyncState: /gcc_test.d/gitTmp/.git/objects/d4/b669a73d176a4d139c7e49c2169549d99a50dd
164406 <> SyncState: /gcc_test.d/gitTmp/.git/objects/d4/f24328c3b1b59f1d45e84082e8a2fb49c18ae3
164406 <> SyncState: /gcc_test.d/gitTmp/.git/objects/d5
164406 <> SyncState: /gcc_test.d/gitTmp/.git/objects/d5/4ad572872dd114fcc6992894a99e47d2ab69e5
164406 <> SyncState: /gcc_test.d/gitTmp/.git/objects/da
164406 <> SyncState: /gcc_test.d/gitTmp/.git/objects/da/27a4b5dd340d5554437f9ee6f6f7ec6541314e
164406 <> SyncState: /gcc_test.d/gitTmp/.git/objects/dc
164406 <> SyncState: /gcc_test.d/gitTmp/.git/objects/dc/c453d2d4e777b3c3eb5efd7fe7f97239135e2a
164406 <> SyncState: /gcc_test.d/gitTmp/.git/objects/de
164406 <> SyncState: /gcc_test.d/gitTmp/.git/objects/de/3eec0a6744f2b6c68dacb4e2cb5ff01eb6aa44
164406 <> SyncState: /gcc_test.d/gitTmp/.git/objects/df
164406 <> SyncState: /gcc_test.d/gitTmp/.git/objects/df/8f9d2ad3a10a9e073cb89de2ec0cea7b587c27
164406 <> SyncState: /gcc_test.d/gitTmp/.git/objects/e1
164406 <> SyncState: /gcc_test.d/gitTmp/.git/objects/e1/2fd2d0aefeaa61f87223bc286e28de2e1cb068
164406 <> SyncState: /gcc_test.d/gitTmp/.git/objects/e3
164406 <> SyncState: /gcc_test.d/gitTmp/.git/objects/e3/52a6f7c8cea48ac447521d8849ed3bb99e10a5
164406 <> SyncState: /gcc_test.d/gitTmp/.git/objects/ec
164406 <> SyncState: /gcc_test.d/gitTmp/.git/objects/ec/a6ed53ffb6243b1bd590f21b28294af7ddd434
164406 <> SyncState: /gcc_test.d/gitTmp/.git/objects/ed
164406 <> SyncState: /gcc_test.d/gitTmp/.git/objects/ed/56561448adb4157bdd36796ebc49131ec5a313
164406 <> SyncState: /gcc_test.d/gitTmp/.git/objects/f1
164406 <> SyncState: /gcc_test.d/gitTmp/.git/objects/f1/93ae8a27d6f972363a9f75509ba280c60f255f
164406 <> SyncState: /gcc_test.d/gitTmp/.git/objects/f3
164406 <> SyncState: /gcc_test.d/gitTmp/.git/objects/f3/645daafe3edcecc44e913d30696653f47f40d4
164406 <> SyncState: /gcc_test.d/gitTmp/.git/objects/f3/f964b18b5c20bd06795934312d272e02733364
164406 <> SyncState: /gcc_test.d/gitTmp/.git/objects/f5
164406 <> SyncState: /gcc_test.d/gitTmp/.git/objects/f5/13b67b3904949743ddd795fb2cbf324c34b184
164406 <> SyncState: /gcc_test.d/gitTmp/.git/objects/f9
164406 <> SyncState: /gcc_test.d/gitTmp/.git/objects/f9/e5da6a3df0dbe5a3affab84bcdb8e380198d67
164406 <> SyncState: /gcc_test.d/gitTmp/.git/objects/ff
164406 <> SyncState: /gcc_test.d/gitTmp/.git/objects/ff/b26b7c5921e46a61dedfb1bb324011300f3e8d
164406 <> SyncState: /gcc_test.d/gitTmp/.git/objects/info
164406 <> SyncState: /gcc_test.d/gitTmp/.git/objects/pack
164406 <> SyncState: /gcc_test.d/gitTmp/.git/objects/pack/pack-1334c9538c29737dc44d700ff73b7165acefad95.idx
164406 <> SyncState: /gcc_test.d/gitTmp/.git/objects/pack/pack-1334c9538c29737dc44d700ff73b7165acefad95.pack
164406 <> SyncState: /gcc_test.d/gitTmp/.git/ORIG_HEAD
164406 <> SyncState: /gcc_test.d/gitTmp/.git/packed-refs
164406 <> SyncState: /gcc_test.d/gitTmp/.git/refs
164406 <> SyncState: /gcc_test.d/gitTmp/.git/refs/heads
164406 <> SyncState: /gcc_test.d/gitTmp/.git/refs/heads/aaa
164406 <> SyncState: /gcc_test.d/gitTmp/.git/refs/heads/fmaster
164406 <> SyncState: /gcc_test.d/gitTmp/.git/refs/heads/kknd
164406 <> SyncState: /gcc_test.d/gitTmp/.git/refs/heads/master
164406 <> SyncState: /gcc_test.d/gitTmp/.git/refs/heads/origin
164406 <> SyncState: /gcc_test.d/gitTmp/.git/refs/heads/test
164406 <> SyncState: /gcc_test.d/gitTmp/.git/refs/heads/tmp
164406 <> SyncState: /gcc_test.d/gitTmp/.git/refs/remotes
164406 <> SyncState: /gcc_test.d/gitTmp/.git/refs/remotes/origin
164406 <> SyncState: /gcc_test.d/gitTmp/.git/refs/remotes/origin/HEAD
164406 <> SyncState: /gcc_test.d/gitTmp/.git/refs/remotes/origin/master
164406 <> SyncState: /gcc_test.d/gitTmp/.git/refs/remotes/udisk
164406 <> SyncState: /gcc_test.d/gitTmp/.git/refs/remotes/udisk/test
164406 <> SyncState: /gcc_test.d/gitTmp/.git/refs/tags
164406 <> SyncState: /gcc_test.d/gitTmp/file1
164406 <> SyncState: /gcc_test.d/gitTmp/file2
164406 <> SyncState: /gcc_test.d/gitTmp/file3
164406 <> SyncState: /gcc_test.d/gitTmp/file5
164406 <> SyncState: /gcc_test.d/gitTmp/file6
164406 <> SyncState: /gcc_test.d/gitTmp/master
164406 <> SyncState: /gcc_test.d/gitTmp/test
164406 <> SyncState: /gcc_test.d/greeting
164406 <> SyncState: /gcc_test.d/greeting.c
164406 <> SyncState: /gcc_test.d/makefile
164406 <> SyncState: /gcc_test.d/mini2440_raw_debug
164406 <> SyncState: /gcc_test.d/mini2440_raw_debug/lowlevel_init.o
164406 <> SyncState: /gcc_test.d/mini2440_raw_debug/lowlevel_init.S
164406 <> SyncState: /gcc_test.d/mini2440_raw_debug/makefile
164406 <> SyncState: /gcc_test.d/mini2440_raw_debug/mini2440.bin
164406 <> SyncState: /gcc_test.d/mini2440_raw_debug/mini2440.dis
164406 <> SyncState: /gcc_test.d/mini2440_raw_debug/mini2440.map
164406 <> SyncState: /gcc_test.d/mini2440_raw_debug/mini2440.objdump
164406 <> SyncState: /gcc_test.d/mini2440_raw_debug/mini2440.out
164406 <> SyncState: /gcc_test.d/mini2440_raw_debug/mini2440_raw_debug.lds
164406 <> SyncState: /gcc_test.d/mini2440_raw_debug/ooo
164406 <> SyncState: /gcc_test.d/mini2440_raw_debug/start.o
164406 <> SyncState: /gcc_test.d/mini2440_raw_debug/start.S
164406 <> SyncState: /gcc_test.d/mini2440_raw_debug/start.S.bak
164406 <> SyncState: /gcc_test.d/mini2440_raw_debug/start_c.c
164406 <> SyncState: /gcc_test.d/mini2440_raw_debug/start_c.o
164406 <> SyncState: /gcc_test.d/mini2440_raw_debug/tmp
164406 <> SyncState: /gcc_test.d/mini2440_raw_debug/tmp/makefile
164406 <> SyncState: /gcc_test.d/mini2440_raw_debug/tmp/mini2440.out
164406 <> SyncState: /gcc_test.d/mini2440_raw_debug/tmp/mini2440_raw_debug.lds
164406 <> SyncState: /gcc_test.d/mini2440_raw_debug/tmp/start.o
164406 <> SyncState: /gcc_test.d/mini2440_raw_debug/tmp/start.S
164406 <> SyncState: /gcc_test.d/mini2440_raw_debug/tmp/t.bin
164406 <> SyncState: /gcc_test.d/mini2440_raw_debug.lds
164406 <> SyncState: /gcc_test.d/mmap
164406 <> SyncState: /gcc_test.d/mmap/.git
164406 <> SyncState: /gcc_test.d/mmap/.git/branches
164406 <> SyncState: /gcc_test.d/mmap/.git/COMMIT_EDITMSG
164406 <> SyncState: /gcc_test.d/mmap/.git/config
164406 <> SyncState: /gcc_test.d/mmap/.git/description
164406 <> SyncState: /gcc_test.d/mmap/.git/HEAD
164406 <> SyncState: /gcc_test.d/mmap/.git/hooks
164406 <> SyncState: /gcc_test.d/mmap/.git/hooks/applypatch-msg.sample
164406 <> SyncState: /gcc_test.d/mmap/.git/hooks/commit-msg.sample
164406 <> SyncState: /gcc_test.d/mmap/.git/hooks/post-update.sample
164406 <> SyncState: /gcc_test.d/mmap/.git/hooks/pre-applypatch.sample
164406 <> SyncState: /gcc_test.d/mmap/.git/hooks/pre-commit.sample
164406 <> SyncState: /gcc_test.d/mmap/.git/hooks/pre-push.sample
164406 <> SyncState: /gcc_test.d/mmap/.git/hooks/pre-rebase.sample
164406 <> SyncState: /gcc_test.d/mmap/.git/hooks/prepare-commit-msg.sample
164406 <> SyncState: /gcc_test.d/mmap/.git/hooks/update.sample
164406 <> SyncState: /gcc_test.d/mmap/.git/index
164406 <> SyncState: /gcc_test.d/mmap/.git/info
164406 <> SyncState: /gcc_test.d/mmap/.git/info/exclude
164406 <> SyncState: /gcc_test.d/mmap/.git/objects
164406 <> SyncState: /gcc_test.d/mmap/.git/objects/39
164406 <> SyncState: /gcc_test.d/mmap/.git/objects/39/f1518565e8161bc07c315afc03b792100bcabd
164406 <> SyncState: /gcc_test.d/mmap/.git/objects/69
164406 <> SyncState: /gcc_test.d/mmap/.git/objects/69/a860514443f13afe1494a30e561ed38c7fa13f
164406 <> SyncState: /gcc_test.d/mmap/.git/objects/bd
164406 <> SyncState: /gcc_test.d/mmap/.git/objects/bd/f6ac5aa42f39ee5ae597c541fb5217587ea104
164406 <> SyncState: /gcc_test.d/mmap/.git/objects/dd
164406 <> SyncState: /gcc_test.d/mmap/.git/objects/dd/c35bb1c49485c00339e90245cf0bd30e6657ce
164406 <> SyncState: /gcc_test.d/mmap/.git/objects/e6
164406 <> SyncState: /gcc_test.d/mmap/.git/objects/e6/9de29bb2d1d6434b8b29ae775ad8c2e48c5391
164406 <> SyncState: /gcc_test.d/mmap/.git/objects/info
164406 <> SyncState: /gcc_test.d/mmap/.git/objects/pack
164406 <> SyncState: /gcc_test.d/mmap/.git/refs
164406 <> SyncState: /gcc_test.d/mmap/.git/refs/heads
164406 <> SyncState: /gcc_test.d/mmap/.git/refs/tags
164406 <> SyncState: /gcc_test.d/mmap/main.c
164406 <> SyncState: /gcc_test.d/mmap/main.o
164406 <> SyncState: /gcc_test.d/mmap/makefile
164406 <> SyncState: /gcc_test.d/mmap/mmap
164406 <> SyncState: /gcc_test.d/mmap/subDir
164406 <> SyncState: /gcc_test.d/mmap/subDir/test.c
164406 <> SyncState: /gcc_test.d/normal_test
164406 <> SyncState: /gcc_test.d/normal_test/makefile
164406 <> SyncState: /gcc_test.d/normal_test/test
164406 <> SyncState: /gcc_test.d/normal_test/test.c
164406 <> SyncState: /gcc_test.d/normal_test/test.h
164406 <> SyncState: /gcc_test.d/normal_test/test.o
164406 <> SyncState: /gcc_test.d/ppp
164406 <> SyncState: /gcc_test.d/proGit
164406 <> SyncState: /gcc_test.d/proGit/.git
164406 <> SyncState: /gcc_test.d/proGit/.git/branches
164406 <> SyncState: /gcc_test.d/proGit/.git/COMMIT_EDITMSG
164406 <> SyncState: /gcc_test.d/proGit/.git/config
164406 <> SyncState: /gcc_test.d/proGit/.git/description
164406 <> SyncState: /gcc_test.d/proGit/.git/FETCH_HEAD
164406 <> SyncState: /gcc_test.d/proGit/.git/HEAD
164406 <> SyncState: /gcc_test.d/proGit/.git/hooks
164406 <> SyncState: /gcc_test.d/proGit/.git/hooks/applypatch-msg.sample
164406 <> SyncState: /gcc_test.d/proGit/.git/hooks/commit-msg.sample
164406 <> SyncState: /gcc_test.d/proGit/.git/hooks/post-update.sample
164406 <> SyncState: /gcc_test.d/proGit/.git/hooks/pre-applypatch.sample
164406 <> SyncState: /gcc_test.d/proGit/.git/hooks/pre-commit.sample
164406 <> SyncState: /gcc_test.d/proGit/.git/hooks/pre-push.sample
164406 <> SyncState: /gcc_test.d/proGit/.git/hooks/pre-rebase.sample
164406 <> SyncState: /gcc_test.d/proGit/.git/hooks/prepare-commit-msg.sample
164406 <> SyncState: /gcc_test.d/proGit/.git/hooks/update.sample
164406 <> SyncState: /gcc_test.d/proGit/.git/index
164406 <> SyncState: /gcc_test.d/proGit/.git/info
164406 <> SyncState: /gcc_test.d/proGit/.git/info/exclude
164406 <> SyncState: /gcc_test.d/proGit/.git/logs
164406 <> SyncState: /gcc_test.d/proGit/.git/logs/HEAD
164406 <> SyncState: /gcc_test.d/proGit/.git/logs/refs
164406 <> SyncState: /gcc_test.d/proGit/.git/logs/refs/heads
164406 <> SyncState: /gcc_test.d/proGit/.git/logs/refs/heads/master
164406 <> SyncState: /gcc_test.d/proGit/.git/logs/refs/heads/test
164406 <> SyncState: /gcc_test.d/proGit/.git/logs/refs/remotes
164406 <> SyncState: /gcc_test.d/proGit/.git/logs/refs/remotes/origin
164406 <> SyncState: /gcc_test.d/proGit/.git/logs/refs/remotes/origin/master
164406 <> SyncState: /gcc_test.d/proGit/.git/logs/refs/remotes/origin/test
164406 <> SyncState: /gcc_test.d/proGit/.git/objects
164406 <> SyncState: /gcc_test.d/proGit/.git/objects/00
164406 <> SyncState: /gcc_test.d/proGit/.git/objects/00/32b88dd7cb95248945346cc348c94fa108ac28
164406 <> SyncState: /gcc_test.d/proGit/.git/objects/01
164406 <> SyncState: /gcc_test.d/proGit/.git/objects/01/49e8ff2e3e0c53d1c0af12b157a37730401632
164406 <> SyncState: /gcc_test.d/proGit/.git/objects/01/8b33b7a299b8a88a69ad606f38e3e31c8c5d5f
164406 <> SyncState: /gcc_test.d/proGit/.git/objects/03
164406 <> SyncState: /gcc_test.d/proGit/.git/objects/03/787e83310f93b9332c3a9d6c007c66465e58ac
164406 <> SyncState: /gcc_test.d/proGit/.git/objects/03/c795ed9e2b5db7aa47df2001655d921081150c
164406 <> SyncState: /gcc_test.d/proGit/.git/objects/04
164406 <> SyncState: /gcc_test.d/proGit/.git/objects/04/1b8d1be2a5eb712833f6d0b96e0ff94d0f82d6
164406 <> SyncState: /gcc_test.d/proGit/.git/objects/04/5918df81e7dd1ee84a8b40bcacf99ebaa7c9ff
164406 <> SyncState: /gcc_test.d/proGit/.git/objects/04/e56dec9714cb4e290004c0dcfb5a480764f327
164406 <> SyncState: /gcc_test.d/proGit/.git/objects/04/f4a2e55ad248cba040afb8fbe175550286004f
164406 <> SyncState: /gcc_test.d/proGit/.git/objects/05
164406 <> SyncState: /gcc_test.d/proGit/.git/objects/05/84ebd34d73431f29a8086ad7933d3f270cc14f
164406 <> SyncState: /gcc_test.d/proGit/.git/objects/05/f9820b3dc1f82fb9280eebc22566a8d82e8f4c
164406 <> SyncState: /gcc_test.d/proGit/.git/objects/06
164406 <> SyncState: /gcc_test.d/proGit/.git/objects/06/8e4f1c981acfe937e22c4e3995a9f6e90869be
164406 <> SyncState: /gcc_test.d/proGit/.git/objects/07
164406 <> SyncState: /gcc_test.d/proGit/.git/objects/07/fb243b8cba3afecdecf11ea63d58dd006cf793
164406 <> SyncState: /gcc_test.d/proGit/.git/objects/08
164406 <> SyncState: /gcc_test.d/proGit/.git/objects/08/c5d385546ea424c4cce066e2d51c6b28babf93
164406 <> SyncState: /gcc_test.d/proGit/.git/objects/09
164406 <> SyncState: /gcc_test.d/proGit/.git/objects/09/b84e8edd1e4e9b9c75a2b40fe7e54cc84c2e03
164406 <> SyncState: /gcc_test.d/proGit/.git/objects/0a
164406 <> SyncState: /gcc_test.d/proGit/.git/objects/0a/0241ce6a83fb3d185d2f7f3d02736a6628465b
164406 <> SyncState: /gcc_test.d/proGit/.git/objects/0a/8da9bf03ba4025f893a406e8cbac9a7ceb81dc
164406 <> SyncState: /gcc_test.d/proGit/.git/objects/0a/9d3e815ade2af0233d45d00eca585291eeed25
164406 <> SyncState: /gcc_test.d/proGit/.git/objects/0a/ced1a2d2b70a758b4247b03bfa8b0444f325ef
164406 <> SyncState: /gcc_test.d/proGit/.git/objects/0b
164406 <> SyncState: /gcc_test.d/proGit/.git/objects/0b/6c74182d44a1a53a80cad2a9c2408df29aa8d7
164406 <> SyncState: /gcc_test.d/proGit/.git/objects/0b/bc473ea800d44ab4ab3eae04289eb521c987a5
164406 <> SyncState: /gcc_test.d/proGit/.git/objects/0d
164406 <> SyncState: /gcc_test.d/proGit/.git/objects/0d/7eed5fa9fc4716b12e84dbbb846ecd5790883e
164406 <> SyncState: /gcc_test.d/proGit/.git/objects/0d/b9fffba9b5d9cfceea12fb6d4d6b9315008f56
164406 <> SyncState: /gcc_test.d/proGit/.git/objects/0e
164406 <> SyncState: /gcc_test.d/proGit/.git/objects/0e/c5511ed1f373b7a3b6a325c501f58861efc7e8
164406 <> SyncState: /gcc_test.d/proGit/.git/objects/0f
164406 <> SyncState: /gcc_test.d/proGit/.git/objects/0f/2a45ff4d3ea42f44dabddb7de8a31dc86a2298
164406 <> SyncState: /gcc_test.d/proGit/.git/objects/0f/8ab69458fa14ae9ab6cc2cacd4339ec85a3104
164406 <> SyncState: /gcc_test.d/proGit/.git/objects/10
164406 <> SyncState: /gcc_test.d/proGit/.git/objects/10/40d36ccb66db8918a6dab1130bc17f8924d032
164406 <> SyncState: /gcc_test.d/proGit/.git/objects/10/91f020c854e9a729ce1db7048995f3f5d1a6eb
164406 <> SyncState: /gcc_test.d/proGit/.git/objects/11
164406 <> SyncState: /gcc_test.d/proGit/.git/objects/11/018ee578ea68d7c9ce71c297ca87bb8bb9751a
164406 <> SyncState: /gcc_test.d/proGit/.git/objects/12
164406 <> SyncState: /gcc_test.d/proGit/.git/objects/12/1d2c718350fa99ee7ee8a4bd8f8f2c63c496e4
164406 <> SyncState: /gcc_test.d/proGit/.git/objects/12/96ee68ea608dbde305108f5da2152bb88f2a96
164406 <> SyncState: /gcc_test.d/proGit/.git/objects/13
164406 <> SyncState: /gcc_test.d/proGit/.git/objects/13/65166ae3cf8acfe56c2258ce243d05b1b8c21e
164406 <> SyncState: /gcc_test.d/proGit/.git/objects/13/c8c1b5d5f4ac2d4d381ff42cc4b672b5778ea3
164406 <> SyncState: /gcc_test.d/proGit/.git/objects/13/eecfe4ccb578863ab0af4ab766f7546690a83c
164406 <> SyncState: /gcc_test.d/proGit/.git/objects/14
164406 <> SyncState: /gcc_test.d/proGit/.git/objects/14/c0b763bc834575f862779beac1f8856c2d39a6
164406 <> SyncState: /gcc_test.d/proGit/.git/objects/14/c3c7f20da1415bf7e108f8b7674a8d32452c2c
164406 <> SyncState: /gcc_test.d/proGit/.git/objects/15
164406 <> SyncState: /gcc_test.d/proGit/.git/objects/15/0a133d954df44a667c1b611742d2347e753f40
164406 <> SyncState: /gcc_test.d/proGit/.git/objects/15/23eb883cc03c3328695aa3ac93fb128b367f59
164406 <> SyncState: /gcc_test.d/proGit/.git/objects/15/2ddd1ae9d9968fc56fea4b6f90dc95fd79f4e3
164406 <> SyncState: /gcc_test.d/proGit/.git/objects/15/e468e693dac52be30639c0ef274fa275e19553
164406 <> SyncState: /gcc_test.d/proGit/.git/objects/16
164406 <> SyncState: /gcc_test.d/proGit/.git/objects/16/2740b2e79e51d3c936ece497c2aa792a197e67
164406 <> SyncState: /gcc_test.d/proGit/.git/objects/16/46ab103cfaee8dcadb6a016143b1d0955e93c5
164406 <> SyncState: /gcc_test.d/proGit/.git/objects/16/66a6b87646c04d9bdb0ce9fb8cdabd8b7c76fe
164406 <> SyncState: /gcc_test.d/proGit/.git/objects/16/7909941165a5292884e93d3ba101dbf3fbe575
164406 <> SyncState: /gcc_test.d/proGit/.git/objects/16/a6e706e40397e476f8cff4c41005bb1b9bdc2a
164406 <> SyncState: /gcc_test.d/proGit/.git/objects/17
164406 <> SyncState: /gcc_test.d/proGit/.git/objects/17/0aee022d46732f1baaad3b2fdd78345bb55da4
164406 <> SyncState: /gcc_test.d/proGit/.git/objects/17/42ec95fe3f748a5a8238be0b954613ac7356d6
164406 <> SyncState: /gcc_test.d/proGit/.git/objects/18
164406 <> SyncState: /gcc_test.d/proGit/.git/objects/18/34146d4ef5931052540e4e4acc5d4dad61eac9
164406 <> SyncState: /gcc_test.d/proGit/.git/objects/18/efd007fde6525eac98d3414a7a30a036c8e809
164406 <> SyncState: /gcc_test.d/proGit/.git/objects/1a
164406 <> SyncState: /gcc_test.d/proGit/.git/objects/1a/7e6658f1cfa2412ce1b15529b16120c4fb1eb0
164406 <> SyncState: /gcc_test.d/proGit/.git/objects/1a/a22929675eaafd6d3ff71031827d1e411a08b7
164406 <> SyncState: /gcc_test.d/proGit/.git/objects/1b
164406 <> SyncState: /gcc_test.d/proGit/.git/objects/1b/7e43293ea17b73d784af9a74664db743779fa0
164406 <> SyncState: /gcc_test.d/proGit/.git/objects/1b/cd9a6c80b1b8d97c24950a3a2bd7692e374d8c
164406 <> SyncState: /gcc_test.d/proGit/.git/objects/1b/e82cd350173a574a80ff720450c0056435a98b
164406 <> SyncState: /gcc_test.d/proGit/.git/objects/1b/fb913575ac1a16b9d0ec0635227f70184a603b
164406 <> SyncState: /gcc_test.d/proGit/.git/objects/1c
164406 <> SyncState: /gcc_test.d/proGit/.git/objects/1c/2aa21599f3b3ec8c9db8d0876f08adf2b1b5ec
164406 <> SyncState: /gcc_test.d/proGit/.git/objects/1c/2d1e264fe656c6a6a366b92c785cf5209f4495
164406 <> SyncState: /gcc_test.d/proGit/.git/objects/1d
164406 <> SyncState: /gcc_test.d/proGit/.git/objects/1d/d8754b00f1e020abdd10d4e6e13c4063e81068
164406 <> SyncState: /gcc_test.d/proGit/.git/objects/1e
164406 <> SyncState: /gcc_test.d/proGit/.git/objects/1e/8ffe55fa022678db58be10d32d1ac48fd54644
164406 <> SyncState: /gcc_test.d/proGit/.git/objects/1e/c3f1770508cd1188beaab5917e705400bbc19c
164406 <> SyncState: /gcc_test.d/proGit/.git/objects/1e/d3cc94480afe76ca9c6ba0f2512f2355556051
164406 <> SyncState: /gcc_test.d/proGit/.git/objects/22
164406 <> SyncState: /gcc_test.d/proGit/.git/objects/22/03b616e00ade0382d4f219dc3a97139860529a
164406 <> SyncState: /gcc_test.d/proGit/.git/objects/23
164406 <> SyncState: /gcc_test.d/proGit/.git/objects/23/6850cb3ae9989886f997462d777a119e2c3e11
164406 <> SyncState: /gcc_test.d/proGit/.git/objects/24
164406 <> SyncState: /gcc_test.d/proGit/.git/objects/24/da2ab9a7e495468af6213a069177c0e4739d64
164406 <> SyncState: /gcc_test.d/proGit/.git/objects/24/e54807104254f6ba9e6258f6ef210be2f15aef
164406 <> SyncState: /gcc_test.d/proGit/.git/objects/25
164406 <> SyncState: /gcc_test.d/proGit/.git/objects/25/118c17564c6334b5ed61570d95154a892dfa85
164406 <> SyncState: /gcc_test.d/proGit/.git/objects/25/619cbca7f65c7c0a1b122fc56148c73144afb9
164406 <> SyncState: /gcc_test.d/proGit/.git/objects/25/805aa70530caed11ff744254ef20fdd80d638e
164406 <> SyncState: /gcc_test.d/proGit/.git/objects/27
164406 <> SyncState: /gcc_test.d/proGit/.git/objects/27/2a2a382ab606bfa7b4090847cc529e0a2c44c6
164406 <> SyncState: /gcc_test.d/proGit/.git/objects/27/415eb883b28b00f24a54f84f54663fbe5472d0
164406 <> SyncState: /gcc_test.d/proGit/.git/objects/27/dbe98c9820279373c3a622eaf25463621a6386
164406 <> SyncState: /gcc_test.d/proGit/.git/objects/28
164406 <> SyncState: /gcc_test.d/proGit/.git/objects/28/855908ce320a807371a1b5b7abfa1b3c2375f5
164406 <> SyncState: /gcc_test.d/proGit/.git/objects/28/a052a57403f24cf85a9d704cdb18b58f6499b8
164406 <> SyncState: /gcc_test.d/proGit/.git/objects/28/a700f497a8051bc4e26656a891b259a61e7d3b
164406 <> SyncState: /gcc_test.d/proGit/.git/objects/28/b4aebeefe7800780b8969d0d91eb18e00ced32
164406 <> SyncState: /gcc_test.d/proGit/.git/objects/28/ef8eb5330ff9646f698f7fe1ff8d2ef8c30e13
164406 <> SyncState: /gcc_test.d/proGit/.git/objects/29
164406 <> SyncState: /gcc_test.d/proGit/.git/objects/29/ec9c3afa098c4997154904b758a9497407814c
164406 <> SyncState: /gcc_test.d/proGit/.git/objects/2a
164406 <> SyncState: /gcc_test.d/proGit/.git/objects/2a/ccd9b3089d8797b2709de242d2d41e300afa0d
164406 <> SyncState: /gcc_test.d/proGit/.git/objects/2b
164406 <> SyncState: /gcc_test.d/proGit/.git/objects/2b/5caddc2b7af683ebedef1a8433935110f025d5
164406 <> SyncState: /gcc_test.d/proGit/.git/objects/2c
164406 <> SyncState: /gcc_test.d/proGit/.git/objects/2c/e5d9c426379a942f402d402613584346e01f66
164406 <> SyncState: /gcc_test.d/proGit/.git/objects/2c/fe682d53f70d8efe14c37e75c481ff75588e17
164406 <> SyncState: /gcc_test.d/proGit/.git/objects/2d
164406 <> SyncState: /gcc_test.d/proGit/.git/objects/2d/f4cba4503eca4f40bfcb41c8f1392fbc749a4f
164406 <> SyncState: /gcc_test.d/proGit/.git/objects/2e
164406 <> SyncState: /gcc_test.d/proGit/.git/objects/2e/138d1497d7ed073b0b20279f93ba9709be3f0a
164406 <> SyncState: /gcc_test.d/proGit/.git/objects/30
164406 <> SyncState: /gcc_test.d/proGit/.git/objects/30/05814e6cbce937aa316005dd0046f4bcd1e821
164406 <> SyncState: /gcc_test.d/proGit/.git/objects/30/92dc2a04687ce90524bc16d7ed68cf9d2d7f4d
164406 <> SyncState: /gcc_test.d/proGit/.git/objects/31
164406 <> SyncState: /gcc_test.d/proGit/.git/objects/31/3cd8eeeb20bec65d657abae67f04d0ce151735
164406 <> SyncState: /gcc_test.d/proGit/.git/objects/31/bf760264bc45e547ed47020fed622359dabe24
164406 <> SyncState: /gcc_test.d/proGit/.git/objects/31/e61a6dac4ee2d8c5c66c4f0de6e25e7aa6dd0a
164406 <> SyncState: /gcc_test.d/proGit/.git/objects/32
164406 <> SyncState: /gcc_test.d/proGit/.git/objects/32/eb55a35f65a507f17bc22226bd0c0277580e22
164406 <> SyncState: /gcc_test.d/proGit/.git/objects/33
164406 <> SyncState: /gcc_test.d/proGit/.git/objects/33/20cb1b847ea0586186ef6211ae09ec9489ba3a
164406 <> SyncState: /gcc_test.d/proGit/.git/objects/33/3670846f6195ed785b8a52c69eeda474557d70
164406 <> SyncState: /gcc_test.d/proGit/.git/objects/33/5a651d71494f638ccbc981fd59cabb338e3e19
164406 <> SyncState: /gcc_test.d/proGit/.git/objects/35
164406 <> SyncState: /gcc_test.d/proGit/.git/objects/35/bd40da0c40b75551cfdb7e52c3bb985e5ecffa
164406 <> SyncState: /gcc_test.d/proGit/.git/objects/35/e91454e7a466e712fc7e18c5bf7205d941b770
164406 <> SyncState: /gcc_test.d/proGit/.git/objects/36
164406 <> SyncState: /gcc_test.d/proGit/.git/objects/36/8171cf5799d362400d0adbd7eebdfff9ff2b89
164406 <> SyncState: /gcc_test.d/proGit/.git/objects/36/d3772bb3f03c7b0da8866c8f83809e5dab61c1
164406 <> SyncState: /gcc_test.d/proGit/.git/objects/38
164406 <> SyncState: /gcc_test.d/proGit/.git/objects/38/ffb8a196fd9a15c231fc178da967058294a493
164406 <> SyncState: /gcc_test.d/proGit/.git/objects/3a
164406 <> SyncState: /gcc_test.d/proGit/.git/objects/3a/b0441857ec698ac6d49ecd6ebc568f793ee3fe
164406 <> SyncState: /gcc_test.d/proGit/.git/objects/3b
164406 <> SyncState: /gcc_test.d/proGit/.git/objects/3b/8c3a5c6d2aee6a58d6131eac555b4852769406
164406 <> SyncState: /gcc_test.d/proGit/.git/objects/3c
164406 <> SyncState: /gcc_test.d/proGit/.git/objects/3c/501da4e571460e2bcdd8905af224eb55895d8f
164406 <> SyncState: /gcc_test.d/proGit/.git/objects/3d
164406 <> SyncState: /gcc_test.d/proGit/.git/objects/3d/03c54c55d95ac72166d1869c27ce1d69c8cf08
164406 <> SyncState: /gcc_test.d/proGit/.git/objects/3d/0843e7f178a21a603e6955cf7ba60e96f82780
164406 <> SyncState: /gcc_test.d/proGit/.git/objects/3e
164406 <> SyncState: /gcc_test.d/proGit/.git/objects/3e/a8f79b7529869c4e5cf10975a85b87f05fcc43
164406 <> SyncState: /gcc_test.d/proGit/.git/objects/3f
164406 <> SyncState: /gcc_test.d/proGit/.git/objects/3f/4fc48e685303b4bdf6f98ddf5cdce0c4c2eee5
164406 <> SyncState: /gcc_test.d/proGit/.git/objects/3f/e4da118017c2567e71925367b285d01c569b1a
164406 <> SyncState: /gcc_test.d/proGit/.git/objects/41
164406 <> SyncState: /gcc_test.d/proGit/.git/objects/41/30218b5f0d114ff1cb40ae56fd09517cf45ab2
164406 <> SyncState: /gcc_test.d/proGit/.git/objects/41/7e3a71a4a99133f96229a34621824cfccf5466
164406 <> SyncState: /gcc_test.d/proGit/.git/objects/41/dd49de0f08b4dc0bfaeae4f7f26db2c7f317a3
164406 <> SyncState: /gcc_test.d/proGit/.git/objects/42
164406 <> SyncState: /gcc_test.d/proGit/.git/objects/42/b4abc78fd26dece39cb9a83a4ad53f903eb9b1
164406 <> SyncState: /gcc_test.d/proGit/.git/objects/42/f0c64c7aa22e5b1f0fae092d101dbe23e0d6aa
164406 <> SyncState: /gcc_test.d/proGit/.git/objects/44
164406 <> SyncState: /gcc_test.d/proGit/.git/objects/44/47162d673a6bac468844880e37a9f571ad0d35
164406 <> SyncState: /gcc_test.d/proGit/.git/objects/44/a58499ddc79ce9a7070e5ebfe40f2b2f8f0810
164406 <> SyncState: /gcc_test.d/proGit/.git/objects/45
164406 <> SyncState: /gcc_test.d/proGit/.git/objects/45/0d5362441c1c881bb44fb542e223dcdcd3d529
164406 <> SyncState: /gcc_test.d/proGit/.git/objects/45/172be51e572654aba36ca9ac8cdbddc10762cb
164406 <> SyncState: /gcc_test.d/proGit/.git/objects/45/32db0253c8b484995ee8c5cbe32d4fc0ed566e
164406 <> SyncState: /gcc_test.d/proGit/.git/objects/47
164406 <> SyncState: /gcc_test.d/proGit/.git/objects/47/1fd1335458c5d413fab03ee92db93cd6b85af1
164406 <> SyncState: /gcc_test.d/proGit/.git/objects/47/eda173f5096250325783c2469491244d9b438a
164406 <> SyncState: /gcc_test.d/proGit/.git/objects/47/fd5ec47b51b43dec4523b62f65f2c83d86c770
164406 <> SyncState: /gcc_test.d/proGit/.git/objects/48
164406 <> SyncState: /gcc_test.d/proGit/.git/objects/48/3c3ee9244c38e451c1cc3a3b1f351394d4e467
164406 <> SyncState: /gcc_test.d/proGit/.git/objects/49
164406 <> SyncState: /gcc_test.d/proGit/.git/objects/49/0faa8a9091440b31020b9a93e6061a8079ec17
164406 <> SyncState: /gcc_test.d/proGit/.git/objects/4a
164406 <> SyncState: /gcc_test.d/proGit/.git/objects/4a/14b3eeed5201892c452e55e16a6d4083333356
164406 <> SyncState: /gcc_test.d/proGit/.git/objects/4a/c9c65243c6d7b443deb1f46a9a1dc48951d658
164406 <> SyncState: /gcc_test.d/proGit/.git/objects/4a/f787e78feb199da567634a89122a48421c9317
164406 <> SyncState: /gcc_test.d/proGit/.git/objects/4b
164406 <> SyncState: /gcc_test.d/proGit/.git/objects/4b/18e146834242a17920430d661d439f597fe467
164406 <> SyncState: /gcc_test.d/proGit/.git/objects/4b/c5107931a1292179749360beb594c91c093ae3
164406 <> SyncState: /gcc_test.d/proGit/.git/objects/4d
164406 <> SyncState: /gcc_test.d/proGit/.git/objects/4d/52e26ae1586ab03bbe41d4d42d6d2b2965b239
164406 <> SyncState: /gcc_test.d/proGit/.git/objects/4f
164406 <> SyncState: /gcc_test.d/proGit/.git/objects/4f/3ea552fe99c4e46efcf8ad4cda65f6ba533564
164406 <> SyncState: /gcc_test.d/proGit/.git/objects/4f/65650516c2d432954f1f45052398a0b55c0c45
164406 <> SyncState: /gcc_test.d/proGit/.git/objects/50
164406 <> SyncState: /gcc_test.d/proGit/.git/objects/50/477835eb336b3b4d8c0c670b01758867f58265
164406 <> SyncState: /gcc_test.d/proGit/.git/objects/52
164406 <> SyncState: /gcc_test.d/proGit/.git/objects/52/4a31877c02a84129c03c81e41f007c584e5d0d
164406 <> SyncState: /gcc_test.d/proGit/.git/objects/52/4b3f778a330e7e7d04ea9b03502ceacd2cbf78
164406 <> SyncState: /gcc_test.d/proGit/.git/objects/52/932d8aee2b0c3ee9eb3a346bcec0c56ad5da13
164406 <> SyncState: /gcc_test.d/proGit/.git/objects/53
164406 <> SyncState: /gcc_test.d/proGit/.git/objects/53/1c185a7e982e9e3a24d9f0803e8cf55f5215d7
164406 <> SyncState: /gcc_test.d/proGit/.git/objects/53/2b0bf1a951e093d016b3b667ce949f30739d5f
164406 <> SyncState: /gcc_test.d/proGit/.git/objects/54
164406 <> SyncState: /gcc_test.d/proGit/.git/objects/54/7eee937ad52ec3be830ecc2f1c3373aa4cdb2b
164406 <> SyncState: /gcc_test.d/proGit/.git/objects/55
164406 <> SyncState: /gcc_test.d/proGit/.git/objects/55/c28ca85f0eb402eabc62ab0c70626e3f21b89e
164406 <> SyncState: /gcc_test.d/proGit/.git/objects/55/ce0fef9c82f81019ca931c2eaca6d8f6358139
164406 <> SyncState: /gcc_test.d/proGit/.git/objects/56
164406 <> SyncState: /gcc_test.d/proGit/.git/objects/56/05df6d7b97a8a9a0b4d53a10bd7aab73206593
164406 <> SyncState: /gcc_test.d/proGit/.git/objects/56/15029f067e0ee3da191b0617ac1f0cb16b65cc
164406 <> SyncState: /gcc_test.d/proGit/.git/objects/56/4990f70c7c067fd5ad2dc743e6a371e1dfcdb8
164406 <> SyncState: /gcc_test.d/proGit/.git/objects/57
164406 <> SyncState: /gcc_test.d/proGit/.git/objects/57/a9c94d2b95aaf83bed2e38bb171c10f9cfe205
164406 <> SyncState: /gcc_test.d/proGit/.git/objects/57/b5672b613ae6427f23ce95977241b529f52a68
164406 <> SyncState: /gcc_test.d/proGit/.git/objects/58
164406 <> SyncState: /gcc_test.d/proGit/.git/objects/58/3b265be965dbe869706372daea2863e3fe0b03
164406 <> SyncState: /gcc_test.d/proGit/.git/objects/58/d861b28825bb020c6160b7d5d1b450276b4ba6
164406 <> SyncState: /gcc_test.d/proGit/.git/objects/58/d8d5dd70d98b485d40a4290c7f6e34723552f5
164406 <> SyncState: /gcc_test.d/proGit/.git/objects/58/e76b1153fc7071a4337fb6195a643911baf00d
164406 <> SyncState: /gcc_test.d/proGit/.git/objects/5b
164406 <> SyncState: /gcc_test.d/proGit/.git/objects/5b/7f111611fdad84e17152f13283e81ce9d9627f
164406 <> SyncState: /gcc_test.d/proGit/.git/objects/5e
164406 <> SyncState: /gcc_test.d/proGit/.git/objects/5e/31e63bfe1e8a564a40d68a1c2ec9f8dff28ace
164406 <> SyncState: /gcc_test.d/proGit/.git/objects/5e/dca08efec9d23f11e54b2e2c46aeaa7324cc2e
164406 <> SyncState: /gcc_test.d/proGit/.git/objects/5f
164406 <> SyncState: /gcc_test.d/proGit/.git/objects/5f/1546cda315b6e58eb1ccc65757eb747ce33f4c
164406 <> SyncState: /gcc_test.d/proGit/.git/objects/5f/432ab6e7ca02641863cd15784384384a8074e7
164406 <> SyncState: /gcc_test.d/proGit/.git/objects/5f/f658c7e72a2a020dd32b8cb136d55faf3b66f6
164406 <> SyncState: /gcc_test.d/proGit/.git/objects/60
164406 <> SyncState: /gcc_test.d/proGit/.git/objects/60/05eae18e225792946fafa0fa61d52b67afc681
164406 <> SyncState: /gcc_test.d/proGit/.git/objects/60/07405d1e1dbfb87194e84c172c26531a198141
164406 <> SyncState: /gcc_test.d/proGit/.git/objects/60/ca507bcdbd14e4a53793b664def9bbf82afe90
164406 <> SyncState: /gcc_test.d/proGit/.git/objects/61
164406 <> SyncState: /gcc_test.d/proGit/.git/objects/61/58f0f2b9103a10bcc731c8b2a2f0be73e10e20
164406 <> SyncState: /gcc_test.d/proGit/.git/objects/62
164406 <> SyncState: /gcc_test.d/proGit/.git/objects/62/7459a776dad3a00247d6489013b193793388f5
164406 <> SyncState: /gcc_test.d/proGit/.git/objects/62/8b150bfd11dc67646ae4a7402eca7e7d5acdea
164406 <> SyncState: /gcc_test.d/proGit/.git/objects/62/a0f58962ce8f3410596ed2d1db887f070e3d5a
164406 <> SyncState: /gcc_test.d/proGit/.git/objects/63
164406 <> SyncState: /gcc_test.d/proGit/.git/objects/63/0180a3d1e0d0c090dd43f7200988330f1a7821
164406 <> SyncState: /gcc_test.d/proGit/.git/objects/63/547fafce57e7a9174f99326e1e8209aacda48e
164406 <> SyncState: /gcc_test.d/proGit/.git/objects/63/6936f06c88a0241451602140c85a9630080c49
164406 <> SyncState: /gcc_test.d/proGit/.git/objects/65
164406 <> SyncState: /gcc_test.d/proGit/.git/objects/65/33506f510e74252150b07204a176cfedf4bb1c
164406 <> SyncState: /gcc_test.d/proGit/.git/objects/65/b1c46cb1c1e609e2929a7eb7bc872db5c288c0
164406 <> SyncState: /gcc_test.d/proGit/.git/objects/66
164406 <> SyncState: /gcc_test.d/proGit/.git/objects/66/824d847fc281ca12bbcbc961929cd78e5ac564
164406 <> SyncState: /gcc_test.d/proGit/.git/objects/66/d3a533ed7163236bd78da56ad71de9f1b2adf1
164406 <> SyncState: /gcc_test.d/proGit/.git/objects/6a
164406 <> SyncState: /gcc_test.d/proGit/.git/objects/6a/73a624f11d849e2924cc106d347256c896f63a
164406 <> SyncState: /gcc_test.d/proGit/.git/objects/6a/de742170176993023cb8405144febf8541928d
164406 <> SyncState: /gcc_test.d/proGit/.git/objects/6b
164406 <> SyncState: /gcc_test.d/proGit/.git/objects/6b/1402b345ad971b082a152a28ac193dfb4a0f7a
164406 <> SyncState: /gcc_test.d/proGit/.git/objects/6c
164406 <> SyncState: /gcc_test.d/proGit/.git/objects/6c/493ff740f9380390d5c9ddef4af18697ac9375
164406 <> SyncState: /gcc_test.d/proGit/.git/objects/6c/4a00a2b6f67aaf0cc48893e2f90bd751cf46ba
164406 <> SyncState: /gcc_test.d/proGit/.git/objects/6d
164406 <> SyncState: /gcc_test.d/proGit/.git/objects/6d/d10b73766693a22fa377f1fda712ed593b7fb4
164406 <> SyncState: /gcc_test.d/proGit/.git/objects/6e
164406 <> SyncState: /gcc_test.d/proGit/.git/objects/6e/a809c010428399b7ab0135e3cb13df0ac5e951
164406 <> SyncState: /gcc_test.d/proGit/.git/objects/6f
164406 <> SyncState: /gcc_test.d/proGit/.git/objects/6f/00dabc2cca621303b1ace6381942772a072c30
164406 <> SyncState: /gcc_test.d/proGit/.git/objects/6f/063406016a7fca145e4e0fe2c4bdb019d1bc6a
164406 <> SyncState: /gcc_test.d/proGit/.git/objects/70
164406 <> SyncState: /gcc_test.d/proGit/.git/objects/70/8659b09c143c390b6d7fd65038882e625bb1d7
164406 <> SyncState: /gcc_test.d/proGit/.git/objects/70/a523363d21c1e61a736fdfb77c93e8f2f8758b
164406 <> SyncState: /gcc_test.d/proGit/.git/objects/71
164406 <> SyncState: /gcc_test.d/proGit/.git/objects/71/b5a29411f681a95bb23d08429b130d4d45c644
164406 <> SyncState: /gcc_test.d/proGit/.git/objects/73
164406 <> SyncState: /gcc_test.d/proGit/.git/objects/73/1b0373083c1cade27fa45fa1d32fa0796294cc
164406 <> SyncState: /gcc_test.d/proGit/.git/objects/73/d508b82dbcde274ac50573d3bfb272ec97671b
164406 <> SyncState: /gcc_test.d/proGit/.git/objects/74
164406 <> SyncState: /gcc_test.d/proGit/.git/objects/74/ce03c3363f6795af11fc241df020739352c3d9
164406 <> SyncState: /gcc_test.d/proGit/.git/objects/74/dbef04df49487b882e4513eec8d5a757c619eb
164406 <> SyncState: /gcc_test.d/proGit/.git/objects/75
164406 <> SyncState: /gcc_test.d/proGit/.git/objects/75/2dd320c634d2774393a26287a93510801e13dd
164406 <> SyncState: /gcc_test.d/proGit/.git/objects/75/34afd89d08f92e2491dfc89a71c63e6143d22f
164406 <> SyncState: /gcc_test.d/proGit/.git/objects/76
164406 <> SyncState: /gcc_test.d/proGit/.git/objects/76/9cb3f05eecf79533d2455389acdf7f1e3594ec
164406 <> SyncState: /gcc_test.d/proGit/.git/objects/77
164406 <> SyncState: /gcc_test.d/proGit/.git/objects/77/306af85435707b0fcae9e8d124c67367dcff60
164406 <> SyncState: /gcc_test.d/proGit/.git/objects/77/64a1ea3ef1312c42fef0ebb6fdbcc4f4b1b1fb
164406 <> SyncState: /gcc_test.d/proGit/.git/objects/77/fa509db92239aa265bf71c4651ecfdcad24c97
164406 <> SyncState: /gcc_test.d/proGit/.git/objects/78
164406 <> SyncState: /gcc_test.d/proGit/.git/objects/78/5cf1560052152b7c8d547086c67d8f67f7d7ea
164406 <> SyncState: /gcc_test.d/proGit/.git/objects/78/6b8b289908cbb0ae07bb9755a8b57ff69bc2fb
164406 <> SyncState: /gcc_test.d/proGit/.git/objects/78/a5115455e04ac09b685ed4d251fe8d07e7e58f
164406 <> SyncState: /gcc_test.d/proGit/.git/objects/7d
164406 <> SyncState: /gcc_test.d/proGit/.git/objects/7d/bebc53890f9c1d85bd1dfd5165822e99769ac4
164406 <> SyncState: /gcc_test.d/proGit/.git/objects/7e
164406 <> SyncState: /gcc_test.d/proGit/.git/objects/7e/a09f59886000c0ec518121f9a3475b81f047f0
164406 <> SyncState: /gcc_test.d/proGit/.git/objects/80
164406 <> SyncState: /gcc_test.d/proGit/.git/objects/80/040bb4e30eee161e420a5510f1a1a62a98546b
164406 <> SyncState: /gcc_test.d/proGit/.git/objects/80/287671e1d6ccbe8d57abcb938a69c72203d3df
164406 <> SyncState: /gcc_test.d/proGit/.git/objects/80/63c65c1c772141ccda46f933bdf02e952267f6
164406 <> SyncState: /gcc_test.d/proGit/.git/objects/80/65dd373717e819461cd96d081db7dcd3107ffa
164406 <> SyncState: /gcc_test.d/proGit/.git/objects/80/a82697ca46b7e620e7083c34b8901786ff940a
164406 <> SyncState: /gcc_test.d/proGit/.git/objects/80/fbe47ff7d2405bd85b08f4a973302b0f472ee5
164406 <> SyncState: /gcc_test.d/proGit/.git/objects/81
164406 <> SyncState: /gcc_test.d/proGit/.git/objects/81/5d3f82646816f099ab87c7f6f711b3659e68a4
164406 <> SyncState: /gcc_test.d/proGit/.git/objects/81/d2e9959b723fb040ed06964ef9a3c65d54326b
164406 <> SyncState: /gcc_test.d/proGit/.git/objects/83
164406 <> SyncState: /gcc_test.d/proGit/.git/objects/83/7a1405556c9a564c2947b2080d69d462522ed6
164406 <> SyncState: /gcc_test.d/proGit/.git/objects/83/828acaa8d8722437df6bfe0026e81fdb09ef8b
164406 <> SyncState: /gcc_test.d/proGit/.git/objects/83/934568e6409e42e7a9550980f167c69088ce47
164406 <> SyncState: /gcc_test.d/proGit/.git/objects/84
164406 <> SyncState: /gcc_test.d/proGit/.git/objects/84/fdffe9f675a3f53b1dac54bc5d27b2d5e81dde
164406 <> SyncState: /gcc_test.d/proGit/.git/objects/85
164406 <> SyncState: /gcc_test.d/proGit/.git/objects/85/1c7e252cb7764caa609ab1cee92a62384c0e70
164406 <> SyncState: /gcc_test.d/proGit/.git/objects/85/4336431df527939363c3476c47687c5dcbf236
164406 <> SyncState: /gcc_test.d/proGit/.git/objects/85/a8af30432b543f6e523efbd9b423b5bba9f161
164406 <> SyncState: /gcc_test.d/proGit/.git/objects/86
164406 <> SyncState: /gcc_test.d/proGit/.git/objects/86/f7d9938f621d16b884179a7207057c520a96df
164406 <> SyncState: /gcc_test.d/proGit/.git/objects/88
164406 <> SyncState: /gcc_test.d/proGit/.git/objects/88/268d4874311c14cd414b1a4f47e254a00174d9
164406 <> SyncState: /gcc_test.d/proGit/.git/objects/89
164406 <> SyncState: /gcc_test.d/proGit/.git/objects/89/24514cc3e58adaf8fbfb9122e102cbfbc94e39
164406 <> SyncState: /gcc_test.d/proGit/.git/objects/89/85a5745e187b1d557b849df899cddd2deece1c
164406 <> SyncState: /gcc_test.d/proGit/.git/objects/89/88a06ad1dbefd16b0294a16436786ad6c38f1f
164406 <> SyncState: /gcc_test.d/proGit/.git/objects/89/e7e1fc25d2bcded4f79f8f5d1a5cf603dd87ed
164406 <> SyncState: /gcc_test.d/proGit/.git/objects/8a
164406 <> SyncState: /gcc_test.d/proGit/.git/objects/8a/5d5daab7be81963adaf27fb30f42a904e8b89e
164406 <> SyncState: /gcc_test.d/proGit/.git/objects/8a/90573d7079250f1774696abd804675f4f39080
164406 <> SyncState: /gcc_test.d/proGit/.git/objects/8a/ba3233b6fdf5813ca2975dd9d62919d4e13a79
164406 <> SyncState: /gcc_test.d/proGit/.git/objects/8a/d9d0a2ca7a1b2c447d485c19a7d14ed13b903c
164406 <> SyncState: /gcc_test.d/proGit/.git/objects/8c
164406 <> SyncState: /gcc_test.d/proGit/.git/objects/8c/dfacea247ec432b2d2eb44f56d895f1ceaa927
164406 <> SyncState: /gcc_test.d/proGit/.git/objects/8d
164406 <> SyncState: /gcc_test.d/proGit/.git/objects/8d/c48a3f410819850b4c06b4a739387b9de93b70
164406 <> SyncState: /gcc_test.d/proGit/.git/objects/8d/db01dc1ff59c9cbb790d3d4d516c149df866d9
164406 <> SyncState: /gcc_test.d/proGit/.git/objects/8e
164406 <> SyncState: /gcc_test.d/proGit/.git/objects/8e/063e6688996c363b17970e8b4b4a6ed0c0816a
164406 <> SyncState: /gcc_test.d/proGit/.git/objects/91
164406 <> SyncState: /gcc_test.d/proGit/.git/objects/91/da1ca33c57f7c70a3c98267c02809e1d1df81c
164406 <> SyncState: /gcc_test.d/proGit/.git/objects/92
164406 <> SyncState: /gcc_test.d/proGit/.git/objects/92/4a689ba6faecb4cbfb211d0cc274db475603bb
164406 <> SyncState: /gcc_test.d/proGit/.git/objects/92/6101a12ea3b5f941fe4e9802b05f08efb4b7de
164406 <> SyncState: /gcc_test.d/proGit/.git/objects/92/7f7de1c963766152b32a97bdd061209526562c
164406 <> SyncState: /gcc_test.d/proGit/.git/objects/92/a239a395f25fead39a3e25e80279019d2fc00b
164406 <> SyncState: /gcc_test.d/proGit/.git/objects/95
164406 <> SyncState: /gcc_test.d/proGit/.git/objects/95/8e8d603704326746f7c64dd4c7b35fe812db5b
164406 <> SyncState: /gcc_test.d/proGit/.git/objects/95/99fdeb034597d90d72d2f58396dee096885b79
164406 <> SyncState: /gcc_test.d/proGit/.git/objects/95/bf3acfb8d009851ca477d17a5bc039d4e5922c
164406 <> SyncState: /gcc_test.d/proGit/.git/objects/95/dc2b248e8b03cbd168a0af1e5a7000a50838d0
164406 <> SyncState: /gcc_test.d/proGit/.git/objects/96
164406 <> SyncState: /gcc_test.d/proGit/.git/objects/96/9e54a0c26983ba0acd3bf7295092b3fbe44146
164406 <> SyncState: /gcc_test.d/proGit/.git/objects/96/bf46fbac7b1f4548f6d67415e396e07f823a23
164406 <> SyncState: /gcc_test.d/proGit/.git/objects/97
164406 <> SyncState: /gcc_test.d/proGit/.git/objects/97/d61f515a515791fe317468eb003ac845690053
164406 <> SyncState: /gcc_test.d/proGit/.git/objects/9a
164406 <> SyncState: /gcc_test.d/proGit/.git/objects/9a/20adc868a628655122be0edca192aa713c3ff7
164406 <> SyncState: /gcc_test.d/proGit/.git/objects/9a/31feebeddb02c0249d24d025d50c459b72bb6b
164406 <> SyncState: /gcc_test.d/proGit/.git/objects/9a/54e916c1fb0d9af663a8918d7efaab1bbc8326
164406 <> SyncState: /gcc_test.d/proGit/.git/objects/9a/b463b94496c505954b8623101e4c10934aa317
164406 <> SyncState: /gcc_test.d/proGit/.git/objects/9a/dbe50d60f6c0da24343d2cc2e0a7e1ce7a0be3
164406 <> SyncState: /gcc_test.d/proGit/.git/objects/9b
164406 <> SyncState: /gcc_test.d/proGit/.git/objects/9b/55ee54fe3d6d7569b0c42956166ed9466d8349
164406 <> SyncState: /gcc_test.d/proGit/.git/objects/9b/f4c2a9da714fdc60d2221a6dfee8fa761f81cd
164406 <> SyncState: /gcc_test.d/proGit/.git/objects/9c
164406 <> SyncState: /gcc_test.d/proGit/.git/objects/9c/3920e1b5b084cd75f86b3d86021038365d54ef
164406 <> SyncState: /gcc_test.d/proGit/.git/objects/9c/67d49142db907a77cd2ed1b005c6841e62025d
164406 <> SyncState: /gcc_test.d/proGit/.git/objects/9c/efa3c3a7327b3f51d15b5bda893a6867b22455
164406 <> SyncState: /gcc_test.d/proGit/.git/objects/9d
164406 <> SyncState: /gcc_test.d/proGit/.git/objects/9d/50ee585df7d93f9f6101517a8302f429f6faf6
164406 <> SyncState: /gcc_test.d/proGit/.git/objects/9e
164406 <> SyncState: /gcc_test.d/proGit/.git/objects/9e/40f7ee82458e44ad904dd0091498b1323b6399
164406 <> SyncState: /gcc_test.d/proGit/.git/objects/9e/a4ba55465ad2fe59ac72a3ad595c5bdbeb17cc
164406 <> SyncState: /gcc_test.d/proGit/.git/objects/9f
164406 <> SyncState: /gcc_test.d/proGit/.git/objects/9f/2aeba73d05bfdecc50a6da151f8de3ef73f6da
164406 <> SyncState: /gcc_test.d/proGit/.git/objects/9f/7b05f16d71243716f7c0b5b2d80e1e7c8bc3b5
164406 <> SyncState: /gcc_test.d/proGit/.git/objects/9f/e017729c280a585d4e895b8ebd4f61ae645d80
164406 <> SyncState: /gcc_test.d/proGit/.git/objects/a0
164406 <> SyncState: /gcc_test.d/proGit/.git/objects/a0/71ddb7f36bd944d2b40bd5b59ab46dae14dfa5
164406 <> SyncState: /gcc_test.d/proGit/.git/objects/a0/c78a2b783a765fe41c0ccdb81e49c1e6abe931
164406 <> SyncState: /gcc_test.d/proGit/.git/objects/a1
164406 <> SyncState: /gcc_test.d/proGit/.git/objects/a1/10733db82b45ff86b3a8ddd1deb5fcb6ea1d3b
164406 <> SyncState: /gcc_test.d/proGit/.git/objects/a1/151662bf74b84d3ee5d2a72638f6b3810cd0ce
164406 <> SyncState: /gcc_test.d/proGit/.git/objects/a1/296b0916054522844c12d2c20899ec48442a51
164406 <> SyncState: /gcc_test.d/proGit/.git/objects/a1/f30eac9017f5237f5c84f8a8efe2a12241bcf1
164406 <> SyncState: /gcc_test.d/proGit/.git/objects/a2
164406 <> SyncState: /gcc_test.d/proGit/.git/objects/a2/066c5e4afbeb14893bce42df7d999c4578a552
164406 <> SyncState: /gcc_test.d/proGit/.git/objects/a2/3ad7aa3ada72f3da05e797bf87b0d0df69e2f2
164406 <> SyncState: /gcc_test.d/proGit/.git/objects/a2/9b46c4f2ae91a162c881ca75373160c71f0aea
164406 <> SyncState: /gcc_test.d/proGit/.git/objects/a3
164406 <> SyncState: /gcc_test.d/proGit/.git/objects/a3/6538466e9b1ec69163bfee23795c69d2ca9cd8
164406 <> SyncState: /gcc_test.d/proGit/.git/objects/a3/e9013e35a9c5431a6521a2eba5466b8232abd8
164406 <> SyncState: /gcc_test.d/proGit/.git/objects/a5
164406 <> SyncState: /gcc_test.d/proGit/.git/objects/a5/9d36b97316800f50365798696b8569bb85d944
164406 <> SyncState: /gcc_test.d/proGit/.git/objects/a5/cf25e8e0f7d3eaad533a56bdf15a503f8b8934
164406 <> SyncState: /gcc_test.d/proGit/.git/objects/a6
164406 <> SyncState: /gcc_test.d/proGit/.git/objects/a6/8f6e8e4b01f0ca87a3b430c14425a5010a4576
164406 <> SyncState: /gcc_test.d/proGit/.git/objects/a7
164406 <> SyncState: /gcc_test.d/proGit/.git/objects/a7/20e77f52375d3273ea1a9043fbd444513e0b68
164406 <> SyncState: /gcc_test.d/proGit/.git/objects/a8
164406 <> SyncState: /gcc_test.d/proGit/.git/objects/a8/4b283414ac416d966eab5d5cb670464dcabe94
164406 <> SyncState: /gcc_test.d/proGit/.git/objects/a8/ccaee227760f867d8110d346989ffd52c88c9f
164406 <> SyncState: /gcc_test.d/proGit/.git/objects/aa
164406 <> SyncState: /gcc_test.d/proGit/.git/objects/aa/82a82e623aaf5f6fd82f62193ca90a3ec68a8f
164406 <> SyncState: /gcc_test.d/proGit/.git/objects/aa/c1a326fb8d2a85830e6905ab9dd3a067eeccb8
164406 <> SyncState: /gcc_test.d/proGit/.git/objects/ab
164406 <> SyncState: /gcc_test.d/proGit/.git/objects/ab/0d36677dcd6dd76fe7d9a102edcac9e7387c28
164406 <> SyncState: /gcc_test.d/proGit/.git/objects/ab/aeb3dc469aef2fcb43d3ad047d8d95d48bd744
164406 <> SyncState: /gcc_test.d/proGit/.git/objects/ac
164406 <> SyncState: /gcc_test.d/proGit/.git/objects/ac/4932951c0f8ad2987a9368eb81dac6e763a28a
164406 <> SyncState: /gcc_test.d/proGit/.git/objects/ad
164406 <> SyncState: /gcc_test.d/proGit/.git/objects/ad/b19a958779a2319a52b2401aafae32afaabc4d
164406 <> SyncState: /gcc_test.d/proGit/.git/objects/ae
164406 <> SyncState: /gcc_test.d/proGit/.git/objects/ae/5306145a0e9f6d1ebf4c9dc041c92e2b13bbd6
164406 <> SyncState: /gcc_test.d/proGit/.git/objects/ae/7005b14105e8766a07f243f8db948be0270b72
164406 <> SyncState: /gcc_test.d/proGit/.git/objects/b0
164406 <> SyncState: /gcc_test.d/proGit/.git/objects/b0/2000778564431d2df2d92744be2c714c8f88be
164406 <> SyncState: /gcc_test.d/proGit/.git/objects/b1
164406 <> SyncState: /gcc_test.d/proGit/.git/objects/b1/08fca02150c5c7633c8b74e39fff0417eb8c6e
164406 <> SyncState: /gcc_test.d/proGit/.git/objects/b1/be3694c4fcc9dd1aa0dbe1678ebd2247f41c44
164406 <> SyncState: /gcc_test.d/proGit/.git/objects/b2
164406 <> SyncState: /gcc_test.d/proGit/.git/objects/b2/19a017cc1cafd407cc39428d32543d6b546309
164406 <> SyncState: /gcc_test.d/proGit/.git/objects/b2/5e9e424ebd0518b23188ce50cf10bf0dd1f07d
164406 <> SyncState: /gcc_test.d/proGit/.git/objects/b3
164406 <> SyncState: /gcc_test.d/proGit/.git/objects/b3/4224124584a5b9a2e36a48fbe015614077ac8b
164406 <> SyncState: /gcc_test.d/proGit/.git/objects/b3/98d1d266554ae0f89a0c2dec71fc941de42389
164406 <> SyncState: /gcc_test.d/proGit/.git/objects/b3/e1de0a50948d3f966c61db59f3dc55d74b9571
164406 <> SyncState: /gcc_test.d/proGit/.git/objects/b6
164406 <> SyncState: /gcc_test.d/proGit/.git/objects/b6/68263e2b2a6a64104094ab487926cf53391f4f
164406 <> SyncState: /gcc_test.d/proGit/.git/objects/b7
164406 <> SyncState: /gcc_test.d/proGit/.git/objects/b7/0466afe4e421c9bbf4731ec168fb776f613af0
164406 <> SyncState: /gcc_test.d/proGit/.git/objects/b7/5b655ee3c711ed416a0dc0f4151e3692c22c3d
164406 <> SyncState: /gcc_test.d/proGit/.git/objects/b8
164406 <> SyncState: /gcc_test.d/proGit/.git/objects/b8/9acc8c51222c6525bb43ac7458c8b2e6dcd015
164406 <> SyncState: /gcc_test.d/proGit/.git/objects/b9
164406 <> SyncState: /gcc_test.d/proGit/.git/objects/b9/fae129ad9d724340cc0d50bfd26df0b7aca742
164406 <> SyncState: /gcc_test.d/proGit/.git/objects/ba
164406 <> SyncState: /gcc_test.d/proGit/.git/objects/ba/b223c00355f6b9f9b321eca941f9acf1a78e14
164406 <> SyncState: /gcc_test.d/proGit/.git/objects/ba/ba3e7157d647d600c91d449bccdbed29d2cfeb
164406 <> SyncState: /gcc_test.d/proGit/.git/objects/ba/c3f41540362b9b43251959b8d129b2ecf5b37e
164406 <> SyncState: /gcc_test.d/proGit/.git/objects/bb
164406 <> SyncState: /gcc_test.d/proGit/.git/objects/bb/95d05ecb227ab759da341ebfbd00a0bd2ca9df
164406 <> SyncState: /gcc_test.d/proGit/.git/objects/bc
164406 <> SyncState: /gcc_test.d/proGit/.git/objects/bc/72b8cbf9c460b8ca6068756cf864d4d49ece10
164406 <> SyncState: /gcc_test.d/proGit/.git/objects/bd
164406 <> SyncState: /gcc_test.d/proGit/.git/objects/bd/8f69039cb3d2ec197ca2ff02a7f8576e6e7741
164406 <> SyncState: /gcc_test.d/proGit/.git/objects/bd/feff96a5b58f8d0622078e4446f10913101579
164406 <> SyncState: /gcc_test.d/proGit/.git/objects/be
164406 <> SyncState: /gcc_test.d/proGit/.git/objects/be/5cdb655d9f4712d47b2ea46b8efaa7cd5095f7
164406 <> SyncState: /gcc_test.d/proGit/.git/objects/bf
164406 <> SyncState: /gcc_test.d/proGit/.git/objects/bf/be81c8b0d1cf812a87bfc115664eb8c852be1a
164406 <> SyncState: /gcc_test.d/proGit/.git/objects/c0
164406 <> SyncState: /gcc_test.d/proGit/.git/objects/c0/69e0f399c0d205946facbd1afca0b30b00db05
164406 <> SyncState: /gcc_test.d/proGit/.git/objects/c1
164406 <> SyncState: /gcc_test.d/proGit/.git/objects/c1/622901a1344fbaa6fcfb0504fa806ff90344a0
164406 <> SyncState: /gcc_test.d/proGit/.git/objects/c2
164406 <> SyncState: /gcc_test.d/proGit/.git/objects/c2/0496509ff7470e3bbaf4a28bfbc42132933d68
164406 <> SyncState: /gcc_test.d/proGit/.git/objects/c2/632859177543c670e429e9ab9116145a6110cf
164406 <> SyncState: /gcc_test.d/proGit/.git/objects/c4
164406 <> SyncState: /gcc_test.d/proGit/.git/objects/c4/3c1bb43da658ab697c1008197605025e865f3d
164406 <> SyncState: /gcc_test.d/proGit/.git/objects/c4/abf7859277c7732e851ff41c86b4e641d8b5a8
164406 <> SyncState: /gcc_test.d/proGit/.git/objects/c5
164406 <> SyncState: /gcc_test.d/proGit/.git/objects/c5/b31851acebba68fa9867147459ad72173133d9
164406 <> SyncState: /gcc_test.d/proGit/.git/objects/c6
164406 <> SyncState: /gcc_test.d/proGit/.git/objects/c6/2c305ac846ca0e017c4c0b04db1983c3b517f4
164406 <> SyncState: /gcc_test.d/proGit/.git/objects/c6/9a3adbef4c7e255caeb08243d12019ee17b200
164406 <> SyncState: /gcc_test.d/proGit/.git/objects/c7
164406 <> SyncState: /gcc_test.d/proGit/.git/objects/c7/d477b6fcdd30d76f3fa271cc84092d4424b27d
164406 <> SyncState: /gcc_test.d/proGit/.git/objects/c8
164406 <> SyncState: /gcc_test.d/proGit/.git/objects/c8/400900a42845e1c9d641f17a08e473a8581969
164406 <> SyncState: /gcc_test.d/proGit/.git/objects/ca
164406 <> SyncState: /gcc_test.d/proGit/.git/objects/ca/bf0b45c180a405ab8ae56af791a41493ef0bb6
164406 <> SyncState: /gcc_test.d/proGit/.git/objects/cb
164406 <> SyncState: /gcc_test.d/proGit/.git/objects/cb/bb01a45ad28893b9221c1059923205a2252de9
164406 <> SyncState: /gcc_test.d/proGit/.git/objects/cd
164406 <> SyncState: /gcc_test.d/proGit/.git/objects/cd/c2c168182ef5803cdb37acbe1ef07f3d26545c
164406 <> SyncState: /gcc_test.d/proGit/.git/objects/cf
164406 <> SyncState: /gcc_test.d/proGit/.git/objects/cf/0cb6d9470970deaff41bbe91cc0587b806297d
164406 <> SyncState: /gcc_test.d/proGit/.git/objects/cf/5942b8df3ca6005e90be52d4cc3859aa91da9b
164406 <> SyncState: /gcc_test.d/proGit/.git/objects/cf/8c767b514b48bc549c48414613aeada365fc92
164406 <> SyncState: /gcc_test.d/proGit/.git/objects/d0
164406 <> SyncState: /gcc_test.d/proGit/.git/objects/d0/27d1546671f9d6a2310250fa6933e95d4b67aa
164406 <> SyncState: /gcc_test.d/proGit/.git/objects/d0/532f3ea60d02503a62d09a715805dab0f815ba
164406 <> SyncState: /gcc_test.d/proGit/.git/objects/d0/e99eb3b01fbcbd3fd3fad443d3915962105db3
164406 <> SyncState: /gcc_test.d/proGit/.git/objects/d1
164406 <> SyncState: /gcc_test.d/proGit/.git/objects/d1/0d31182183c4bb29d1e9971309c08a42020694
164406 <> SyncState: /gcc_test.d/proGit/.git/objects/d1/857949bcf0755be5bab54ae03d5f498c535fcd
164406 <> SyncState: /gcc_test.d/proGit/.git/objects/d1/dc4caeac6bd454e5c70f133ac19a806a017b14
164406 <> SyncState: /gcc_test.d/proGit/.git/objects/d1/f79d26aa612b01f86c2a75beb10e9bee824fbd
164406 <> SyncState: /gcc_test.d/proGit/.git/objects/d3
164406 <> SyncState: /gcc_test.d/proGit/.git/objects/d3/6a63646ee3a00b484d61e40a4410e3abd20272
164406 <> SyncState: /gcc_test.d/proGit/.git/objects/d3/9e315495ec2522905b77666ee7b982fe37f6f9
164406 <> SyncState: /gcc_test.d/proGit/.git/objects/d3/cbe5d474e72bb4905a25ef860f4bf48bc9ee92
164406 <> SyncState: /gcc_test.d/proGit/.git/objects/d3/cc855bbe3b0343a0b874c2aad3f2b0d9a5edac
164406 <> SyncState: /gcc_test.d/proGit/.git/objects/d4
164406 <> SyncState: /gcc_test.d/proGit/.git/objects/d4/3a9651b35b900090200e8e36e0b16a8582d663
164406 <> SyncState: /gcc_test.d/proGit/.git/objects/d4/512d2d1f9e6ac76b3dad78ddd44e13a88af1bf
164406 <> SyncState: /gcc_test.d/proGit/.git/objects/d5
164406 <> SyncState: /gcc_test.d/proGit/.git/objects/d5/83f61349a3c1ecca42c51f73b45fbd10942783
164406 <> SyncState: /gcc_test.d/proGit/.git/objects/d5/cbdeff430d07bba271b057688285fdc784a4b3
164406 <> SyncState: /gcc_test.d/proGit/.git/objects/d5/f951372b6c6343e39b1e9cbbc3fd2fc95f5599
164406 <> SyncState: /gcc_test.d/proGit/.git/objects/d6
164406 <> SyncState: /gcc_test.d/proGit/.git/objects/d6/ac4cbca07b0b90b71de233671c5749a7af501d
164406 <> SyncState: /gcc_test.d/proGit/.git/objects/d6/dc3a487003832b7e324d3eedc61ec4d0d20955
164406 <> SyncState: /gcc_test.d/proGit/.git/objects/d8
164406 <> SyncState: /gcc_test.d/proGit/.git/objects/d8/93da8476aaa0c411fb73668b5500c250dff0f7
164406 <> SyncState: /gcc_test.d/proGit/.git/objects/d9
164406 <> SyncState: /gcc_test.d/proGit/.git/objects/d9/73f101a356cee3d241de7ca5dc2ad50c5f6474
164406 <> SyncState: /gcc_test.d/proGit/.git/objects/da
164406 <> SyncState: /gcc_test.d/proGit/.git/objects/da/a42ad6fd1cbf03a08cc71bc34ed4fdc3af722f
164406 <> SyncState: /gcc_test.d/proGit/.git/objects/da/f7acdcd09668462fa2cdb05e5675c8cad50331
164406 <> SyncState: /gcc_test.d/proGit/.git/objects/db
164406 <> SyncState: /gcc_test.d/proGit/.git/objects/db/a1a2f25f2a5259010bbdce8c9837db5bf72e73
164406 <> SyncState: /gcc_test.d/proGit/.git/objects/dc
164406 <> SyncState: /gcc_test.d/proGit/.git/objects/dc/a535904688c2dcf37a2114468f4a572ade0612
164406 <> SyncState: /gcc_test.d/proGit/.git/objects/dd
164406 <> SyncState: /gcc_test.d/proGit/.git/objects/dd/5ebfd4adf734e51691077546c6eeb9cf26dc82
164406 <> SyncState: /gcc_test.d/proGit/.git/objects/dd/63bb816d3a572b08b8b52fc0285d7722b687fc
164406 <> SyncState: /gcc_test.d/proGit/.git/objects/dd/a1db00307023ff4a533bba7805163d75ac1a6c
164406 <> SyncState: /gcc_test.d/proGit/.git/objects/de
164406 <> SyncState: /gcc_test.d/proGit/.git/objects/de/fc57d93140bf64346811f7beac2edf8575032d
164406 <> SyncState: /gcc_test.d/proGit/.git/objects/df
164406 <> SyncState: /gcc_test.d/proGit/.git/objects/df/267b4ac3fad969d8c0a5a7d45202b60addfd3e
164406 <> SyncState: /gcc_test.d/proGit/.git/objects/e1
164406 <> SyncState: /gcc_test.d/proGit/.git/objects/e1/5f0d1d5d42eebd923bfa0e4c799b240fb3aea2
164406 <> SyncState: /gcc_test.d/proGit/.git/objects/e1/e2d10401a11de065287154f3a69da0a5d637e8
164406 <> SyncState: /gcc_test.d/proGit/.git/objects/e2
164406 <> SyncState: /gcc_test.d/proGit/.git/objects/e2/5f8e04dfafdf71bb79026a7e8289338b1be874
164406 <> SyncState: /gcc_test.d/proGit/.git/objects/e2/912bfcf361438d78b69111d75230e83a81d16c
164406 <> SyncState: /gcc_test.d/proGit/.git/objects/e2/d3d357979a12698bebd3ec0a972fadf9add73c
164406 <> SyncState: /gcc_test.d/proGit/.git/objects/e5
164406 <> SyncState: /gcc_test.d/proGit/.git/objects/e5/1194ee570b51ef91c3f0c686d2937fad512f7b
164406 <> SyncState: /gcc_test.d/proGit/.git/objects/e5/49eadd8a17290c58de4c9486657e93c89cbdeb
164406 <> SyncState: /gcc_test.d/proGit/.git/objects/e5/e2fb3a60692cc3c60e1fb278d62556e72d6dcf
164406 <> SyncState: /gcc_test.d/proGit/.git/objects/e6
164406 <> SyncState: /gcc_test.d/proGit/.git/objects/e6/9de29bb2d1d6434b8b29ae775ad8c2e48c5391
164406 <> SyncState: /gcc_test.d/proGit/.git/objects/e6/a0ce75fd84db3adf4e9a624f42008a53a88e23
164406 <> SyncState: /gcc_test.d/proGit/.git/objects/e7
164406 <> SyncState: /gcc_test.d/proGit/.git/objects/e7/f6bb1c9a0c1741a7372d03b374e49aa7ba5182
164406 <> SyncState: /gcc_test.d/proGit/.git/objects/e8
164406 <> SyncState: /gcc_test.d/proGit/.git/objects/e8/a8d5ce871db1ee7fd7c39076aca9b05e4d8e61
164406 <> SyncState: /gcc_test.d/proGit/.git/objects/ea
164406 <> SyncState: /gcc_test.d/proGit/.git/objects/ea/a064a5a3871c561a9c19b6fae7fca45e80e12c
164406 <> SyncState: /gcc_test.d/proGit/.git/objects/eb
164406 <> SyncState: /gcc_test.d/proGit/.git/objects/eb/0ec6969ff2167b042fa27a0c6d68360b71e079
164406 <> SyncState: /gcc_test.d/proGit/.git/objects/ec
164406 <> SyncState: /gcc_test.d/proGit/.git/objects/ec/083a001ee6906cf240aafa6bb913a24ae40ef9
164406 <> SyncState: /gcc_test.d/proGit/.git/objects/ec/b94dad749b65e7e9d34584e89f09490c82b299
164406 <> SyncState: /gcc_test.d/proGit/.git/objects/ec/ec3c854062525b67bf2650338fba14ef7d83ea
164406 <> SyncState: /gcc_test.d/proGit/.git/objects/ec/f5b175987633200810a4cb55f27b6f7229ec1d
164406 <> SyncState: /gcc_test.d/proGit/.git/objects/ed
164406 <> SyncState: /gcc_test.d/proGit/.git/objects/ed/009b319947bbdc5f28436a399e47eea4ae155d
164406 <> SyncState: /gcc_test.d/proGit/.git/objects/ed/2cf59ceb2dc89d2bc068e512c1b679ad56a1bd
164406 <> SyncState: /gcc_test.d/proGit/.git/objects/ed/8f90ce60c9a869517f89cb59363617ac3fd9b0
164406 <> SyncState: /gcc_test.d/proGit/.git/objects/ee
164406 <> SyncState: /gcc_test.d/proGit/.git/objects/ee/0132d48ec1b727e11a03589d33bcba9aac58a2
164406 <> SyncState: /gcc_test.d/proGit/.git/objects/ef
164406 <> SyncState: /gcc_test.d/proGit/.git/objects/ef/4d4b1e3bd8bef047d0a6416fe99c352de4000c
164406 <> SyncState: /gcc_test.d/proGit/.git/objects/ef/b036fa6cc6e45191d263948ddb05d5cae58655
164406 <> SyncState: /gcc_test.d/proGit/.git/objects/f0
164406 <> SyncState: /gcc_test.d/proGit/.git/objects/f0/4db74d60b163dce92da738529e49070bae3ee0
164406 <> SyncState: /gcc_test.d/proGit/.git/objects/f1
164406 <> SyncState: /gcc_test.d/proGit/.git/objects/f1/3c5290ccbc1e7dc8da62877889761abcfe24e4
164406 <> SyncState: /gcc_test.d/proGit/.git/objects/f1/d8fda9f24bbdf6c11b226648cbcf14f170d61f
164406 <> SyncState: /gcc_test.d/proGit/.git/objects/f1/d997d88c169bebab419c6836f4d5a07ed045cc
164406 <> SyncState: /gcc_test.d/proGit/.git/objects/f2
164406 <> SyncState: /gcc_test.d/proGit/.git/objects/f2/831f396e2e3f2dab6c72858d922ffa9611441a
164406 <> SyncState: /gcc_test.d/proGit/.git/objects/f3
164406 <> SyncState: /gcc_test.d/proGit/.git/objects/f3/4e12d7bd0bfede3b9aad6a027daccd508abfb4
164406 <> SyncState: /gcc_test.d/proGit/.git/objects/f3/6c0197a4be2db7ec0545037280b09ed3b59fea
164406 <> SyncState: /gcc_test.d/proGit/.git/objects/f3/99026725bb152940e7afd4c964684591b70bb4
164406 <> SyncState: /gcc_test.d/proGit/.git/objects/f3/f27468d5cacdd17c6bc70d2e155b01faf4d5bd
164406 <> SyncState: /gcc_test.d/proGit/.git/objects/f4
164406 <> SyncState: /gcc_test.d/proGit/.git/objects/f4/197e93649e9b23cb74e7e9a27de4dca171816b
164406 <> SyncState: /gcc_test.d/proGit/.git/objects/f4/3995fda981774e1d6594ef2e99b48039c8d5f6
164406 <> SyncState: /gcc_test.d/proGit/.git/objects/f4/bc56d81fdec62854b6818f72aa19400bbb875f
164406 <> SyncState: /gcc_test.d/proGit/.git/objects/f5
164406 <> SyncState: /gcc_test.d/proGit/.git/objects/f5/6b1a45f5e0154bacf98daffc84ac8b5e153b2d
164406 <> SyncState: /gcc_test.d/proGit/.git/objects/f5/c08ccf9c3e327196396a4bdb6254a1b1b7a9a0
164406 <> SyncState: /gcc_test.d/proGit/.git/objects/f6
164406 <> SyncState: /gcc_test.d/proGit/.git/objects/f6/0e3bcb42c9c6a74fb4954d7bd664f9ce06fbe9
164406 <> SyncState: /gcc_test.d/proGit/.git/objects/f6/601ecae8f44a448e4a33f01df88677a65bb9bd
164406 <> SyncState: /gcc_test.d/proGit/.git/objects/f6/9edc2390160e15a1052d08a2ba39aa1f246b71
164406 <> SyncState: /gcc_test.d/proGit/.git/objects/f8
164406 <> SyncState: /gcc_test.d/proGit/.git/objects/f8/80d71d7909927de8dcdcf0b018065bb98fd111
164406 <> SyncState: /gcc_test.d/proGit/.git/objects/fa
164406 <> SyncState: /gcc_test.d/proGit/.git/objects/fa/9a618ac253a46f1a354da5c0cf461221b64d7e
164406 <> SyncState: /gcc_test.d/proGit/.git/objects/fb
164406 <> SyncState: /gcc_test.d/proGit/.git/objects/fb/109b3493f91262354e977b769868e3e32b281f
164406 <> SyncState: /gcc_test.d/proGit/.git/objects/fb/6cadbe32f976eb0b235445f7b39c966687787e
164406 <> SyncState: /gcc_test.d/proGit/.git/objects/fb/e11c6e15c6485203004c8497e3ff7f2f610f87
164406 <> SyncState: /gcc_test.d/proGit/.git/objects/fc
164406 <> SyncState: /gcc_test.d/proGit/.git/objects/fc/7a1d64e70dd9db616737f863b775194ee99baf
164406 <> SyncState: /gcc_test.d/proGit/.git/objects/fc/ee726e7dbf1ca3307c548fd904b3858fb147cf
164406 <> SyncState: /gcc_test.d/proGit/.git/objects/fd
164406 <> SyncState: /gcc_test.d/proGit/.git/objects/fd/0d67d8934ad4fa0982ce5a12f1d2495ff67ce4
164406 <> SyncState: /gcc_test.d/proGit/.git/objects/fe
164406 <> SyncState: /gcc_test.d/proGit/.git/objects/fe/4bde1d7ee1043c733319e0258d20cb61c206e3
164406 <> SyncState: /gcc_test.d/proGit/.git/objects/fe/507d14b6c41ac35c754e0b758eb59340db6420
164406 <> SyncState: /gcc_test.d/proGit/.git/objects/fe/8b337e7f363c147f7f5e8290862dcb5ade721a
164406 <> SyncState: /gcc_test.d/proGit/.git/objects/fe/bdb3a4b9f53619cf9cde5e5bc76c2e80abf1ac
164406 <> SyncState: /gcc_test.d/proGit/.git/objects/ff
164406 <> SyncState: /gcc_test.d/proGit/.git/objects/ff/4587832eac8296389002e9ed1d2b87404546cd
164406 <> SyncState: /gcc_test.d/proGit/.git/objects/ff/e7803aae1faa9aa7ec82fbe2ae803d37bfd765
164406 <> SyncState: /gcc_test.d/proGit/.git/objects/info
164406 <> SyncState: /gcc_test.d/proGit/.git/objects/pack
164406 <> SyncState: /gcc_test.d/proGit/.git/objects/pack/pack-91e40f33cd3fd5e24ba04fb99d49766f6f266485.idx
164406 <> SyncState: /gcc_test.d/proGit/.git/objects/pack/pack-91e40f33cd3fd5e24ba04fb99d49766f6f266485.pack
164406 <> SyncState: /gcc_test.d/proGit/.git/objects/pack/pack-c189aa29fe5256acb73259e9e0f783752cb1a72b.idx
164406 <> SyncState: /gcc_test.d/proGit/.git/objects/pack/pack-c189aa29fe5256acb73259e9e0f783752cb1a72b.pack
164406 <> SyncState: /gcc_test.d/proGit/.git/ORIG_HEAD
164406 <> SyncState: /gcc_test.d/proGit/.git/refs
164406 <> SyncState: /gcc_test.d/proGit/.git/refs/heads
164406 <> SyncState: /gcc_test.d/proGit/.git/refs/heads/master
164406 <> SyncState: /gcc_test.d/proGit/.git/refs/heads/test
164406 <> SyncState: /gcc_test.d/proGit/.git/refs/remotes
164406 <> SyncState: /gcc_test.d/proGit/.git/refs/remotes/origin
164406 <> SyncState: /gcc_test.d/proGit/.git/refs/remotes/origin/master
164406 <> SyncState: /gcc_test.d/proGit/.git/refs/remotes/origin/test
164406 <> SyncState: /gcc_test.d/proGit/.git/refs/tags
164406 <> SyncState: /gcc_test.d/proGit/.git/refs/tags/master_s1
164406 <> SyncState: /gcc_test.d/proGit/.git/refs/tags/master_s2
164406 <> SyncState: /gcc_test.d/proGit/.git/refs/tags/test_s2
164406 <> SyncState: /gcc_test.d/proGit/file1
164406 <> SyncState: /gcc_test.d/proGit/file2
164406 <> SyncState: /gcc_test.d/proGit/file3
164406 <> SyncState: /gcc_test.d/proGit_tmp
164406 <> SyncState: /gcc_test.d/proGit_tmp/.git
164406 <> SyncState: /gcc_test.d/proGit_tmp/.git/branches
164406 <> SyncState: /gcc_test.d/proGit_tmp/.git/COMMIT_EDITMSG
164406 <> SyncState: /gcc_test.d/proGit_tmp/.git/config
164406 <> SyncState: /gcc_test.d/proGit_tmp/.git/description
164406 <> SyncState: /gcc_test.d/proGit_tmp/.git/FETCH_HEAD
164406 <> SyncState: /gcc_test.d/proGit_tmp/.git/HEAD
164406 <> SyncState: /gcc_test.d/proGit_tmp/.git/hooks
164406 <> SyncState: /gcc_test.d/proGit_tmp/.git/hooks/applypatch-msg.sample
164406 <> SyncState: /gcc_test.d/proGit_tmp/.git/hooks/commit-msg.sample
164406 <> SyncState: /gcc_test.d/proGit_tmp/.git/hooks/post-update.sample
164406 <> SyncState: /gcc_test.d/proGit_tmp/.git/hooks/pre-applypatch.sample
164406 <> SyncState: /gcc_test.d/proGit_tmp/.git/hooks/pre-commit.sample
164406 <> SyncState: /gcc_test.d/proGit_tmp/.git/hooks/pre-push.sample
164406 <> SyncState: /gcc_test.d/proGit_tmp/.git/hooks/pre-rebase.sample
164406 <> SyncState: /gcc_test.d/proGit_tmp/.git/hooks/prepare-commit-msg.sample
164406 <> SyncState: /gcc_test.d/proGit_tmp/.git/hooks/update.sample
164406 <> SyncState: /gcc_test.d/proGit_tmp/.git/index
164406 <> SyncState: /gcc_test.d/proGit_tmp/.git/info
164406 <> SyncState: /gcc_test.d/proGit_tmp/.git/info/exclude
164406 <> SyncState: /gcc_test.d/proGit_tmp/.git/logs
164406 <> SyncState: /gcc_test.d/proGit_tmp/.git/logs/HEAD
164406 <> SyncState: /gcc_test.d/proGit_tmp/.git/logs/refs
164406 <> SyncState: /gcc_test.d/proGit_tmp/.git/logs/refs/heads
164406 <> SyncState: /gcc_test.d/proGit_tmp/.git/logs/refs/heads/master
164406 <> SyncState: /gcc_test.d/proGit_tmp/.git/logs/refs/heads/test
164406 <> SyncState: /gcc_test.d/proGit_tmp/.git/logs/refs/remotes
164406 <> SyncState: /gcc_test.d/proGit_tmp/.git/logs/refs/remotes/origin
164406 <> SyncState: /gcc_test.d/proGit_tmp/.git/logs/refs/remotes/origin/master
164406 <> SyncState: /gcc_test.d/proGit_tmp/.git/logs/refs/remotes/origin/test
164406 <> SyncState: /gcc_test.d/proGit_tmp/.git/logs/refs/remotes/origin/tmp
164406 <> SyncState: /gcc_test.d/proGit_tmp/.git/objects
164406 <> SyncState: /gcc_test.d/proGit_tmp/.git/objects/01
164406 <> SyncState: /gcc_test.d/proGit_tmp/.git/objects/01/125e1778fbcb66253625d051b1958f2a8c01be
164406 <> SyncState: /gcc_test.d/proGit_tmp/.git/objects/04
164406 <> SyncState: /gcc_test.d/proGit_tmp/.git/objects/04/95409c800eef22637ce2b4f363986cb9737a5d
164406 <> SyncState: /gcc_test.d/proGit_tmp/.git/objects/06
164406 <> SyncState: /gcc_test.d/proGit_tmp/.git/objects/06/f119dad331f7d9ab138e155e2cf10301ed549c
164406 <> SyncState: /gcc_test.d/proGit_tmp/.git/objects/07
164406 <> SyncState: /gcc_test.d/proGit_tmp/.git/objects/07/333d50b701382abb0006cc8e5be3affa52baa4
164406 <> SyncState: /gcc_test.d/proGit_tmp/.git/objects/0e
164406 <> SyncState: /gcc_test.d/proGit_tmp/.git/objects/0e/a08ce6fcc0d68cbf55ba6a518ffab50103910d
164406 <> SyncState: /gcc_test.d/proGit_tmp/.git/objects/15
164406 <> SyncState: /gcc_test.d/proGit_tmp/.git/objects/15/1f8d0d393aa44d858b1747e194a5fe5a6458e1
164406 <> SyncState: /gcc_test.d/proGit_tmp/.git/objects/1a
164406 <> SyncState: /gcc_test.d/proGit_tmp/.git/objects/1a/dfdcc3d2495444cc9bdb0e9aa5711b8745e469
164406 <> SyncState: /gcc_test.d/proGit_tmp/.git/objects/1c
164406 <> SyncState: /gcc_test.d/proGit_tmp/.git/objects/1c/9cad47550fd9c30fd6d5a6e4aad64c37cd9f1c
164406 <> SyncState: /gcc_test.d/proGit_tmp/.git/objects/1d
164406 <> SyncState: /gcc_test.d/proGit_tmp/.git/objects/1d/619c7168a4f03bc248750ecd278d7d1f7045e8
164406 <> SyncState: /gcc_test.d/proGit_tmp/.git/objects/1d/689402ddde82d550a8708bf845d4a551727696
164406 <> SyncState: /gcc_test.d/proGit_tmp/.git/objects/22
164406 <> SyncState: /gcc_test.d/proGit_tmp/.git/objects/22/8b3ccecafdb86622b20b786bbc259aee2cab78
164406 <> SyncState: /gcc_test.d/proGit_tmp/.git/objects/23
164406 <> SyncState: /gcc_test.d/proGit_tmp/.git/objects/23/fc2841b1b32c98c61582cf857c3e7b87b4c9b8
164406 <> SyncState: /gcc_test.d/proGit_tmp/.git/objects/24
164406 <> SyncState: /gcc_test.d/proGit_tmp/.git/objects/24/573fdf8c103974cbadb8b585a2d8f4fc52e498
164406 <> SyncState: /gcc_test.d/proGit_tmp/.git/objects/25
164406 <> SyncState: /gcc_test.d/proGit_tmp/.git/objects/25/465f4c8e21aac3e2ca4214564df4a806dbfe34
164406 <> SyncState: /gcc_test.d/proGit_tmp/.git/objects/29
164406 <> SyncState: /gcc_test.d/proGit_tmp/.git/objects/29/71ca7c900f4a82f9a5ec868f0d8bbf6c71f37c
164406 <> SyncState: /gcc_test.d/proGit_tmp/.git/objects/2f
164406 <> SyncState: /gcc_test.d/proGit_tmp/.git/objects/2f/1bae0e2928a09a12485ae84c2b33f6d0ea4091
164406 <> SyncState: /gcc_test.d/proGit_tmp/.git/objects/2f/9c9e5fca2977f9b94e2f7254e73648366d130f
164406 <> SyncState: /gcc_test.d/proGit_tmp/.git/objects/36
164406 <> SyncState: /gcc_test.d/proGit_tmp/.git/objects/36/d63179178ab7261e13d095e85beed65cbe03d0
164406 <> SyncState: /gcc_test.d/proGit_tmp/.git/objects/3a
164406 <> SyncState: /gcc_test.d/proGit_tmp/.git/objects/3a/982242c1f78e7f6be85842c81482777871fa6a
164406 <> SyncState: /gcc_test.d/proGit_tmp/.git/objects/3e
164406 <> SyncState: /gcc_test.d/proGit_tmp/.git/objects/3e/899f875f1ea1f79d350337e9f4286af2b1e75d
164406 <> SyncState: /gcc_test.d/proGit_tmp/.git/objects/41
164406 <> SyncState: /gcc_test.d/proGit_tmp/.git/objects/41/5128efa1aab825895926b88907b10c779c6029
164406 <> SyncState: /gcc_test.d/proGit_tmp/.git/objects/46
164406 <> SyncState: /gcc_test.d/proGit_tmp/.git/objects/46/d9e09813e745f09d896555bf9e77148a23b5b1
164406 <> SyncState: /gcc_test.d/proGit_tmp/.git/objects/47
164406 <> SyncState: /gcc_test.d/proGit_tmp/.git/objects/47/5b103b22aa7932a05766a7758961457b10f5ca
164406 <> SyncState: /gcc_test.d/proGit_tmp/.git/objects/4b
164406 <> SyncState: /gcc_test.d/proGit_tmp/.git/objects/4b/825dc642cb6eb9a060e54bf8d69288fbee4904
164406 <> SyncState: /gcc_test.d/proGit_tmp/.git/objects/4c
164406 <> SyncState: /gcc_test.d/proGit_tmp/.git/objects/4c/5e35f1971decd649b9ac402e93296c31bfd61d
164406 <> SyncState: /gcc_test.d/proGit_tmp/.git/objects/4c/5e83eacc80b8b7551c4c3895ad78d42a5d4c91
164406 <> SyncState: /gcc_test.d/proGit_tmp/.git/objects/4c/6dbd971bd712fe695db1e267fdfc0192f1d85c
164406 <> SyncState: /gcc_test.d/proGit_tmp/.git/objects/4d
164406 <> SyncState: /gcc_test.d/proGit_tmp/.git/objects/4d/127b41f71e92902059441433586f3334e10650
164406 <> SyncState: /gcc_test.d/proGit_tmp/.git/objects/51
164406 <> SyncState: /gcc_test.d/proGit_tmp/.git/objects/51/b3a4ee1c281ba728e05e34f2c861151c473613
164406 <> SyncState: /gcc_test.d/proGit_tmp/.git/objects/52
164406 <> SyncState: /gcc_test.d/proGit_tmp/.git/objects/52/c64f62989b585f937be050c714d48e5fee78df
164406 <> SyncState: /gcc_test.d/proGit_tmp/.git/objects/54
164406 <> SyncState: /gcc_test.d/proGit_tmp/.git/objects/54/0fcd4250f114d2eea87eba6c7b738e8c76f47f
164406 <> SyncState: /gcc_test.d/proGit_tmp/.git/objects/54/208aa09285b99d5122c28dd032d98272c99eec
164406 <> SyncState: /gcc_test.d/proGit_tmp/.git/objects/55
164406 <> SyncState: /gcc_test.d/proGit_tmp/.git/objects/55/64efe8ee5cdd9311126a63ed8ab97e6c084569
164406 <> SyncState: /gcc_test.d/proGit_tmp/.git/objects/56
164406 <> SyncState: /gcc_test.d/proGit_tmp/.git/objects/56/4d6ab552098df21b3d5773873af4bdbeb4a773
164406 <> SyncState: /gcc_test.d/proGit_tmp/.git/objects/59
164406 <> SyncState: /gcc_test.d/proGit_tmp/.git/objects/59/50d0b6158d09fc5ad4f27371979dd6496c4f4a
164406 <> SyncState: /gcc_test.d/proGit_tmp/.git/objects/5b
164406 <> SyncState: /gcc_test.d/proGit_tmp/.git/objects/5b/1014b2d6693edae1ec9e05caf294cf4d19c9b9
164406 <> SyncState: /gcc_test.d/proGit_tmp/.git/objects/5d
164406 <> SyncState: /gcc_test.d/proGit_tmp/.git/objects/5d/42d41bc998e48cff57b2cca4ceaea518494ed5
164406 <> SyncState: /gcc_test.d/proGit_tmp/.git/objects/5e
164406 <> SyncState: /gcc_test.d/proGit_tmp/.git/objects/5e/6a04437a3d5a713082e72d498b6cc2d98ebc6f
164406 <> SyncState: /gcc_test.d/proGit_tmp/.git/objects/5e/7c24026e0355077cdc7dd616732e9bc611a6de
164406 <> SyncState: /gcc_test.d/proGit_tmp/.git/objects/65
164406 <> SyncState: /gcc_test.d/proGit_tmp/.git/objects/65/11f29453e56ed9bc03fba57378941df252c6f0
164406 <> SyncState: /gcc_test.d/proGit_tmp/.git/objects/65/c13daf3028a7b2c1c3e5d57b144ed85067a0fd
164406 <> SyncState: /gcc_test.d/proGit_tmp/.git/objects/66
164406 <> SyncState: /gcc_test.d/proGit_tmp/.git/objects/66/eec35f68cab78f127ead2ca1479ba1f7f0ef95
164406 <> SyncState: /gcc_test.d/proGit_tmp/.git/objects/67
164406 <> SyncState: /gcc_test.d/proGit_tmp/.git/objects/67/7e599c070d88277ca95d97d97e8545b9c72471
164406 <> SyncState: /gcc_test.d/proGit_tmp/.git/objects/67/c8bc8cc3630703d4813730ff7f5deea1eb057d
164406 <> SyncState: /gcc_test.d/proGit_tmp/.git/objects/6e
164406 <> SyncState: /gcc_test.d/proGit_tmp/.git/objects/6e/15b4fad48e2fc7d362911dd8f92d83a8e20231
164406 <> SyncState: /gcc_test.d/proGit_tmp/.git/objects/73
164406 <> SyncState: /gcc_test.d/proGit_tmp/.git/objects/73/46e985e3def83679c6b770c748adad828eb935
164406 <> SyncState: /gcc_test.d/proGit_tmp/.git/objects/75
164406 <> SyncState: /gcc_test.d/proGit_tmp/.git/objects/75/183afd62abfc475bebd20c7193c9d8ab6f2c5e
164406 <> SyncState: /gcc_test.d/proGit_tmp/.git/objects/76
164406 <> SyncState: /gcc_test.d/proGit_tmp/.git/objects/76/7d27a8059e25184370818b592410ee1dd1cc13
164406 <> SyncState: /gcc_test.d/proGit_tmp/.git/objects/78
164406 <> SyncState: /gcc_test.d/proGit_tmp/.git/objects/78/5cf1560052152b7c8d547086c67d8f67f7d7ea
164406 <> SyncState: /gcc_test.d/proGit_tmp/.git/objects/78/c84c50c8ae6d0e944110777c3bc12bc63b6abd
164406 <> SyncState: /gcc_test.d/proGit_tmp/.git/objects/7a
164406 <> SyncState: /gcc_test.d/proGit_tmp/.git/objects/7a/626e0df27940df8ee9ccefcad0eded13aee568
164406 <> SyncState: /gcc_test.d/proGit_tmp/.git/objects/7b
164406 <> SyncState: /gcc_test.d/proGit_tmp/.git/objects/7b/b7c85bc932b305bd6a340b4dd996d15b009f81
164406 <> SyncState: /gcc_test.d/proGit_tmp/.git/objects/7c
164406 <> SyncState: /gcc_test.d/proGit_tmp/.git/objects/7c/659750ddda9dab64d33aff4c8db74da2ba0af8
164406 <> SyncState: /gcc_test.d/proGit_tmp/.git/objects/7d
164406 <> SyncState: /gcc_test.d/proGit_tmp/.git/objects/7d/ec9ee66e31461a74ad2653270d8829196c09ad
164406 <> SyncState: /gcc_test.d/proGit_tmp/.git/objects/7e
164406 <> SyncState: /gcc_test.d/proGit_tmp/.git/objects/7e/2205983556161209fa6b389d41df4c1e29f72e
164406 <> SyncState: /gcc_test.d/proGit_tmp/.git/objects/7f
164406 <> SyncState: /gcc_test.d/proGit_tmp/.git/objects/7f/9a149a0302360128d7e5e2f0607a48d86863ba
164406 <> SyncState: /gcc_test.d/proGit_tmp/.git/objects/85
164406 <> SyncState: /gcc_test.d/proGit_tmp/.git/objects/85/a8af30432b543f6e523efbd9b423b5bba9f161
164406 <> SyncState: /gcc_test.d/proGit_tmp/.git/objects/87
164406 <> SyncState: /gcc_test.d/proGit_tmp/.git/objects/87/8dd7218c8420c60958f0cd97441395a85e6cfc
164406 <> SyncState: /gcc_test.d/proGit_tmp/.git/objects/88
164406 <> SyncState: /gcc_test.d/proGit_tmp/.git/objects/88/e84ad249ae24fa92e0c8fb12b449a53806889e
164406 <> SyncState: /gcc_test.d/proGit_tmp/.git/objects/8a
164406 <> SyncState: /gcc_test.d/proGit_tmp/.git/objects/8a/1869ca07487f26413d070f324574467fe91d49
164406 <> SyncState: /gcc_test.d/proGit_tmp/.git/objects/8b
164406 <> SyncState: /gcc_test.d/proGit_tmp/.git/objects/8b/16b6aa2ac23b8390d1d5796389e7eeaf0256f6
164406 <> SyncState: /gcc_test.d/proGit_tmp/.git/objects/8b/4f48af0de01df33930e0f5351b870bd2c04a06
164406 <> SyncState: /gcc_test.d/proGit_tmp/.git/objects/8c
164406 <> SyncState: /gcc_test.d/proGit_tmp/.git/objects/8c/a8651d2b0cc3d5e7be73ff84938103a00c1d62
164406 <> SyncState: /gcc_test.d/proGit_tmp/.git/objects/8d
164406 <> SyncState: /gcc_test.d/proGit_tmp/.git/objects/8d/01445a9921dbba7720b0c24b43e22925d4e670
164406 <> SyncState: /gcc_test.d/proGit_tmp/.git/objects/92
164406 <> SyncState: /gcc_test.d/proGit_tmp/.git/objects/92/995de9ec1deb29e150c2f9a05b84e1b8909f56
164406 <> SyncState: /gcc_test.d/proGit_tmp/.git/objects/97
164406 <> SyncState: /gcc_test.d/proGit_tmp/.git/objects/97/8b4c1d0a519f94043b1c5b453c9d52707ccf55
164406 <> SyncState: /gcc_test.d/proGit_tmp/.git/objects/9a
164406 <> SyncState: /gcc_test.d/proGit_tmp/.git/objects/9a/5d83dd6a81cc228acff22f6424bb5f234fd196
164406 <> SyncState: /gcc_test.d/proGit_tmp/.git/objects/9b
164406 <> SyncState: /gcc_test.d/proGit_tmp/.git/objects/9b/58d4500ee3f652bb5b1c8a90d8ab130689365d
164406 <> SyncState: /gcc_test.d/proGit_tmp/.git/objects/a6
164406 <> SyncState: /gcc_test.d/proGit_tmp/.git/objects/a6/397271bdfc471696249b7d8d534a9c17094e40
164406 <> SyncState: /gcc_test.d/proGit_tmp/.git/objects/ad
164406 <> SyncState: /gcc_test.d/proGit_tmp/.git/objects/ad/24149d789e59d4b5f9ce41cda90110ca0f98b7
164406 <> SyncState: /gcc_test.d/proGit_tmp/.git/objects/ae
164406 <> SyncState: /gcc_test.d/proGit_tmp/.git/objects/ae/fde3a01f6e10d72fd4899ce14c8b2654d3eb45
164406 <> SyncState: /gcc_test.d/proGit_tmp/.git/objects/b0
164406 <> SyncState: /gcc_test.d/proGit_tmp/.git/objects/b0/3dd012de4df75d7d3cc6fbb70554fde7cb7377
164406 <> SyncState: /gcc_test.d/proGit_tmp/.git/objects/b0/e116541e3dac6d8af94b2decd45e3c414bfc39
164406 <> SyncState: /gcc_test.d/proGit_tmp/.git/objects/b5
164406 <> SyncState: /gcc_test.d/proGit_tmp/.git/objects/b5/6ae4e3d7b55d0b15efb6f8273debdaf3175f58
164406 <> SyncState: /gcc_test.d/proGit_tmp/.git/objects/b8
164406 <> SyncState: /gcc_test.d/proGit_tmp/.git/objects/b8/7416e8d96fa331c183648d751c0ccf6723510c
164406 <> SyncState: /gcc_test.d/proGit_tmp/.git/objects/bb
164406 <> SyncState: /gcc_test.d/proGit_tmp/.git/objects/bb/2429fffb9ec84557aeedab0a51abe824b1e11e
164406 <> SyncState: /gcc_test.d/proGit_tmp/.git/objects/be
164406 <> SyncState: /gcc_test.d/proGit_tmp/.git/objects/be/62500b21976bcb2fe40f6211ca3603fe62d8cf
164406 <> SyncState: /gcc_test.d/proGit_tmp/.git/objects/bf
164406 <> SyncState: /gcc_test.d/proGit_tmp/.git/objects/bf/fee7e206d4a8cbc2357b8e1a1a862eb3fa384d
164406 <> SyncState: /gcc_test.d/proGit_tmp/.git/objects/c0
164406 <> SyncState: /gcc_test.d/proGit_tmp/.git/objects/c0/189e0e72074e755e8f322a9b706a2b73c61a42
164406 <> SyncState: /gcc_test.d/proGit_tmp/.git/objects/c0/6ad6d164f7d36f21b549304269be0ee50a52e9
164406 <> SyncState: /gcc_test.d/proGit_tmp/.git/objects/c3
164406 <> SyncState: /gcc_test.d/proGit_tmp/.git/objects/c3/6dcc5432b6e740f2ecc4e85ec518fe954efbe5
164406 <> SyncState: /gcc_test.d/proGit_tmp/.git/objects/ce
164406 <> SyncState: /gcc_test.d/proGit_tmp/.git/objects/ce/69519a46789de2323ddc3a04f2c75f04476f00
164406 <> SyncState: /gcc_test.d/proGit_tmp/.git/objects/cf
164406 <> SyncState: /gcc_test.d/proGit_tmp/.git/objects/cf/0bd7b0deb74d7631ee391d6d595eec1cd29f6f
164406 <> SyncState: /gcc_test.d/proGit_tmp/.git/objects/d2
164406 <> SyncState: /gcc_test.d/proGit_tmp/.git/objects/d2/6ce6913a95bc712ca11e351a9127d8244c0ef0
164406 <> SyncState: /gcc_test.d/proGit_tmp/.git/objects/d2/a79b128c2394cd113455015fd3ea2ac9869bed
164406 <> SyncState: /gcc_test.d/proGit_tmp/.git/objects/d6
164406 <> SyncState: /gcc_test.d/proGit_tmp/.git/objects/d6/4b4e9eba0aaa31f6a2862c759fb907d0fc75b2
164406 <> SyncState: /gcc_test.d/proGit_tmp/.git/objects/d6/827fc5dd95fd3fea12deae119a18e87dcc9a56
164406 <> SyncState: /gcc_test.d/proGit_tmp/.git/objects/d8
164406 <> SyncState: /gcc_test.d/proGit_tmp/.git/objects/d8/caabcfde8e6452d760ae48ef992c23625f7386
164406 <> SyncState: /gcc_test.d/proGit_tmp/.git/objects/d9
164406 <> SyncState: /gcc_test.d/proGit_tmp/.git/objects/d9/d8e50a2f8c27ab400862211675ae1f66cfef39
164406 <> SyncState: /gcc_test.d/proGit_tmp/.git/objects/da
164406 <> SyncState: /gcc_test.d/proGit_tmp/.git/objects/da/f7acdcd09668462fa2cdb05e5675c8cad50331
164406 <> SyncState: /gcc_test.d/proGit_tmp/.git/objects/de
164406 <> SyncState: /gcc_test.d/proGit_tmp/.git/objects/de/13d382b910242c8a91e080dd8590ceb4ef1481
164406 <> SyncState: /gcc_test.d/proGit_tmp/.git/objects/df
164406 <> SyncState: /gcc_test.d/proGit_tmp/.git/objects/df/54a4d76c00ea419f1a0becddcccb7c46580a1f
164406 <> SyncState: /gcc_test.d/proGit_tmp/.git/objects/e2
164406 <> SyncState: /gcc_test.d/proGit_tmp/.git/objects/e2/30083d63f3d820af0e7ff671fd73c2febe848f
164406 <> SyncState: /gcc_test.d/proGit_tmp/.git/objects/e2/d5a4eb0b1ac705be252b28e93d8e57225c8751
164406 <> SyncState: /gcc_test.d/proGit_tmp/.git/objects/e5
164406 <> SyncState: /gcc_test.d/proGit_tmp/.git/objects/e5/874cf76badd9cfb8fd3c55920ca5a36fa8de8b
164406 <> SyncState: /gcc_test.d/proGit_tmp/.git/objects/e5/a9de0743366be78144134398768499f854d42f
164406 <> SyncState: /gcc_test.d/proGit_tmp/.git/objects/e7
164406 <> SyncState: /gcc_test.d/proGit_tmp/.git/objects/e7/1f3ad6accc4bf9a592d56f257b1a38d738623c
164406 <> SyncState: /gcc_test.d/proGit_tmp/.git/objects/e9
164406 <> SyncState: /gcc_test.d/proGit_tmp/.git/objects/e9/694f05607adaf0e9973e7f09b9f08ec67c39af
164406 <> SyncState: /gcc_test.d/proGit_tmp/.git/objects/e9/dcf2f2f2292ca5501182a2243d8a8b06d1e272
164406 <> SyncState: /gcc_test.d/proGit_tmp/.git/objects/eb
164406 <> SyncState: /gcc_test.d/proGit_tmp/.git/objects/eb/0dce8730489cc8d2e9dc0c999421bf46034de4
164406 <> SyncState: /gcc_test.d/proGit_tmp/.git/objects/ef
164406 <> SyncState: /gcc_test.d/proGit_tmp/.git/objects/ef/2a01c3c7a66a1623eff1263bf5822da5fd2370
164406 <> SyncState: /gcc_test.d/proGit_tmp/.git/objects/f0
164406 <> SyncState: /gcc_test.d/proGit_tmp/.git/objects/f0/b4768235bb6ed02158576e368d11787f44cf48
164406 <> SyncState: /gcc_test.d/proGit_tmp/.git/objects/f3
164406 <> SyncState: /gcc_test.d/proGit_tmp/.git/objects/f3/14eca202b4bbba2952e264ed7ce20f337d3adf
164406 <> SyncState: /gcc_test.d/proGit_tmp/.git/objects/f4
164406 <> SyncState: /gcc_test.d/proGit_tmp/.git/objects/f4/2afa5632e283e6acacdbff915e1a52fbb50da6
164406 <> SyncState: /gcc_test.d/proGit_tmp/.git/objects/f5
164406 <> SyncState: /gcc_test.d/proGit_tmp/.git/objects/f5/8137093af1ed26e15f9313b59fe372e3ae6e39
164406 <> SyncState: /gcc_test.d/proGit_tmp/.git/objects/f7
164406 <> SyncState: /gcc_test.d/proGit_tmp/.git/objects/f7/063887033571742be46d103f025e117f4e79be
164406 <> SyncState: /gcc_test.d/proGit_tmp/.git/objects/f9
164406 <> SyncState: /gcc_test.d/proGit_tmp/.git/objects/f9/7f90cfcdd1e64d71b3a41f2699cb3982ce2527
164406 <> SyncState: /gcc_test.d/proGit_tmp/.git/objects/fb
164406 <> SyncState: /gcc_test.d/proGit_tmp/.git/objects/fb/253732954f5e7391e87d443393a619b573b0ba
164406 <> SyncState: /gcc_test.d/proGit_tmp/.git/objects/fe
164406 <> SyncState: /gcc_test.d/proGit_tmp/.git/objects/fe/49b8695b40a593c6eaf95f78a61ef27d184d1a
164406 <> SyncState: /gcc_test.d/proGit_tmp/.git/objects/fe/bdb3a4b9f53619cf9cde5e5bc76c2e80abf1ac
164406 <> SyncState: /gcc_test.d/proGit_tmp/.git/objects/info
164406 <> SyncState: /gcc_test.d/proGit_tmp/.git/objects/pack
164406 <> SyncState: /gcc_test.d/proGit_tmp/.git/objects/pack/pack-c3179e6e022d498d2027bd7477bd2a64536d4d68.idx
164406 <> SyncState: /gcc_test.d/proGit_tmp/.git/objects/pack/pack-c3179e6e022d498d2027bd7477bd2a64536d4d68.pack
164406 <> SyncState: /gcc_test.d/proGit_tmp/.git/ORIG_HEAD
164406 <> SyncState: /gcc_test.d/proGit_tmp/.git/refs
164406 <> SyncState: /gcc_test.d/proGit_tmp/.git/refs/heads
164406 <> SyncState: /gcc_test.d/proGit_tmp/.git/refs/heads/master
164406 <> SyncState: /gcc_test.d/proGit_tmp/.git/refs/heads/test
164406 <> SyncState: /gcc_test.d/proGit_tmp/.git/refs/remotes
164406 <> SyncState: /gcc_test.d/proGit_tmp/.git/refs/remotes/origin
164406 <> SyncState: /gcc_test.d/proGit_tmp/.git/refs/remotes/origin/master
164406 <> SyncState: /gcc_test.d/proGit_tmp/.git/refs/remotes/origin/test
164406 <> SyncState: /gcc_test.d/proGit_tmp/.git/refs/remotes/origin/tmp
164406 <> SyncState: /gcc_test.d/proGit_tmp/.git/refs/tags
164406 <> SyncState: /gcc_test.d/proGit_tmp/file1
164406 <> SyncState: /gcc_test.d/proGit_tmp/master
164406 <> SyncState: /gcc_test.d/proGit_tmp/masterLog
164406 <> SyncState: /gcc_test.d/proGit_tmp/test
164406 <> SyncState: /gcc_test.d/readme
164406 <> SyncState: /gcc_test.d/remoteGit
164406 <> SyncState: /gcc_test.d/remoteGit/.git
164406 <> SyncState: /gcc_test.d/remoteGit/.git/branches
164406 <> SyncState: /gcc_test.d/remoteGit/.git/config
164406 <> SyncState: /gcc_test.d/remoteGit/.git/description
164406 <> SyncState: /gcc_test.d/remoteGit/.git/FETCH_HEAD
164406 <> SyncState: /gcc_test.d/remoteGit/.git/HEAD
164406 <> SyncState: /gcc_test.d/remoteGit/.git/hooks
164406 <> SyncState: /gcc_test.d/remoteGit/.git/hooks/applypatch-msg.sample
164406 <> SyncState: /gcc_test.d/remoteGit/.git/hooks/commit-msg.sample
164406 <> SyncState: /gcc_test.d/remoteGit/.git/hooks/post-update.sample
164406 <> SyncState: /gcc_test.d/remoteGit/.git/hooks/pre-applypatch.sample
164406 <> SyncState: /gcc_test.d/remoteGit/.git/hooks/pre-commit.sample
164406 <> SyncState: /gcc_test.d/remoteGit/.git/hooks/pre-push.sample
164406 <> SyncState: /gcc_test.d/remoteGit/.git/hooks/pre-rebase.sample
164406 <> SyncState: /gcc_test.d/remoteGit/.git/hooks/prepare-commit-msg.sample
164406 <> SyncState: /gcc_test.d/remoteGit/.git/hooks/update.sample
164406 <> SyncState: /gcc_test.d/remoteGit/.git/index
164406 <> SyncState: /gcc_test.d/remoteGit/.git/info
164406 <> SyncState: /gcc_test.d/remoteGit/.git/info/exclude
164406 <> SyncState: /gcc_test.d/remoteGit/.git/logs
164406 <> SyncState: /gcc_test.d/remoteGit/.git/logs/HEAD
164406 <> SyncState: /gcc_test.d/remoteGit/.git/logs/refs
164406 <> SyncState: /gcc_test.d/remoteGit/.git/logs/refs/heads
164406 <> SyncState: /gcc_test.d/remoteGit/.git/logs/refs/heads/master
164406 <> SyncState: /gcc_test.d/remoteGit/.git/logs/refs/remotes
164406 <> SyncState: /gcc_test.d/remoteGit/.git/logs/refs/remotes/origin
164406 <> SyncState: /gcc_test.d/remoteGit/.git/logs/refs/remotes/origin/HEAD
164406 <> SyncState: /gcc_test.d/remoteGit/.git/objects
164406 <> SyncState: /gcc_test.d/remoteGit/.git/objects/info
164406 <> SyncState: /gcc_test.d/remoteGit/.git/objects/pack
164406 <> SyncState: /gcc_test.d/remoteGit/.git/objects/pack/pack-d35eef388d2ec5bca9d8b3c6bf911406b83e70db.idx
164406 <> SyncState: /gcc_test.d/remoteGit/.git/objects/pack/pack-d35eef388d2ec5bca9d8b3c6bf911406b83e70db.pack
164406 <> SyncState: /gcc_test.d/remoteGit/.git/ORIG_HEAD
164406 <> SyncState: /gcc_test.d/remoteGit/.git/packed-refs
164406 <> SyncState: /gcc_test.d/remoteGit/.git/refs
164406 <> SyncState: /gcc_test.d/remoteGit/.git/refs/heads
164406 <> SyncState: /gcc_test.d/remoteGit/.git/refs/heads/master
164406 <> SyncState: /gcc_test.d/remoteGit/.git/refs/remotes
164406 <> SyncState: /gcc_test.d/remoteGit/.git/refs/remotes/origin
164406 <> SyncState: /gcc_test.d/remoteGit/.git/refs/remotes/origin/HEAD
164406 <> SyncState: /gcc_test.d/remoteGit/.git/refs/tags
164406 <> SyncState: /gcc_test.d/remoteGit/hosts
164406 <> SyncState: /gcc_test.d/remoteGit/hosts_tool
164406 <> SyncState: /gcc_test.d/remoteGit/hosts_tool/hosts_tool.pro
164406 <> SyncState: /gcc_test.d/remoteGit/hosts_tool/hoststool.cpp
164406 <> SyncState: /gcc_test.d/remoteGit/hosts_tool/hoststool.h
164406 <> SyncState: /gcc_test.d/remoteGit/hosts_tool/hoststool.ui
164406 <> SyncState: /gcc_test.d/remoteGit/hosts_tool/main.cpp
164406 <> SyncState: /gcc_test.d/remoteGit/README.md
164406 <> SyncState: /gcc_test.d/test.c
164406 <> SyncState: /gcc_test.d/test.i
164406 <> SyncState: /gcc_test.d/test.s
164406 <> SyncState: /gcc_test.d/test_extern.d
164406 <> SyncState: /gcc_test.d/test_extern.d/a.out
164406 <> SyncState: /gcc_test.d/test_extern.d/ccc
164406 <> SyncState: /gcc_test.d/test_extern.d/extern_func.c
164406 <> SyncState: /gcc_test.d/test_extern.d/test_extern.c
164406 <> SyncState: /gcc_test.d/test_extern.d/test_extern.cpp
164406 <> SyncState: /gcc_test.d/test_make.d
164406 <> SyncState: /gcc_test.d/test_make.d/log
164406 <> SyncState: /gcc_test.d/test_make.d/main.c
164406 <> SyncState: /gcc_test.d/test_make.d/main.o
164406 <> SyncState: /gcc_test.d/test_make.d/makefile
164406 <> SyncState: /gcc_test.d/test_make.d/output
164406 <> SyncState: /gcc_test.d/test_make.d/test
164406 <> SyncState: /gcc_test.d/test_make.d/test.h
164406 <> SyncState: /gcc_test.d/test_make.d/test1.c
164406 <> SyncState: /gcc_test.d/test_make.d/test1.h
164406 <> SyncState: /gcc_test.d/test_make.d/test1.o
164406 <> SyncState: /gcc_test.d/test_make.d/test2.c
164406 <> SyncState: /gcc_test.d/test_make.d/test2.h
164406 <> SyncState: /gcc_test.d/test_make.d/test2.o
164406 <> SyncState: /gcc_test.d/testg
164406 ?? ERROR: /src/4.2.2-eabi/usr/include/linux/netfilter/xt_CONNMARK.h
164406 ?? ERROR: /src/4.2.2-eabi/usr/include/linux/netfilter/xt_DSCP.h
164406 ?? ERROR: /src/4.2.2-eabi/usr/include/linux/netfilter/xt_MARK.h
164406 ?? ERROR: /src/4.2.2-eabi/usr/include/linux/netfilter/xt_TCPMSS.h
164406 ?? ERROR: /src/4.2.2-eabi/usr/include/linux/netfilter_ipv4/ipt_CONNMARK.h
164406 ?? ERROR: /src/4.2.2-eabi/usr/include/linux/netfilter_ipv4/ipt_DSCP.h
164406 ?? ERROR: /src/4.2.2-eabi/usr/include/linux/netfilter_ipv4/ipt_ECN.h
164406 ?? ERROR: /src/4.2.2-eabi/usr/include/linux/netfilter_ipv4/ipt_MARK.h
164406 ?? ERROR: /src/4.2.2-eabi/usr/include/linux/netfilter_ipv4/ipt_TCPMSS.h
164406 ?? ERROR: /src/4.2.2-eabi/usr/include/linux/netfilter_ipv4/ipt_TOS.h
164406 ?? ERROR: /src/4.2.2-eabi/usr/include/linux/netfilter_ipv4/ipt_TTL.h
164406 ?? ERROR: /src/4.2.2-eabi/usr/include/linux/netfilter_ipv6/ip6t_HL.h
164406 ?? ERROR: /src/4.2.2-eabi/usr/include/linux/netfilter_ipv6/ip6t_MARK.h
164406 ?? ERROR: /src/4.2.2-eabi/usr/share/terminfo/2/2621A
164406 ?? ERROR: /src/4.2.2-eabi/usr/share/terminfo/A
164406 ?? ERROR: /src/4.2.2-eabi/usr/share/terminfo/E
164406 ?? ERROR: /src/4.2.2-eabi/usr/share/terminfo/h/hp2621A
164406 ?? ERROR: /src/4.2.2-eabi/usr/share/terminfo/h/hp70092A
164406 ?? ERROR: /src/4.2.2-eabi/usr/share/terminfo/L
164406 ?? ERROR: /src/4.2.2-eabi/usr/share/terminfo/M
164406 ?? ERROR: /src/4.2.2-eabi/usr/share/terminfo/N
164406 ?? ERROR: /src/4.2.2-eabi/usr/share/terminfo/P
164406 ?? ERROR: /src/4.2.2-eabi/usr/share/terminfo/Q
164406 ?? ERROR: /src/4.2.2-eabi/usr/share/terminfo/X
164406 ?? ERROR: /src/bash/bash-4.3/INSTALL
164406 ?? ERROR: /src/linux-2.6.32/.tmp_versions/ipt_ECN.mod
164406 ?? ERROR: /src/linux-2.6.32/.tmp_versions/xt_CONNMARK.mod
164406 ?? ERROR: /src/linux-2.6.32/.tmp_versions/xt_HL.mod
164406 ?? ERROR: /src/linux-2.6.32/.tmp_versions/xt_MARK.mod
164406 ?? ERROR: /src/linux-2.6.32/.tmp_versions/xt_RATEEST.mod
164406 ?? ERROR: /src/linux-2.6.32/.tmp_versions/xt_TCPMSS.mod
164406 ?? ERROR: /src/linux-2.6.32/Documentation/IO-mapping.txt
164406 ?? ERROR: /src/linux-2.6.32/include/linux/netfilter/xt_CONNMARK.h
164406 ?? ERROR: /src/linux-2.6.32/include/linux/netfilter/xt_DSCP.h
164406 ?? ERROR: /src/linux-2.6.32/include/linux/netfilter/xt_MARK.h
164406 ?? ERROR: /src/linux-2.6.32/include/linux/netfilter/xt_RATEEST.h
164406 ?? ERROR: /src/linux-2.6.32/include/linux/netfilter/xt_TCPMSS.h
164406 ?? ERROR: /src/linux-2.6.32/include/linux/netfilter_ipv4/ipt_ECN.h
164406 ?? ERROR: /src/linux-2.6.32/include/linux/netfilter_ipv4/ipt_TTL.h
164406 ?? ERROR: /src/linux-2.6.32/include/linux/netfilter_ipv6/ip6t_HL.h
164406 ?? ERROR: /src/linux-2.6.32/net/ipv4/netfilter/.ipt_ECN.ko.cmd
164406 ?? ERROR: /src/linux-2.6.32/net/ipv4/netfilter/.ipt_ECN.mod.o.cmd
164406 ?? ERROR: /src/linux-2.6.32/net/ipv4/netfilter/.ipt_ECN.o.cmd
164406 ?? ERROR: /src/linux-2.6.32/net/ipv4/netfilter/ipt_ECN.c
164406 ?? ERROR: /src/linux-2.6.32/net/ipv4/netfilter/ipt_ECN.ko
164406 ?? ERROR: /src/linux-2.6.32/net/ipv4/netfilter/ipt_ECN.mod.c
164406 ?? ERROR: /src/linux-2.6.32/net/ipv4/netfilter/ipt_ECN.mod.o
164406 ?? ERROR: /src/linux-2.6.32/net/ipv4/netfilter/ipt_ECN.o
164407 ?? ERROR: /src/linux-2.6.32/net/netfilter/.xt_CONNMARK.ko.cmd
164407 ?? ERROR: /src/linux-2.6.32/net/netfilter/.xt_CONNMARK.mod.o.cmd
164407 ?? ERROR: /src/linux-2.6.32/net/netfilter/.xt_CONNMARK.o.cmd
164407 ?? ERROR: /src/linux-2.6.32/net/netfilter/.xt_HL.ko.cmd
164407 ?? ERROR: /src/linux-2.6.32/net/netfilter/.xt_HL.mod.o.cmd
164407 ?? ERROR: /src/linux-2.6.32/net/netfilter/.xt_HL.o.cmd
164407 ?? ERROR: /src/linux-2.6.32/net/netfilter/.xt_MARK.ko.cmd
164407 ?? ERROR: /src/linux-2.6.32/net/netfilter/.xt_MARK.mod.o.cmd
164407 ?? ERROR: /src/linux-2.6.32/net/netfilter/.xt_MARK.o.cmd
164407 ?? ERROR: /src/linux-2.6.32/net/netfilter/.xt_RATEEST.ko.cmd
164407 ?? ERROR: /src/linux-2.6.32/net/netfilter/.xt_RATEEST.mod.o.cmd
164407 ?? ERROR: /src/linux-2.6.32/net/netfilter/.xt_RATEEST.o.cmd
164407 ?? ERROR: /src/linux-2.6.32/net/netfilter/.xt_TCPMSS.ko.cmd
164407 ?? ERROR: /src/linux-2.6.32/net/netfilter/.xt_TCPMSS.mod.o.cmd
164407 ?? ERROR: /src/linux-2.6.32/net/netfilter/.xt_TCPMSS.o.cmd
164407 ?? ERROR: /src/linux-2.6.32/net/netfilter/xt_CONNMARK.c
164407 ?? ERROR: /src/linux-2.6.32/net/netfilter/xt_CONNMARK.ko
164407 ?? ERROR: /src/linux-2.6.32/net/netfilter/xt_CONNMARK.mod.c
164407 ?? ERROR: /src/linux-2.6.32/net/netfilter/xt_CONNMARK.mod.o
164407 ?? ERROR: /src/linux-2.6.32/net/netfilter/xt_CONNMARK.o
164407 ?? ERROR: /src/linux-2.6.32/net/netfilter/xt_DSCP.c
164407 ?? ERROR: /src/linux-2.6.32/net/netfilter/xt_HL.c
164407 ?? ERROR: /src/linux-2.6.32/net/netfilter/xt_HL.ko
164407 ?? ERROR: /src/linux-2.6.32/net/netfilter/xt_HL.mod.c
164407 ?? ERROR: /src/linux-2.6.32/net/netfilter/xt_HL.mod.o
164407 ?? ERROR: /src/linux-2.6.32/net/netfilter/xt_HL.o
164407 ?? ERROR: /src/linux-2.6.32/net/netfilter/xt_MARK.c
164407 ?? ERROR: /src/linux-2.6.32/net/netfilter/xt_MARK.ko
164407 ?? ERROR: /src/linux-2.6.32/net/netfilter/xt_MARK.mod.c
164407 ?? ERROR: /src/linux-2.6.32/net/netfilter/xt_MARK.mod.o
164407 ?? ERROR: /src/linux-2.6.32/net/netfilter/xt_MARK.o
164407 ?? ERROR: /src/linux-2.6.32/net/netfilter/xt_RATEEST.c
164407 ?? ERROR: /src/linux-2.6.32/net/netfilter/xt_RATEEST.ko
164407 ?? ERROR: /src/linux-2.6.32/net/netfilter/xt_RATEEST.mod.c
164407 ?? ERROR: /src/linux-2.6.32/net/netfilter/xt_RATEEST.mod.o
164407 ?? ERROR: /src/linux-2.6.32/net/netfilter/xt_RATEEST.o
164407 ?? ERROR: /src/linux-2.6.32/net/netfilter/xt_TCPMSS.c
164407 ?? ERROR: /src/linux-2.6.32/net/netfilter/xt_TCPMSS.ko
164407 ?? ERROR: /src/linux-2.6.32/net/netfilter/xt_TCPMSS.mod.c
164407 ?? ERROR: /src/linux-2.6.32/net/netfilter/xt_TCPMSS.mod.o
164407 ?? ERROR: /src/linux-2.6.32/net/netfilter/xt_TCPMSS.o
164407 ?? ERROR: /src/linux-2.6.32.bak/.tmp_versions/ipt_ECN.mod
164407 ?? ERROR: /src/linux-2.6.32.bak/.tmp_versions/xt_CONNMARK.mod
164407 ?? ERROR: /src/linux-2.6.32.bak/.tmp_versions/xt_HL.mod
164407 ?? ERROR: /src/linux-2.6.32.bak/.tmp_versions/xt_MARK.mod
164407 ?? ERROR: /src/linux-2.6.32.bak/.tmp_versions/xt_RATEEST.mod
164407 ?? ERROR: /src/linux-2.6.32.bak/.tmp_versions/xt_TCPMSS.mod
164407 ?? ERROR: /src/linux-2.6.32.bak/Documentation/IO-mapping.txt
164407 ?? ERROR: /src/linux-2.6.32.bak/include/linux/netfilter/xt_CONNMARK.h
164407 ?? ERROR: /src/linux-2.6.32.bak/include/linux/netfilter/xt_DSCP.h
164407 ?? ERROR: /src/linux-2.6.32.bak/include/linux/netfilter/xt_MARK.h
164407 ?? ERROR: /src/linux-2.6.32.bak/include/linux/netfilter/xt_RATEEST.h
164407 ?? ERROR: /src/linux-2.6.32.bak/include/linux/netfilter/xt_TCPMSS.h
164407 ?? ERROR: /src/linux-2.6.32.bak/include/linux/netfilter_ipv4/ipt_ECN.h
164407 ?? ERROR: /src/linux-2.6.32.bak/include/linux/netfilter_ipv4/ipt_TTL.h
164407 ?? ERROR: /src/linux-2.6.32.bak/include/linux/netfilter_ipv6/ip6t_HL.h
164407 ?? ERROR: /src/linux-2.6.32.bak/net/ipv4/netfilter/.ipt_ECN.ko.cmd
164407 ?? ERROR: /src/linux-2.6.32.bak/net/ipv4/netfilter/.ipt_ECN.mod.o.cmd
164407 ?? ERROR: /src/linux-2.6.32.bak/net/ipv4/netfilter/.ipt_ECN.o.cmd
164407 ?? ERROR: /src/linux-2.6.32.bak/net/ipv4/netfilter/ipt_ECN.c
164407 ?? ERROR: /src/linux-2.6.32.bak/net/ipv4/netfilter/ipt_ECN.ko
164407 ?? ERROR: /src/linux-2.6.32.bak/net/ipv4/netfilter/ipt_ECN.mod.c
164407 ?? ERROR: /src/linux-2.6.32.bak/net/ipv4/netfilter/ipt_ECN.mod.o
164407 ?? ERROR: /src/linux-2.6.32.bak/net/ipv4/netfilter/ipt_ECN.o
164407 ?? ERROR: /src/linux-2.6.32.bak/net/netfilter/.xt_CONNMARK.ko.cmd
164407 ?? ERROR: /src/linux-2.6.32.bak/net/netfilter/.xt_CONNMARK.mod.o.cmd
164407 ?? ERROR: /src/linux-2.6.32.bak/net/netfilter/.xt_CONNMARK.o.cmd
164407 ?? ERROR: /src/linux-2.6.32.bak/net/netfilter/.xt_HL.ko.cmd
164407 ?? ERROR: /src/linux-2.6.32.bak/net/netfilter/.xt_HL.mod.o.cmd
164407 ?? ERROR: /src/linux-2.6.32.bak/net/netfilter/.xt_HL.o.cmd
164407 ?? ERROR: /src/linux-2.6.32.bak/net/netfilter/.xt_MARK.ko.cmd
164407 ?? ERROR: /src/linux-2.6.32.bak/net/netfilter/.xt_MARK.mod.o.cmd
164407 ?? ERROR: /src/linux-2.6.32.bak/net/netfilter/.xt_MARK.o.cmd
164407 ?? ERROR: /src/linux-2.6.32.bak/net/netfilter/.xt_RATEEST.ko.cmd
164407 ?? ERROR: /src/linux-2.6.32.bak/net/netfilter/.xt_RATEEST.mod.o.cmd
164407 ?? ERROR: /src/linux-2.6.32.bak/net/netfilter/.xt_RATEEST.o.cmd
164407 ?? ERROR: /src/linux-2.6.32.bak/net/netfilter/.xt_TCPMSS.ko.cmd
164407 ?? ERROR: /src/linux-2.6.32.bak/net/netfilter/.xt_TCPMSS.mod.o.cmd
164407 ?? ERROR: /src/linux-2.6.32.bak/net/netfilter/.xt_TCPMSS.o.cmd
164407 ?? ERROR: /src/linux-2.6.32.bak/net/netfilter/xt_CONNMARK.c
164407 ?? ERROR: /src/linux-2.6.32.bak/net/netfilter/xt_CONNMARK.ko
164407 ?? ERROR: /src/linux-2.6.32.bak/net/netfilter/xt_CONNMARK.mod.c
164407 ?? ERROR: /src/linux-2.6.32.bak/net/netfilter/xt_CONNMARK.mod.o
164407 ?? ERROR: /src/linux-2.6.32.bak/net/netfilter/xt_CONNMARK.o
164407 ?? ERROR: /src/linux-2.6.32.bak/net/netfilter/xt_DSCP.c
164407 ?? ERROR: /src/linux-2.6.32.bak/net/netfilter/xt_HL.c
164407 ?? ERROR: /src/linux-2.6.32.bak/net/netfilter/xt_HL.ko
164407 ?? ERROR: /src/linux-2.6.32.bak/net/netfilter/xt_HL.mod.c
164407 ?? ERROR: /src/linux-2.6.32.bak/net/netfilter/xt_HL.mod.o
164407 ?? ERROR: /src/linux-2.6.32.bak/net/netfilter/xt_HL.o
164407 ?? ERROR: /src/linux-2.6.32.bak/net/netfilter/xt_MARK.c
164407 ?? ERROR: /src/linux-2.6.32.bak/net/netfilter/xt_MARK.ko
164407 ?? ERROR: /src/linux-2.6.32.bak/net/netfilter/xt_MARK.mod.c
164407 ?? ERROR: /src/linux-2.6.32.bak/net/netfilter/xt_MARK.mod.o
164407 ?? ERROR: /src/linux-2.6.32.bak/net/netfilter/xt_MARK.o
164407 ?? ERROR: /src/linux-2.6.32.bak/net/netfilter/xt_RATEEST.c
164407 ?? ERROR: /src/linux-2.6.32.bak/net/netfilter/xt_RATEEST.ko
164407 ?? ERROR: /src/linux-2.6.32.bak/net/netfilter/xt_RATEEST.mod.c
164407 ?? ERROR: /src/linux-2.6.32.bak/net/netfilter/xt_RATEEST.mod.o
164407 ?? ERROR: /src/linux-2.6.32.bak/net/netfilter/xt_RATEEST.o
164407 ?? ERROR: /src/linux-2.6.32.bak/net/netfilter/xt_TCPMSS.c
164407 ?? ERROR: /src/linux-2.6.32.bak/net/netfilter/xt_TCPMSS.ko
164407 ?? ERROR: /src/linux-2.6.32.bak/net/netfilter/xt_TCPMSS.mod.c
164407 ?? ERROR: /src/linux-2.6.32.bak/net/netfilter/xt_TCPMSS.mod.o
164407 ?? ERROR: /src/linux-2.6.32.bak/net/netfilter/xt_TCPMSS.o
164407 ?? ERROR: /src/linux-2.6.32_nonenand/.tmp_versions/ipt_ECN.mod
164407 ?? ERROR: /src/linux-2.6.32_nonenand/.tmp_versions/xt_CONNMARK.mod
164407 ?? ERROR: /src/linux-2.6.32_nonenand/.tmp_versions/xt_HL.mod
164407 ?? ERROR: /src/linux-2.6.32_nonenand/.tmp_versions/xt_MARK.mod
164407 ?? ERROR: /src/linux-2.6.32_nonenand/.tmp_versions/xt_RATEEST.mod
164407 ?? ERROR: /src/linux-2.6.32_nonenand/.tmp_versions/xt_TCPMSS.mod
164407 ?? ERROR: /src/linux-2.6.32_nonenand/Documentation/IO-mapping.txt
164407 ?? ERROR: /src/linux-2.6.32_nonenand/include/linux/netfilter/xt_CONNMARK.h
164407 ?? ERROR: /src/linux-2.6.32_nonenand/include/linux/netfilter/xt_DSCP.h
164407 ?? ERROR: /src/linux-2.6.32_nonenand/include/linux/netfilter/xt_MARK.h
164407 ?? ERROR: /src/linux-2.6.32_nonenand/include/linux/netfilter/xt_RATEEST.h
164407 ?? ERROR: /src/linux-2.6.32_nonenand/include/linux/netfilter/xt_TCPMSS.h
164407 ?? ERROR: /src/linux-2.6.32_nonenand/include/linux/netfilter_ipv4/ipt_ECN.h
164407 ?? ERROR: /src/linux-2.6.32_nonenand/include/linux/netfilter_ipv4/ipt_TTL.h
164407 ?? ERROR: /src/linux-2.6.32_nonenand/include/linux/netfilter_ipv6/ip6t_HL.h
164407 ?? ERROR: /src/linux-2.6.32_nonenand/net/ipv4/netfilter/.ipt_ECN.ko.cmd
164407 ?? ERROR: /src/linux-2.6.32_nonenand/net/ipv4/netfilter/.ipt_ECN.mod.o.cmd
164407 ?? ERROR: /src/linux-2.6.32_nonenand/net/ipv4/netfilter/.ipt_ECN.o.cmd
164407 ?? ERROR: /src/linux-2.6.32_nonenand/net/ipv4/netfilter/ipt_ECN.c
164407 ?? ERROR: /src/linux-2.6.32_nonenand/net/ipv4/netfilter/ipt_ECN.ko
164407 ?? ERROR: /src/linux-2.6.32_nonenand/net/ipv4/netfilter/ipt_ECN.mod.c
164407 ?? ERROR: /src/linux-2.6.32_nonenand/net/ipv4/netfilter/ipt_ECN.mod.o
164407 ?? ERROR: /src/linux-2.6.32_nonenand/net/ipv4/netfilter/ipt_ECN.o
164407 ?? ERROR: /src/linux-2.6.32_nonenand/net/netfilter/.xt_CONNMARK.ko.cmd
164407 ?? ERROR: /src/linux-2.6.32_nonenand/net/netfilter/.xt_CONNMARK.mod.o.cmd
164407 ?? ERROR: /src/linux-2.6.32_nonenand/net/netfilter/.xt_CONNMARK.o.cmd
164407 ?? ERROR: /src/linux-2.6.32_nonenand/net/netfilter/.xt_HL.ko.cmd
164407 ?? ERROR: /src/linux-2.6.32_nonenand/net/netfilter/.xt_HL.mod.o.cmd
164407 ?? ERROR: /src/linux-2.6.32_nonenand/net/netfilter/.xt_HL.o.cmd
164407 ?? ERROR: /src/linux-2.6.32_nonenand/net/netfilter/.xt_MARK.ko.cmd
164407 ?? ERROR: /src/linux-2.6.32_nonenand/net/netfilter/.xt_MARK.mod.o.cmd
164407 ?? ERROR: /src/linux-2.6.32_nonenand/net/netfilter/.xt_MARK.o.cmd
164407 ?? ERROR: /src/linux-2.6.32_nonenand/net/netfilter/.xt_RATEEST.ko.cmd
164407 ?? ERROR: /src/linux-2.6.32_nonenand/net/netfilter/.xt_RATEEST.mod.o.cmd
164407 ?? ERROR: /src/linux-2.6.32_nonenand/net/netfilter/.xt_RATEEST.o.cmd
164407 ?? ERROR: /src/linux-2.6.32_nonenand/net/netfilter/.xt_TCPMSS.ko.cmd
164407 ?? ERROR: /src/linux-2.6.32_nonenand/net/netfilter/.xt_TCPMSS.mod.o.cmd
164407 ?? ERROR: /src/linux-2.6.32_nonenand/net/netfilter/.xt_TCPMSS.o.cmd
164407 ?? ERROR: /src/linux-2.6.32_nonenand/net/netfilter/xt_CONNMARK.c
164407 ?? ERROR: /src/linux-2.6.32_nonenand/net/netfilter/xt_CONNMARK.ko
164407 ?? ERROR: /src/linux-2.6.32_nonenand/net/netfilter/xt_CONNMARK.mod.c
164407 ?? ERROR: /src/linux-2.6.32_nonenand/net/netfilter/xt_CONNMARK.mod.o
164407 ?? ERROR: /src/linux-2.6.32_nonenand/net/netfilter/xt_CONNMARK.o
164407 ?? ERROR: /src/linux-2.6.32_nonenand/net/netfilter/xt_DSCP.c
164407 ?? ERROR: /src/linux-2.6.32_nonenand/net/netfilter/xt_HL.c
164407 ?? ERROR: /src/linux-2.6.32_nonenand/net/netfilter/xt_HL.ko
164407 ?? ERROR: /src/linux-2.6.32_nonenand/net/netfilter/xt_HL.mod.c
164407 ?? ERROR: /src/linux-2.6.32_nonenand/net/netfilter/xt_HL.mod.o
164407 ?? ERROR: /src/linux-2.6.32_nonenand/net/netfilter/xt_HL.o
164407 ?? ERROR: /src/linux-2.6.32_nonenand/net/netfilter/xt_MARK.c
164407 ?? ERROR: /src/linux-2.6.32_nonenand/net/netfilter/xt_MARK.ko
164407 ?? ERROR: /src/linux-2.6.32_nonenand/net/netfilter/xt_MARK.mod.c
164407 ?? ERROR: /src/linux-2.6.32_nonenand/net/netfilter/xt_MARK.mod.o
164407 ?? ERROR: /src/linux-2.6.32_nonenand/net/netfilter/xt_MARK.o
164407 ?? ERROR: /src/linux-2.6.32_nonenand/net/netfilter/xt_RATEEST.c
164407 ?? ERROR: /src/linux-2.6.32_nonenand/net/netfilter/xt_RATEEST.ko
164407 ?? ERROR: /src/linux-2.6.32_nonenand/net/netfilter/xt_RATEEST.mod.c
164407 ?? ERROR: /src/linux-2.6.32_nonenand/net/netfilter/xt_RATEEST.mod.o
164407 ?? ERROR: /src/linux-2.6.32_nonenand/net/netfilter/xt_RATEEST.o
164407 ?? ERROR: /src/linux-2.6.32_nonenand/net/netfilter/xt_TCPMSS.c
164407 ?? ERROR: /src/linux-2.6.32_nonenand/net/netfilter/xt_TCPMSS.ko
164407 ?? ERROR: /src/linux-2.6.32_nonenand/net/netfilter/xt_TCPMSS.mod.c
164407 ?? ERROR: /src/linux-2.6.32_nonenand/net/netfilter/xt_TCPMSS.mod.o
164407 ?? ERROR: /src/linux-2.6.32_nonenand/net/netfilter/xt_TCPMSS.o
164407 ?? ERROR: /src/linux-2.6.32_raw/Documentation/IO-mapping.txt
164407 ?? ERROR: /src/linux-2.6.32_raw/include/linux/netfilter/xt_CONNMARK.h
164407 ?? ERROR: /src/linux-2.6.32_raw/include/linux/netfilter/xt_DSCP.h
164407 ?? ERROR: /src/linux-2.6.32_raw/include/linux/netfilter/xt_MARK.h
164407 ?? ERROR: /src/linux-2.6.32_raw/include/linux/netfilter/xt_RATEEST.h
164407 ?? ERROR: /src/linux-2.6.32_raw/include/linux/netfilter/xt_TCPMSS.h
164407 ?? ERROR: /src/linux-2.6.32_raw/include/linux/netfilter_ipv4/ipt_ECN.h
164407 ?? ERROR: /src/linux-2.6.32_raw/include/linux/netfilter_ipv4/ipt_TTL.h
164407 ?? ERROR: /src/linux-2.6.32_raw/include/linux/netfilter_ipv6/ip6t_HL.h
164407 ?? ERROR: /src/linux-2.6.32_raw/net/ipv4/netfilter/ipt_ECN.c
164407 ?? ERROR: /src/linux-2.6.32_raw/net/netfilter/xt_CONNMARK.c
164407 ?? ERROR: /src/linux-2.6.32_raw/net/netfilter/xt_DSCP.c
164407 ?? ERROR: /src/linux-2.6.32_raw/net/netfilter/xt_HL.c
164407 ?? ERROR: /src/linux-2.6.32_raw/net/netfilter/xt_MARK.c
164407 ?? ERROR: /src/linux-2.6.32_raw/net/netfilter/xt_RATEEST.c
164407 ?? ERROR: /src/linux-2.6.32_raw/net/netfilter/xt_TCPMSS.c
164408 ?? ERROR: /src/linux-3.16/include/uapi/linux/netfilter/xt_CONNMARK.h
164408 ?? ERROR: /src/linux-3.16/include/uapi/linux/netfilter/xt_DSCP.h
164408 ?? ERROR: /src/linux-3.16/include/uapi/linux/netfilter/xt_MARK.h
164408 ?? ERROR: /src/linux-3.16/include/uapi/linux/netfilter/xt_RATEEST.h
164408 ?? ERROR: /src/linux-3.16/include/uapi/linux/netfilter/xt_TCPMSS.h
164408 ?? ERROR: /src/linux-3.16/include/uapi/linux/netfilter_ipv4/ipt_ECN.h
164408 ?? ERROR: /src/linux-3.16/include/uapi/linux/netfilter_ipv4/ipt_TTL.h
164408 ?? ERROR: /src/linux-3.16/include/uapi/linux/netfilter_ipv6/ip6t_HL.h
164408 ?? ERROR: /src/linux-3.16/net/netfilter/xt_DSCP.c
164408 ?? ERROR: /src/linux-3.16/net/netfilter/xt_HL.c
164408 ?? ERROR: /src/linux-3.16/net/netfilter/xt_RATEEST.c
164408 ?? ERROR: /src/linux-3.16/net/netfilter/xt_TCPMSS.c
164408 ?? ERROR: /src/linux-3.16/tools/testing/selftests/rcutorture/configs/rcu/v3.12/P7-4-T-NH-SD-SMP-HP
164408 === Change List End ===
164408 Changes: 357, Conflicts: 0, CopyTime: 0, FixState: 1933, Errors: 357, All: 462349
164408 -- Analysis Complete. Time 00:12:30, Speed: 15K files/s

